<html>
<body>
<pre>
<h1>µVision Build Log</h1>
<h2>Tool Versions:</h2>
IDE-Version: ¦ÌVision V5.32.0.0
Copyright (C) 2020 ARM Ltd and ARM Germany GmbH. All rights reserved.
License Information: ChenHai Yi, NCUT, LIC=14HV2-97DG3-45ET5-GN712-NE0B5-W1HTI
 
Tool Versions:
Toolchain:       MDK-ARM Plus  Version: 5.32.0.0
Toolchain Path:  D:\ProgramFiles_Professional\Keil_v5\ARM\ARMCC\Bin
C Compiler:      Armcc.exe V5.06 update 7 (build 960)
Assembler:       Armasm.exe V5.06 update 7 (build 960)
Linker/Locator:  ArmLink.exe V5.06 update 7 (build 960)
Library Manager: ArmAr.exe V5.06 update 7 (build 960)
Hex Converter:   FromElf.exe V5.06 update 7 (build 960)
CPU DLL:         SARMCM3.DLL V5.32.0.0
Dialog DLL:      DCM.DLL V1.17.3.0
Target DLL:      Segger\JL2CM3.dll V2.99.38.0
Dialog DLL:      TCM.DLL V1.46.0.0
 
<h2>Project:</h2>
E:\Workingspace\a_RuanChiBai_Prj\SoftscalePendulumDriveBoard\MDK-ARM\SoftscalePendulumDriveBoard.uvprojx
Project File Date:  02/06/2026

<h2>Output:</h2>
*** Using Compiler 'V5.06 update 7 (build 960)', folder: 'D:\ProgramFiles_Professional\Keil_v5\ARM\ARMCC\Bin'
Build target 'SoftscalePendulumDriveBoard'
Note: source file '..\User\Service\Src\motor_service.c' - object file renamed from 'SoftscalePendulumDriveBoard\motor_service.o' to 'SoftscalePendulumDriveBoard\motor_service_1.o'.
Note: source file '..\User\Service\Src\RingFrameQueue.c' - object file renamed from 'SoftscalePendulumDriveBoard\RingFrameQueue.o' to 'SoftscalePendulumDriveBoard\ringframequeue_1.o'.
Note: source file '..\User\Service\Src\simulink_protocol.c' - object file renamed from 'SoftscalePendulumDriveBoard\simulink_protocol.o' to 'SoftscalePendulumDriveBoard\simulink_protocol_1.o'.
assembling startup_stm32g474xx.s...
compiling usart.c...
linking...
Program Size: Code=33216 RO-data=592 RW-data=92 ZI-data=4164  
FromELF: creating hex file...
"SoftscalePendulumDriveBoard\SoftscalePendulumDriveBoard.axf" - 0 Error(s), 0 Warning(s).

<h2>Software Packages used:</h2>

Package Vendor: ARM
                https://www.keil.com/pack/ARM.CMSIS.6.1.0.pack
                ARM.CMSIS.6.1.0
                CMSIS (Common Microcontroller Software Interface Standard)
   * Component: CORE Version: 6.1.0

Package Vendor: Keil
                https://www.keil.com/pack/Keil.STM32G4xx_DFP.2.0.0.pack
                Keil.STM32G4xx_DFP.2.0.0
                STMicroelectronics STM32G4 Series Device Support

<h2>Collection of Component include folders:</h2>
  .\RTE\_SoftscalePendulumDriveBoard
  D:\ProgramFiles_Professional\Arm\Packs\ARM\CMSIS\6.1.0\CMSIS\Core\Include

<h2>Collection of Component Files used:</h2>

   * Component: ARM::CMSIS:CORE:6.1.0
      Include file:  CMSIS\Core\Include\tz_context.h
Build Time Elapsed:  00:00:03
</pre>
</body>
</html>
