Component: ARM Compiler 5.06 update 7 (build 960) Tool: armlink [4d3601]

==============================================================================

Section Cross References

    startup_stm32g474xx.o(RESET) refers to startup_stm32g474xx.o(STACK) for __initial_sp
    startup_stm32g474xx.o(RESET) refers to startup_stm32g474xx.o(.text) for Reset_Handler
    startup_stm32g474xx.o(RESET) refers to stm32g4xx_it.o(i.NMI_Handler) for NMI_Handler
    startup_stm32g474xx.o(RESET) refers to stm32g4xx_it.o(i.HardFault_Handler) for HardFault_Handler
    startup_stm32g474xx.o(RESET) refers to stm32g4xx_it.o(i.MemManage_Handler) for MemManage_Handler
    startup_stm32g474xx.o(RESET) refers to stm32g4xx_it.o(i.BusFault_Handler) for BusFault_Handler
    startup_stm32g474xx.o(RESET) refers to stm32g4xx_it.o(i.UsageFault_Handler) for UsageFault_Handler
    startup_stm32g474xx.o(RESET) refers to stm32g4xx_it.o(i.SVC_Handler) for SVC_Handler
    startup_stm32g474xx.o(RESET) refers to stm32g4xx_it.o(i.DebugMon_Handler) for DebugMon_Handler
    startup_stm32g474xx.o(RESET) refers to stm32g4xx_it.o(i.PendSV_Handler) for PendSV_Handler
    startup_stm32g474xx.o(RESET) refers to stm32g4xx_it.o(i.SysTick_Handler) for SysTick_Handler
    startup_stm32g474xx.o(RESET) refers to stm32g4xx_it.o(i.DMA1_Channel1_IRQHandler) for DMA1_Channel1_IRQHandler
    startup_stm32g474xx.o(RESET) refers to stm32g4xx_it.o(i.DMA1_Channel2_IRQHandler) for DMA1_Channel2_IRQHandler
    startup_stm32g474xx.o(RESET) refers to stm32g4xx_it.o(i.DMA1_Channel3_IRQHandler) for DMA1_Channel3_IRQHandler
    startup_stm32g474xx.o(RESET) refers to stm32g4xx_it.o(i.DMA1_Channel4_IRQHandler) for DMA1_Channel4_IRQHandler
    startup_stm32g474xx.o(RESET) refers to stm32g4xx_it.o(i.DMA1_Channel5_IRQHandler) for DMA1_Channel5_IRQHandler
    startup_stm32g474xx.o(RESET) refers to stm32g4xx_it.o(i.DMA1_Channel6_IRQHandler) for DMA1_Channel6_IRQHandler
    startup_stm32g474xx.o(RESET) refers to stm32g4xx_it.o(i.DMA1_Channel7_IRQHandler) for DMA1_Channel7_IRQHandler
    startup_stm32g474xx.o(RESET) refers to stm32g4xx_it.o(i.TIM1_UP_TIM16_IRQHandler) for TIM1_UP_TIM16_IRQHandler
    startup_stm32g474xx.o(RESET) refers to stm32g4xx_it.o(i.USART1_IRQHandler) for USART1_IRQHandler
    startup_stm32g474xx.o(RESET) refers to stm32g4xx_it.o(i.USART2_IRQHandler) for USART2_IRQHandler
    startup_stm32g474xx.o(RESET) refers to stm32g4xx_it.o(i.USART3_IRQHandler) for USART3_IRQHandler
    startup_stm32g474xx.o(RESET) refers to stm32g4xx_it.o(i.UART4_IRQHandler) for UART4_IRQHandler
    startup_stm32g474xx.o(RESET) refers to stm32g4xx_it.o(i.UART5_IRQHandler) for UART5_IRQHandler
    startup_stm32g474xx.o(RESET) refers to stm32g4xx_it.o(i.DMA2_Channel1_IRQHandler) for DMA2_Channel1_IRQHandler
    startup_stm32g474xx.o(RESET) refers to stm32g4xx_it.o(i.DMA2_Channel2_IRQHandler) for DMA2_Channel2_IRQHandler
    startup_stm32g474xx.o(RESET) refers to stm32g4xx_it.o(i.DMA2_Channel3_IRQHandler) for DMA2_Channel3_IRQHandler
    startup_stm32g474xx.o(RESET) refers to stm32g4xx_it.o(i.DMA2_Channel4_IRQHandler) for DMA2_Channel4_IRQHandler
    startup_stm32g474xx.o(RESET) refers to stm32g4xx_it.o(i.HRTIM1_Master_IRQHandler) for HRTIM1_Master_IRQHandler
    startup_stm32g474xx.o(RESET) refers to stm32g4xx_it.o(i.HRTIM1_TIMB_IRQHandler) for HRTIM1_TIMB_IRQHandler
    startup_stm32g474xx.o(RESET) refers to stm32g4xx_it.o(i.DMA1_Channel8_IRQHandler) for DMA1_Channel8_IRQHandler
    startup_stm32g474xx.o(.text) refers to system_stm32g4xx.o(i.SystemInit) for SystemInit
    startup_stm32g474xx.o(.text) refers to entry.o(.ARM.Collect$$$$00000000) for __main
    ringframequeue.o(i.RFQ_Pop) refers to memcpya.o(.text) for __aeabi_memcpy
    ringframequeue.o(i.RFQ_Push) refers to ringframequeue.o(i.RFQ_Memcpy) for RFQ_Memcpy
    debug.o(i.fputc) refers to stm32g4xx_hal_uart.o(i.HAL_UART_Transmit) for HAL_UART_Transmit
    debug.o(i.fputc) refers to usart.o(.bss) for huart2
    simulink_protocol.o(i.SimulinkProtocol_AssembleFeedbackFrame) refers to simulink_protocol.o(i.SimulinkProtocol_PackInt16LE) for SimulinkProtocol_PackInt16LE
    simulink_protocol.o(i.SimulinkProtocol_AssembleFeedbackFrame) refers to simulink_protocol.o(i.SimulinkProtocol_PackInt32LE) for SimulinkProtocol_PackInt32LE
    simulink_protocol.o(i.SimulinkProtocol_AssembleFeedbackFrame) refers to simulink_protocol.o(i.SimulinkProtocol_CalcCRC16) for SimulinkProtocol_CalcCRC16
    simulink_protocol.o(i.SimulinkProtocol_PackFeedback) refers to simulink_protocol.o(i.SimulinkProtocol_AssembleFeedbackFrame) for SimulinkProtocol_AssembleFeedbackFrame
    simulink_protocol.o(i.SimulinkProtocol_ParseControlFrame) refers to simulink_protocol.o(i.SimulinkProtocol_UnpackInt16LE) for SimulinkProtocol_UnpackInt16LE
    simulink_protocol.o(i.SimulinkProtocol_ParseControlFrame) refers to simulink_protocol.o(i.SimulinkProtocol_CalcCRC16) for SimulinkProtocol_CalcCRC16
[...]
    UART_RxISR_16BIT                         0x08007051   Thumb Code   256  stm32g4xx_hal_uart.o(i.UART_RxISR_16BIT)
    i.UART_RxISR_16BIT_FIFOEN                0x08007154   Section        0  stm32g4xx_hal_uart.o(i.UART_RxISR_16BIT_FIFOEN)
    UART_RxISR_16BIT_FIFOEN                  0x08007155   Thumb Code   498  stm32g4xx_hal_uart.o(i.UART_RxISR_16BIT_FIFOEN)
    i.UART_RxISR_8BIT                        0x08007354   Section        0  stm32g4xx_hal_uart.o(i.UART_RxISR_8BIT)
    UART_RxISR_8BIT                          0x08007355   Thumb Code   254  stm32g4xx_hal_uart.o(i.UART_RxISR_8BIT)
    i.UART_RxISR_8BIT_FIFOEN                 0x08007458   Section        0  stm32g4xx_hal_uart.o(i.UART_RxISR_8BIT_FIFOEN)
    UART_RxISR_8BIT_FIFOEN                   0x08007459   Thumb Code   496  stm32g4xx_hal_uart.o(i.UART_RxISR_8BIT_FIFOEN)
    i.UART_SetConfig                         0x08007654   Section        0  stm32g4xx_hal_uart.o(i.UART_SetConfig)
    i.UART_Start_Receive_DMA                 0x08007a1c   Section        0  stm32g4xx_hal_uart.o(i.UART_Start_Receive_DMA)
    i.UART_Start_Receive_IT                  0x08007ae4   Section        0  stm32g4xx_hal_uart.o(i.UART_Start_Receive_IT)
    i.UART_WaitOnFlagUntilTimeout            0x08007c40   Section        0  stm32g4xx_hal_uart.o(i.UART_WaitOnFlagUntilTimeout)
    i.USART1_IRQHandler                      0x08007cec   Section        0  stm32g4xx_it.o(i.USART1_IRQHandler)
    i.USART2_IRQHandler                      0x08007cfc   Section        0  stm32g4xx_it.o(i.USART2_IRQHandler)
    i.USART345_EncoderTrigger_Send           0x08007d0c   Section        0  usart.o(i.USART345_EncoderTrigger_Send)
    i.USART3_IRQHandler                      0x08007d4c   Section        0  stm32g4xx_it.o(i.USART3_IRQHandler)
    i.UsageFault_Handler                     0x08007d5c   Section        0  stm32g4xx_it.o(i.UsageFault_Handler)
    i.User_Func_SetPulse                     0x08007d60   Section        0  hrtim.o(i.User_Func_SetPulse)
    i.Working_Task                           0x08007dd0   Section        0  main.o(i.Working_Task)
    i.__0printf                              0x08007dd4   Section        0  printfa.o(i.__0printf)
    i.__NVIC_GetPriorityGrouping             0x08007df4   Section        0  stm32g4xx_hal_cortex.o(i.__NVIC_GetPriorityGrouping)
    __NVIC_GetPriorityGrouping               0x08007df5   Thumb Code    10  stm32g4xx_hal_cortex.o(i.__NVIC_GetPriorityGrouping)
    i.__NVIC_SetPriority                     0x08007e04   Section        0  stm32g4xx_hal_cortex.o(i.__NVIC_SetPriority)
    __NVIC_SetPriority                       0x08007e05   Thumb Code    32  stm32g4xx_hal_cortex.o(i.__NVIC_SetPriority)
    i.__scatterload_copy                     0x08007e2c   Section       14  handlers.o(i.__scatterload_copy)
    i.__scatterload_null                     0x08007e3a   Section        2  handlers.o(i.__scatterload_null)
    i.__scatterload_zeroinit                 0x08007e3c   Section       14  handlers.o(i.__scatterload_zeroinit)
    i._fp_digits                             0x08007e4c   Section        0  printfa.o(i._fp_digits)
    _fp_digits                               0x08007e4d   Thumb Code   366  printfa.o(i._fp_digits)
    i._printf_core                           0x08007fd0   Section        0  printfa.o(i._printf_core)
    _printf_core                             0x08007fd1   Thumb Code  1704  printfa.o(i._printf_core)
    i._printf_post_padding                   0x08008684   Section        0  printfa.o(i._printf_post_padding)
    _printf_post_padding                     0x08008685   Thumb Code    36  printfa.o(i._printf_post_padding)
    i._printf_pre_padding                    0x080086a8   Section        0  printfa.o(i._printf_pre_padding)
    _printf_pre_padding                      0x080086a9   Thumb Code    46  printfa.o(i._printf_pre_padding)
    i.fputc                                  0x080086d8   Section        0  debug.o(i.fputc)
    i.main                                   0x080086f4   Section        0  main.o(i.main)
    i.u32CRC_TEST                            0x080089f8   Section        0  main.o(i.u32CRC_TEST)
    .constdata                               0x08008a38   Section      104  main.o(.constdata)
    .constdata                               0x08008aa0   Section        8  hrtim.o(.constdata)
    .constdata                               0x08008aa8   Section       24  stm32g4xx_hal_uart.o(.constdata)
    .constdata                               0x08008ac0   Section       16  stm32g4xx_hal_uart_ex.o(.constdata)
    numerator                                0x08008ac0   Data           8  stm32g4xx_hal_uart_ex.o(.constdata)
    denominator                              0x08008ac8   Data           8  stm32g4xx_hal_uart_ex.o(.constdata)
    .constdata                               0x08008ad0   Section       24  system_stm32g4xx.o(.constdata)
    .conststring                             0x08008ae8   Section       73  adc.o(.conststring)
    .conststring                             0x08008b34   Section       75  hrtim.o(.conststring)
    .data                                    0x20000000   Section       13  main.o(.data)
    .data                                    0x20000010   Section       16  adc.o(.data)
    HAL_RCC_ADC12_CLK_ENABLED                0x2000001c   Data           4  adc.o(.data)
    .data                                    0x20000020   Section       12  hrtim.o(.data)
    i                                        0x20000024   Data           4  hrtim.o(.data)
    temp1                                    0x20000028   Data           4  hrtim.o(.data)
    .data                                    0x2000002c   Section       19  usart.o(.data)
    u8TimedSendByte                          0x2000003e   Data           1  usart.o(.data)
    .data                                    0x20000040   Section       12  stm32g4xx_hal.o(.data)
    .data                                    0x2000004c   Section       28  stm32g4xx_hal_hrtim.o(.data)
    TimerIdxToTimerId                        0x2000004c   Data          28  stm32g4xx_hal_hrtim.o(.data)
    .data                                    0x20000068   Section        4  system_stm32g4xx.o(.data)
    .data                                    0x2000006c   Section        4  stdout.o(.data)
    .bss                                     0x20000070   Section      408  adc.o(.bss)
    .bss                                     0x20000208   Section       36  crc.o(.bss)
    .bss                                     0x2000022c   Section      252  hrtim.o(.bss)
    .bss                                     0x20000328   Section       76  tim.o(.bss)
    .bss                                     0x20000374   Section     6272  usart.o(.bss)
    STACK                                    0x20001bf8   Section     1024  startup_stm32g474xx.o(STACK)

    Global Symbols

    Symbol Name                              Value     Ov Type        Size  Object(Section)

    BuildAttributes$$THM_ISAv4$E$P$D$K$B$S$7EM$VFPi3$EXTD16$VFPS$VFMA$PE$A:L22UL41UL21$X:L11$S22US41US21$IEEE1$IW$USESV6$~STKCKD$USESV7$~SHL$OTIME$ROPI$EBA8$MICROLIB$REQ8$PRES8$EABIv2 0x00000000   Number         0  anon$$obj.o ABSOLUTE
    __ARM_use_no_argv                        0x00000000   Number         0  main.o ABSOLUTE
    _printf_a                                0x00000000   Number         0  stubs.o ABSOLUTE
    _printf_c                                0x00000000   Number         0  stubs.o ABSOLUTE
    _printf_charcount                        0x00000000   Number         0  stubs.o ABSOLUTE
    _printf_d                                0x00000000   Number         0  stubs.o ABSOLUTE
    _printf_e                                0x00000000   Number         0  stubs.o ABSOLUTE
    _printf_f                                0x00000000   Number         0  stubs.o ABSOLUTE
    _printf_flags                            0x00000000   Number         0  stubs.o ABSOLUTE
    _printf_fp_dec                           0x00000000   Number         0  stubs.o ABSOLUTE
    _printf_fp_hex                           0x00000000   Number         0  stubs.o ABSOLUTE
    _printf_g                                0x00000000   Number         0  stubs.o ABSOLUTE
    _printf_i                                0x00000000   Number         0  stubs.o ABSOLUTE
    _printf_int_dec                          0x00000000   Number         0  stubs.o ABSOLUTE
    _printf_l                                0x00000000   Number         0  stubs.o ABSOLUTE
    _printf_lc                               0x00000000   Number         0  stubs.o ABSOLUTE
    _printf_ll                               0x00000000   Number         0  stubs.o ABSOLUTE
    _printf_lld                              0x00000000   Number         0  stubs.o ABSOLUTE
    _printf_lli                              0x00000000   Number         0  stubs.o ABSOLUTE
    _printf_llo                              0x00000000   Number         0  stubs.o ABSOLUTE
    _printf_llu                              0x00000000   Number         0  stubs.o ABSOLUTE
    _printf_llx                              0x00000000   Number         0  stubs.o ABSOLUTE
    _printf_longlong_dec                     0x00000000   Number         0  stubs.o ABSOLUTE
    _printf_longlong_hex                     0x00000000   Number         0  stubs.o ABSOLUTE
    _printf_longlong_oct                     0x00000000   Number         0  stubs.o ABSOLUTE
    _printf_ls                               0x00000000   Number         0  stubs.o ABSOLUTE
    _printf_mbtowc                           0x00000000   Number         0  stubs.o ABSOLUTE
    _printf_n                                0x00000000   Number         0  stubs.o ABSOLUTE
    _printf_o                                0x00000000   Number         0  stubs.o ABSOLUTE
    _printf_p                                0x00000000   Number         0  stubs.o ABSOLUTE
    _printf_percent                          0x00000000   Number         0  stubs.o ABSOLUTE
    _printf_pre_padding                      0x00000000   Number         0  stubs.o ABSOLUTE
    _printf_return_value                     0x00000000   Number         0  stubs.o ABSOLUTE
    _printf_s                                0x00000000   Number         0  stubs.o ABSOLUTE
    _printf_sizespec                         0x00000000   Number         0  stubs.o ABSOLUTE
    _printf_str                              0x00000000   Number         0  stubs.o ABSOLUTE
    _printf_truncate_signed                  0x00000000   Number         0  stubs.o ABSOLUTE
    _printf_truncate_unsigned                0x00000000   Number         0  stubs.o ABSOLUTE
    _printf_u                                0x00000000   Number         0  stubs.o ABSOLUTE
    _printf_wc                               0x00000000   Number         0  stubs.o ABSOLUTE
    _printf_wctomb                           0x00000000   Number         0  stubs.o ABSOLUTE
    _printf_widthprec                        0x00000000   Number         0  stubs.o ABSOLUTE
    _printf_x                                0x00000000   Number         0  stubs.o ABSOLUTE
    __arm_fini_                               - Undefined Weak Reference
    __cpp_initialize__aeabi_                  - Undefined Weak Reference
    __cxa_finalize                            - Undefined Weak Reference
    __decompress                              - Undefined Weak Reference
    _clock_init                               - Undefined Weak Reference
    _microlib_exit                            - Undefined Weak Reference
    __Vectors_Size                           0x000001d8   Number         0  startup_stm32g474xx.o ABSOLUTE
    __Vectors                                0x08000000   Data           4  startup_stm32g474xx.o(RESET)
    __Vectors_End                            0x080001d8   Data           0  startup_stm32g474xx.o(RESET)
    __main                                   0x080001d9   Thumb Code     0  entry.o(.ARM.Collect$$$$00000000)
    _main_stk                                0x080001d9   Thumb Code     0  entry2.o(.ARM.Collect$$$$00000001)
    _main_scatterload                        0x080001dd   Thumb Code     0  entry5.o(.ARM.Collect$$$$00000004)
    __main_after_scatterload                 0x080001e1   Thumb Code     0  entry5.o(.ARM.Collect$$$$00000004)
    _main_clock                              0x080001e1   Thumb Code     0  entry7b.o(.ARM.Collect$$$$00000008)
    _main_cpp_init                           0x080001e1   Thumb Code     0  entry8b.o(.ARM.Collect$$$$0000000A)
    _main_init                               0x080001e1   Thumb Code     0  entry9a.o(.ARM.Collect$$$$0000000B)
    __rt_lib_shutdown_fini                   0x080001e9   Thumb Code     0  entry12b.o(.ARM.Collect$$$$0000000E)
    __rt_final_cpp                           0x080001ed   Thumb Code     0  entry10a.o(.ARM.Collect$$$$0000000F)
    __rt_final_exit                          0x080001ed   Thumb Code     0  entry11a.o(.ARM.Collect$$$$00000011)
    Reset_Handler                            0x080001f1   Thumb Code     8  startup_stm32g474xx.o(.text)
    ADC1_2_IRQHandler                        0x0800020b   Thumb Code     0  startup_stm32g474xx.o(.text)
    ADC3_IRQHandler                          0x0800020b   Thumb Code     0  startup_stm32g474xx.o(.text)
    ADC4_IRQHandler                          0x0800020b   Thumb Code     0  startup_stm32g474xx.o(.text)
    ADC5_IRQHandler                          0x0800020b   Thumb Code     0  startup_stm32g474xx.o(.text)
    COMP1_2_3_IRQHandler                     0x0800020b   Thumb Code     0  startup_stm32g474xx.o(.text)
    COMP4_5_6_IRQHandler                     0x0800020b   Thumb Code     0  startup_stm32g474xx.o(.text)
    COMP7_IRQHandler                         0x0800020b   Thumb Code     0  startup_stm32g474xx.o(.text)
    CORDIC_IRQHandler                        0x0800020b   Thumb Code     0  startup_stm32g474xx.o(.text)
    CRS_IRQHandler                           0x0800020b   Thumb Code     0  startup_stm32g474xx.o(.text)
    DMA2_Channel5_IRQHandler                 0x0800020b   Thumb Code     0  startup_stm32g474xx.o(.text)
    DMA2_Channel6_IRQHandler                 0x0800020b   Thumb Code     0  startup_stm32g474xx.o(.text)
    DMA2_Channel7_IRQHandler                 0x0800020b   Thumb Code     0  startup_stm32g474xx.o(.text)
    DMA2_Channel8_IRQHandler                 0x0800020b   Thumb Code     0  startup_stm32g474xx.o(.text)
    DMAMUX_OVR_IRQHandler                    0x0800020b   Thumb Code     0  startup_stm32g474xx.o(.text)
    EXTI0_IRQHandler                         0x0800020b   Thumb Code     0  startup_stm32g474xx.o(.text)
    EXTI15_10_IRQHandler                     0x0800020b   Thumb Code     0  startup_stm32g474xx.o(.text)
    EXTI1_IRQHandler                         0x0800020b   Thumb Code     0  startup_stm32g474xx.o(.text)
    EXTI2_IRQHandler                         0x0800020b   Thumb Code     0  startup_stm32g474xx.o(.text)
    EXTI3_IRQHandler                         0x0800020b   Thumb Code     0  startup_stm32g474xx.o(.text)
    EXTI4_IRQHandler                         0x0800020b   Thumb Code     0  startup_stm32g474xx.o(.text)
    EXTI9_5_IRQHandler                       0x0800020b   Thumb Code     0  startup_stm32g474xx.o(.text)
    FDCAN1_IT0_IRQHandler                    0x0800020b   Thumb Code     0  startup_stm32g474xx.o(.text)
    FDCAN1_IT1_IRQHandler                    0x0800020b   Thumb Code     0  startup_stm32g474xx.o(.text)
    FDCAN2_IT0_IRQHandler                    0x0800020b   Thumb Code     0  startup_stm32g474xx.o(.text)
    FDCAN2_IT1_IRQHandler                    0x0800020b   Thumb Code     0  startup_stm32g474xx.o(.text)
    FDCAN3_IT0_IRQHandler                    0x0800020b   Thumb Code     0  startup_stm32g474xx.o(.text)
    FDCAN3_IT1_IRQHandler                    0x0800020b   Thumb Code     0  startup_stm32g474xx.o(.text)
    FLASH_IRQHandler                         0x0800020b   Thumb Code     0  startup_stm32g474xx.o(.text)
    FMAC_IRQHandler                          0x0800020b   Thumb Code     0  startup_stm32g474xx.o(.text)
    FMC_IRQHandler                           0x0800020b   Thumb Code     0  startup_stm32g474xx.o(.text)
    FPU_IRQHandler                           0x0800020b   Thumb Code     0  startup_stm32g474xx.o(.text)
    HRTIM1_FLT_IRQHandler                    0x0800020b   Thumb Code     0  startup_stm32g474xx.o(.text)
    HRTIM1_TIMA_IRQHandler                   0x0800020b   Thumb Code     0  startup_stm32g474xx.o(.text)
    HRTIM1_TIMC_IRQHandler                   0x0800020b   Thumb Code     0  startup_stm32g474xx.o(.text)
    HRTIM1_TIMD_IRQHandler                   0x0800020b   Thumb Code     0  startup_stm32g474xx.o(.text)
    HRTIM1_TIME_IRQHandler                   0x0800020b   Thumb Code     0  startup_stm32g474xx.o(.text)
    HRTIM1_TIMF_IRQHandler                   0x0800020b   Thumb Code     0  startup_stm32g474xx.o(.text)
    I2C1_ER_IRQHandler                       0x0800020b   Thumb Code     0  startup_stm32g474xx.o(.text)
    I2C1_EV_IRQHandler                       0x0800020b   Thumb Code     0  startup_stm32g474xx.o(.text)
    I2C2_ER_IRQHandler                       0x0800020b   Thumb Code     0  startup_stm32g474xx.o(.text)
    I2C2_EV_IRQHandler                       0x0800020b   Thumb Code     0  startup_stm32g474xx.o(.text)
    I2C3_ER_IRQHandler                       0x0800020b   Thumb Code     0  startup_stm32g474xx.o(.text)
    I2C3_EV_IRQHandler                       0x0800020b   Thumb Code     0  startup_stm32g474xx.o(.text)
    I2C4_ER_IRQHandler                       0x0800020b   Thumb Code     0  startup_stm32g474xx.o(.text)
    I2C4_EV_IRQHandler                       0x0800020b   Thumb Code     0  startup_stm32g474xx.o(.text)
    LPTIM1_IRQHandler                        0x0800020b   Thumb Code     0  startup_stm32g474xx.o(.text)
    LPUART1_IRQHandler                       0x0800020b   Thumb Code     0  startup_stm32g474xx.o(.text)
    PVD_PVM_IRQHandler                       0x0800020b   Thumb Code     0  startup_stm32g474xx.o(.text)
    QUADSPI_IRQHandler                       0x0800020b   Thumb Code     0  startup_stm32g474xx.o(.text)
    RCC_IRQHandler                           0x0800020b   Thumb Code     0  startup_stm32g474xx.o(.text)
    RNG_IRQHandler                           0x0800020b   Thumb Code     0  startup_stm32g474xx.o(.text)
    RTC_Alarm_IRQHandler                     0x0800020b   Thumb Code     0  startup_stm32g474xx.o(.text)
    RTC_TAMP_LSECSS_IRQHandler               0x0800020b   Thumb Code     0  startup_stm32g474xx.o(.text)
    RTC_WKUP_IRQHandler                      0x0800020b   Thumb Code     0  startup_stm32g474xx.o(.text)
    SAI1_IRQHandler                          0x0800020b   Thumb Code     0  startup_stm32g474xx.o(.text)
    SPI1_IRQHandler                          0x0800020b   Thumb Code     0  startup_stm32g474xx.o(.text)
    SPI2_IRQHandler                          0x0800020b   Thumb Code     0  startup_stm32g474xx.o(.text)
    SPI3_IRQHandler                          0x0800020b   Thumb Code     0  startup_stm32g474xx.o(.text)
    SPI4_IRQHandler                          0x0800020b   Thumb Code     0  startup_stm32g474xx.o(.text)
    TIM1_BRK_TIM15_IRQHandler                0x0800020b   Thumb Code     0  startup_stm32g474xx.o(.text)
    TIM1_CC_IRQHandler                       0x0800020b   Thumb Code     0  startup_stm32g474xx.o(.text)
    TIM1_TRG_COM_TIM17_IRQHandler            0x0800020b   Thumb Code     0  startup_stm32g474xx.o(.text)
    TIM20_BRK_IRQHandler                     0x0800020b   Thumb Code     0  startup_stm32g474xx.o(.text)
    TIM20_CC_IRQHandler                      0x0800020b   Thumb Code     0  startup_stm32g474xx.o(.text)
    TIM20_TRG_COM_IRQHandler                 0x0800020b   Thumb Code     0  startup_stm32g474xx.o(.text)
    TIM20_UP_IRQHandler                      0x0800020b   Thumb Code     0  startup_stm32g474xx.o(.text)
    TIM2_IRQHandler                          0x0800020b   Thumb Code     0  startup_stm32g474xx.o(.text)
    TIM3_IRQHandler                          0x0800020b   Thumb Code     0  startup_stm32g474xx.o(.text)
    TIM4_IRQHandler                          0x0800020b   Thumb Code     0  startup_stm32g474xx.o(.text)
    TIM5_IRQHandler                          0x0800020b   Thumb Code     0  startup_stm32g474xx.o(.text)
    TIM6_DAC_IRQHandler                      0x0800020b   Thumb Code     0  startup_stm32g474xx.o(.text)
    TIM7_DAC_IRQHandler                      0x0800020b   Thumb Code     0  startup_stm32g474xx.o(.text)
    TIM8_BRK_IRQHandler                      0x0800020b   Thumb Code     0  startup_stm32g474xx.o(.text)
    TIM8_CC_IRQHandler                       0x0800020b   Thumb Code     0  startup_stm32g474xx.o(.text)
    TIM8_TRG_COM_IRQHandler                  0x0800020b   Thumb Code     0  startup_stm32g474xx.o(.text)
    TIM8_UP_IRQHandler                       0x0800020b   Thumb Code     0  startup_stm32g474xx.o(.text)
    UCPD1_IRQHandler                         0x0800020b   Thumb Code     0  startup_stm32g474xx.o(.text)
    USBWakeUp_IRQHandler                     0x0800020b   Thumb Code     0  startup_stm32g474xx.o(.text)
    USB_HP_IRQHandler                        0x0800020b   Thumb Code     0  startup_stm32g474xx.o(.text)
    USB_LP_IRQHandler                        0x0800020b   Thumb Code     0  startup_stm32g474xx.o(.text)
    WWDG_IRQHandler                          0x0800020b   Thumb Code     0  startup_stm32g474xx.o(.text)
    __aeabi_uldivmod                         0x08000215   Thumb Code    98  uldiv.o(.text)
    __aeabi_memcpy                           0x08000277   Thumb Code    36  memcpya.o(.text)
    __aeabi_memcpy4                          0x08000277   Thumb Code     0  memcpya.o(.text)
    __aeabi_memcpy8                          0x08000277   Thumb Code     0  memcpya.o(.text)
    __aeabi_memset                           0x0800029b   Thumb Code    14  memseta.o(.text)
    __aeabi_memset4                          0x0800029b   Thumb Code     0  memseta.o(.text)
    __aeabi_memset8                          0x0800029b   Thumb Code     0  memseta.o(.text)
    __aeabi_memclr                           0x080002a9   Thumb Code     4  memseta.o(.text)
    __aeabi_memclr4                          0x080002a9   Thumb Code     0  memseta.o(.text)
    __aeabi_memclr8                          0x080002a9   Thumb Code     0  memseta.o(.text)
    _memset$wrapper                          0x080002ad   Thumb Code    18  memseta.o(.text)
    __aeabi_dadd                             0x080002bf   Thumb Code   322  dadd.o(.text)
    __aeabi_dsub                             0x08000401   Thumb Code     6  dadd.o(.text)
    __aeabi_drsub                            0x08000407   Thumb Code     6  dadd.o(.text)
    __aeabi_ddiv                             0x0800040d   Thumb Code   222  ddiv.o(.text)
    __aeabi_ui2d                             0x080004eb   Thumb Code    26  dfltui.o(.text)
    __aeabi_f2d                              0x08000505   Thumb Code    38  f2d.o(.text)
    __aeabi_d2f                              0x0800052b   Thumb Code    56  d2f.o(.text)
    __aeabi_uidiv                            0x08000563   Thumb Code     0  uidiv.o(.text)
    __aeabi_uidivmod                         0x08000563   Thumb Code    44  uidiv.o(.text)
    __aeabi_llsl                             0x0800058f   Thumb Code    30  llshl.o(.text)
    _ll_shift_l                              0x0800058f   Thumb Code     0  llshl.o(.text)
    __aeabi_llsr                             0x080005ad   Thumb Code    32  llushr.o(.text)
    _ll_ushift_r                             0x080005ad   Thumb Code     0  llushr.o(.text)
    __aeabi_lasr                             0x080005cd   Thumb Code    36  llsshr.o(.text)
    _ll_sshift_r                             0x080005cd   Thumb Code     0  llsshr.o(.text)
    __I$use$fp                               0x080005f1   Thumb Code     0  iusefp.o(.text)
    _float_round                             0x080005f1   Thumb Code    18  fepilogue.o(.text)
    _float_epilogue                          0x08000603   Thumb Code    92  fepilogue.o(.text)
    _double_round                            0x0800065f   Thumb Code    30  depilogue.o(.text)
    _double_epilogue                         0x0800067d   Thumb Code   156  depilogue.o(.text)
    __aeabi_dmul                             0x08000719   Thumb Code   228  dmul.o(.text)
    __aeabi_d2ulz                            0x080007fd   Thumb Code    48  dfixul.o(.text)
    __aeabi_cdrcmple                         0x0800082d   Thumb Code    48  cdrcmple.o(.text)
    __scatterload                            0x0800085d   Thumb Code    28  init.o(.text)
    __scatterload_rt2                        0x0800085d   Thumb Code     0  init.o(.text)
    ADC_DMAConvCplt                          0x08000881   Thumb Code   146  stm32g4xx_hal_adc.o(i.ADC_DMAConvCplt)
    ADC_DMAError                             0x08000913   Thumb Code    30  stm32g4xx_hal_adc.o(i.ADC_DMAError)
    ADC_DMAHalfConvCplt                      0x08000931   Thumb Code    14  stm32g4xx_hal_adc.o(i.ADC_DMAHalfConvCplt)
    ADC_Enable                               0x08000941   Thumb Code   200  stm32g4xx_hal_adc.o(i.ADC_Enable)
    ADC_Read_MotorVol                        0x08000a21   Thumb Code   100  adc.o(i.ADC_Read_MotorVol)
    ADC_TEST                                 0x08000a99   Thumb Code   458  adc.o(i.ADC_TEST)
    BusFault_Handler                         0x08000d09   Thumb Code     4  stm32g4xx_it.o(i.BusFault_Handler)
    DMA1_Channel1_IRQHandler                 0x08000ddd   Thumb Code    10  stm32g4xx_it.o(i.DMA1_Channel1_IRQHandler)
    DMA1_Channel2_IRQHandler                 0x08000ded   Thumb Code    10  stm32g4xx_it.o(i.DMA1_Channel2_IRQHandler)
    DMA1_Channel3_IRQHandler                 0x08000dfd   Thumb Code    10  stm32g4xx_it.o(i.DMA1_Channel3_IRQHandler)
    DMA1_Channel4_IRQHandler                 0x08000e0d   Thumb Code    10  stm32g4xx_it.o(i.DMA1_Channel4_IRQHandler)
    DMA1_Channel5_IRQHandler                 0x08000e1d   Thumb Code    10  stm32g4xx_it.o(i.DMA1_Channel5_IRQHandler)
    DMA1_Channel6_IRQHandler                 0x08000e2d   Thumb Code    10  stm32g4xx_it.o(i.DMA1_Channel6_IRQHandler)
    DMA1_Channel7_IRQHandler                 0x08000e3d   Thumb Code    10  stm32g4xx_it.o(i.DMA1_Channel7_IRQHandler)
    DMA1_Channel8_IRQHandler                 0x08000e4d   Thumb Code    10  stm32g4xx_it.o(i.DMA1_Channel8_IRQHandler)
    DMA2_Channel1_IRQHandler                 0x08000e5d   Thumb Code    10  stm32g4xx_it.o(i.DMA2_Channel1_IRQHandler)
    DMA2_Channel2_IRQHandler                 0x08000e6d   Thumb Code    10  stm32g4xx_it.o(i.DMA2_Channel2_IRQHandler)
    DMA2_Channel3_IRQHandler                 0x08000e7d   Thumb Code    10  stm32g4xx_it.o(i.DMA2_Channel3_IRQHandler)
    DMA2_Channel4_IRQHandler                 0x08000e8d   Thumb Code    10  stm32g4xx_it.o(i.DMA2_Channel4_IRQHandler)
    DebugMon_Handler                         0x08000f45   Thumb Code     2  stm32g4xx_it.o(i.DebugMon_Handler)
    Error_Handler                            0x08000f47   Thumb Code     6  main.o(i.Error_Handler)
    HAL_ADCEx_MultiModeConfigChannel         0x08000f4d   Thumb Code   414  stm32g4xx_hal_adc_ex.o(i.HAL_ADCEx_MultiModeConfigChannel)
    HAL_ADC_ConfigChannel                    0x08001105   Thumb Code  1348  stm32g4xx_hal_adc.o(i.HAL_ADC_ConfigChannel)
    HAL_ADC_ConvCpltCallback                 0x08001679   Thumb Code     2  stm32g4xx_hal_adc.o(i.HAL_ADC_ConvCpltCallback)
    HAL_ADC_ConvHalfCpltCallback             0x0800167b   Thumb Code     2  stm32g4xx_hal_adc.o(i.HAL_ADC_ConvHalfCpltCallback)
    HAL_ADC_ErrorCallback                    0x0800167d   Thumb Code     2  stm32g4xx_hal_adc.o(i.HAL_ADC_ErrorCallback)
    HAL_ADC_Init                             0x08001681   Thumb Code   652  stm32g4xx_hal_adc.o(i.HAL_ADC_Init)
    HAL_ADC_MspInit                          0x08001939   Thumb Code   394  adc.o(i.HAL_ADC_MspInit)
    HAL_ADC_Start_DMA                        0x08001add   Thumb Code   306  stm32g4xx_hal_adc.o(i.HAL_ADC_Start_DMA)
    HAL_CRCEx_Polynomial_Set                 0x08001c35   Thumb Code   112  stm32g4xx_hal_crc_ex.o(i.HAL_CRCEx_Polynomial_Set)
    HAL_CRC_Accumulate                       0x08001ca5   Thumb Code   100  stm32g4xx_hal_crc.o(i.HAL_CRC_Accumulate)
    HAL_CRC_Init                             0x08001d09   Thumb Code   128  stm32g4xx_hal_crc.o(i.HAL_CRC_Init)
    HAL_CRC_MspInit                          0x08001d8d   Thumb Code    40  crc.o(i.HAL_CRC_MspInit)
    HAL_DMA_Abort                            0x08001dbd   Thumb Code   118  stm32g4xx_hal_dma.o(i.HAL_DMA_Abort)
    HAL_DMA_Abort_IT                         0x08001e33   Thumb Code   148  stm32g4xx_hal_dma.o(i.HAL_DMA_Abort_IT)
    HAL_DMA_IRQHandler                       0x08001ec7   Thumb Code   254  stm32g4xx_hal_dma.o(i.HAL_DMA_IRQHandler)
    HAL_DMA_Init                             0x08001fc5   Thumb Code   200  stm32g4xx_hal_dma.o(i.HAL_DMA_Init)
    HAL_DMA_Start_IT                         0x08002095   Thumb Code   194  stm32g4xx_hal_dma.o(i.HAL_DMA_Start_IT)
    HAL_Delay                                0x08002159   Thumb Code    36  stm32g4xx_hal.o(i.HAL_Delay)
    HAL_GPIO_Init                            0x08002181   Thumb Code   428  stm32g4xx_hal_gpio.o(i.HAL_GPIO_Init)
    HAL_GPIO_WritePin                        0x0800234d   Thumb Code    10  stm32g4xx_hal_gpio.o(i.HAL_GPIO_WritePin)
    HAL_GetTick                              0x08002359   Thumb Code     6  stm32g4xx_hal.o(i.HAL_GetTick)
    HAL_HRTIM_ADCPostScalerConfig            0x08002365   Thumb Code   328  stm32g4xx_hal_hrtim.o(i.HAL_HRTIM_ADCPostScalerConfig)
    HAL_HRTIM_ADCTriggerConfig               0x080024ad   Thumb Code   622  stm32g4xx_hal_hrtim.o(i.HAL_HRTIM_ADCTriggerConfig)
    HAL_HRTIM_BurstModePeriodCallback        0x0800271b   Thumb Code     2  stm32g4xx_hal_hrtim.o(i.HAL_HRTIM_BurstModePeriodCallback)
    HAL_HRTIM_Capture1EventCallback          0x0800271d   Thumb Code     2  stm32g4xx_hal_hrtim.o(i.HAL_HRTIM_Capture1EventCallback)
    HAL_HRTIM_Capture2EventCallback          0x0800271f   Thumb Code     2  stm32g4xx_hal_hrtim.o(i.HAL_HRTIM_Capture2EventCallback)
    HAL_HRTIM_Compare1EventCallback          0x08002721   Thumb Code   174  hrtim.o(i.HAL_HRTIM_Compare1EventCallback)
    HAL_HRTIM_Compare2EventCallback          0x08002841   Thumb Code     2  stm32g4xx_hal_hrtim.o(i.HAL_HRTIM_Compare2EventCallback)
    HAL_HRTIM_Compare3EventCallback          0x08002843   Thumb Code     2  stm32g4xx_hal_hrtim.o(i.HAL_HRTIM_Compare3EventCallback)
    HAL_HRTIM_Compare4EventCallback          0x08002845   Thumb Code     2  stm32g4xx_hal_hrtim.o(i.HAL_HRTIM_Compare4EventCallback)
    HAL_HRTIM_CounterResetCallback           0x08002847   Thumb Code     2  stm32g4xx_hal_hrtim.o(i.HAL_HRTIM_CounterResetCallback)
    HAL_HRTIM_DLLCalibrationReadyCallback    0x08002849   Thumb Code     2  stm32g4xx_hal_hrtim.o(i.HAL_HRTIM_DLLCalibrationReadyCallback)
    HAL_HRTIM_DLLCalibrationStart            0x0800284b   Thumb Code   128  stm32g4xx_hal_hrtim.o(i.HAL_HRTIM_DLLCalibrationStart)
    HAL_HRTIM_DelayedProtectionCallback      0x080028cb   Thumb Code     2  stm32g4xx_hal_hrtim.o(i.HAL_HRTIM_DelayedProtectionCallback)
    HAL_HRTIM_Fault1Callback                 0x080028cd   Thumb Code     2  stm32g4xx_hal_hrtim.o(i.HAL_HRTIM_Fault1Callback)
    HAL_HRTIM_Fault2Callback                 0x080028cf   Thumb Code     2  stm32g4xx_hal_hrtim.o(i.HAL_HRTIM_Fault2Callback)
    HAL_HRTIM_Fault3Callback                 0x080028d1   Thumb Code     2  stm32g4xx_hal_hrtim.o(i.HAL_HRTIM_Fault3Callback)
    HAL_HRTIM_Fault4Callback                 0x080028d3   Thumb Code     2  stm32g4xx_hal_hrtim.o(i.HAL_HRTIM_Fault4Callback)
    HAL_HRTIM_Fault5Callback                 0x080028d5   Thumb Code     2  stm32g4xx_hal_hrtim.o(i.HAL_HRTIM_Fault5Callback)
    HAL_HRTIM_Fault6Callback                 0x080028d7   Thumb Code     2  stm32g4xx_hal_hrtim.o(i.HAL_HRTIM_Fault6Callback)
    HAL_HRTIM_IRQHandler                     0x080028d9   Thumb Code    40  stm32g4xx_hal_hrtim.o(i.HAL_HRTIM_IRQHandler)
    HAL_HRTIM_Init                           0x08002901   Thumb Code   258  stm32g4xx_hal_hrtim.o(i.HAL_HRTIM_Init)
    HAL_HRTIM_MspInit                        0x08002a0d   Thumb Code    74  hrtim.o(i.HAL_HRTIM_MspInit)
    HAL_HRTIM_MspPostInit                    0x08002a61   Thumb Code    84  hrtim.o(i.HAL_HRTIM_MspPostInit)
    HAL_HRTIM_Output1ResetCallback           0x08002abd   Thumb Code     2  stm32g4xx_hal_hrtim.o(i.HAL_HRTIM_Output1ResetCallback)
    HAL_HRTIM_Output1SetCallback             0x08002abf   Thumb Code     2  stm32g4xx_hal_hrtim.o(i.HAL_HRTIM_Output1SetCallback)
    HAL_HRTIM_Output2ResetCallback           0x08002ac1   Thumb Code     2  stm32g4xx_hal_hrtim.o(i.HAL_HRTIM_Output2ResetCallback)
    HAL_HRTIM_Output2SetCallback             0x08002ac3   Thumb Code     2  stm32g4xx_hal_hrtim.o(i.HAL_HRTIM_Output2SetCallback)
    HAL_HRTIM_PollForDLLCalibration          0x08002ac5   Thumb Code    74  stm32g4xx_hal_hrtim.o(i.HAL_HRTIM_PollForDLLCalibration)
    HAL_HRTIM_RegistersUpdateCallback        0x08002b0f   Thumb Code     2  stm32g4xx_hal_hrtim.o(i.HAL_HRTIM_RegistersUpdateCallback)
    HAL_HRTIM_RepetitionEventCallback        0x08002b11   Thumb Code     2  stm32g4xx_hal_hrtim.o(i.HAL_HRTIM_RepetitionEventCallback)
    HAL_HRTIM_SynchronizationEventCallback   0x08002b13   Thumb Code     2  stm32g4xx_hal_hrtim.o(i.HAL_HRTIM_SynchronizationEventCallback)
    HAL_HRTIM_SystemFaultCallback            0x08002b15   Thumb Code     2  stm32g4xx_hal_hrtim.o(i.HAL_HRTIM_SystemFaultCallback)
    HAL_HRTIM_TimeBaseConfig                 0x08002b17   Thumb Code    58  stm32g4xx_hal_hrtim.o(i.HAL_HRTIM_TimeBaseConfig)
    HAL_HRTIM_WaveformCompareConfig          0x08002b51   Thumb Code   504  stm32g4xx_hal_hrtim.o(i.HAL_HRTIM_WaveformCompareConfig)
    HAL_HRTIM_WaveformCountStart             0x08002d49   Thumb Code    60  stm32g4xx_hal_hrtim.o(i.HAL_HRTIM_WaveformCountStart)
    HAL_HRTIM_WaveformCountStart_IT          0x08002d85   Thumb Code   158  stm32g4xx_hal_hrtim.o(i.HAL_HRTIM_WaveformCountStart_IT)
    HAL_HRTIM_WaveformOutputConfig           0x08002e29   Thumb Code    84  stm32g4xx_hal_hrtim.o(i.HAL_HRTIM_WaveformOutputConfig)
    HAL_HRTIM_WaveformOutputStart            0x08002e7d   Thumb Code    64  stm32g4xx_hal_hrtim.o(i.HAL_HRTIM_WaveformOutputStart)
    HAL_HRTIM_WaveformTimerConfig            0x08002ebd   Thumb Code   216  stm32g4xx_hal_hrtim.o(i.HAL_HRTIM_WaveformTimerConfig)
    HAL_HRTIM_WaveformTimerControl           0x08002f95   Thumb Code    84  stm32g4xx_hal_hrtim.o(i.HAL_HRTIM_WaveformTimerControl)
    HAL_IncTick                              0x08002fe9   Thumb Code    16  stm32g4xx_hal.o(i.HAL_IncTick)
    HAL_Init                                 0x08003001   Thumb Code    30  stm32g4xx_hal.o(i.HAL_Init)
    HAL_InitTick                             0x08003021   Thumb Code    74  stm32g4xx_hal.o(i.HAL_InitTick)
    HAL_MspInit                              0x08003079   Thumb Code    62  stm32g4xx_hal_msp.o(i.HAL_MspInit)
    HAL_NVIC_EnableIRQ                       0x080030bd   Thumb Code    40  stm32g4xx_hal_cortex.o(i.HAL_NVIC_EnableIRQ)
    HAL_NVIC_SetPriority                     0x080030e5   Thumb Code   122  stm32g4xx_hal_cortex.o(i.HAL_NVIC_SetPriority)
    HAL_NVIC_SetPriorityGrouping             0x08003161   Thumb Code    32  stm32g4xx_hal_cortex.o(i.HAL_NVIC_SetPriorityGrouping)
    HAL_PWREx_ControlVoltageScaling          0x08003189   Thumb Code   268  stm32g4xx_hal_pwr_ex.o(i.HAL_PWREx_ControlVoltageScaling)
    HAL_PWREx_DisableUCPDDeadBattery         0x080032a1   Thumb Code    14  stm32g4xx_hal_pwr_ex.o(i.HAL_PWREx_DisableUCPDDeadBattery)
    HAL_RCCEx_PeriphCLKConfig                0x080032b5   Thumb Code  1048  stm32g4xx_hal_rcc_ex.o(i.HAL_RCCEx_PeriphCLKConfig)
    HAL_RCC_ClockConfig                      0x080036cd   Thumb Code   522  stm32g4xx_hal_rcc.o(i.HAL_RCC_ClockConfig)
    HAL_RCC_GetHCLKFreq                      0x080038f1   Thumb Code     6  stm32g4xx_hal_rcc.o(i.HAL_RCC_GetHCLKFreq)
    HAL_RCC_GetPCLK1Freq                     0x080038fd   Thumb Code    26  stm32g4xx_hal_rcc.o(i.HAL_RCC_GetPCLK1Freq)
    HAL_RCC_GetPCLK2Freq                     0x08003921   Thumb Code    26  stm32g4xx_hal_rcc.o(i.HAL_RCC_GetPCLK2Freq)
    HAL_RCC_GetSysClockFreq                  0x08003945   Thumb Code   138  stm32g4xx_hal_rcc.o(i.HAL_RCC_GetSysClockFreq)
    HAL_RCC_OscConfig                        0x080039dd   Thumb Code  1360  stm32g4xx_hal_rcc.o(i.HAL_RCC_OscConfig)
    HAL_SYSTICK_Config                       0x08003f39   Thumb Code    52  stm32g4xx_hal_cortex.o(i.HAL_SYSTICK_Config)
    HAL_TIMEx_Break2Callback                 0x08003f6d   Thumb Code     2  stm32g4xx_hal_tim_ex.o(i.HAL_TIMEx_Break2Callback)
    HAL_TIMEx_BreakCallback                  0x08003f6f   Thumb Code     2  stm32g4xx_hal_tim_ex.o(i.HAL_TIMEx_BreakCallback)
    HAL_TIMEx_CommutCallback                 0x08003f71   Thumb Code     2  stm32g4xx_hal_tim_ex.o(i.HAL_TIMEx_CommutCallback)
    HAL_TIMEx_DirectionChangeCallback        0x08003f73   Thumb Code     2  stm32g4xx_hal_tim_ex.o(i.HAL_TIMEx_DirectionChangeCallback)
    HAL_TIMEx_EncoderIndexCallback           0x08003f75   Thumb Code     2  stm32g4xx_hal_tim_ex.o(i.HAL_TIMEx_EncoderIndexCallback)
    HAL_TIMEx_IndexErrorCallback             0x08003f77   Thumb Code     2  stm32g4xx_hal_tim_ex.o(i.HAL_TIMEx_IndexErrorCallback)
    HAL_TIMEx_MasterConfigSynchronization    0x08003f79   Thumb Code   182  stm32g4xx_hal_tim_ex.o(i.HAL_TIMEx_MasterConfigSynchronization)
    HAL_TIMEx_TransitionErrorCallback        0x08004051   Thumb Code     2  stm32g4xx_hal_tim_ex.o(i.HAL_TIMEx_TransitionErrorCallback)
    HAL_TIM_Base_Init                        0x08004053   Thumb Code   110  stm32g4xx_hal_tim.o(i.HAL_TIM_Base_Init)
    HAL_TIM_Base_MspInit                     0x080040c1   Thumb Code    58  tim.o(i.HAL_TIM_Base_MspInit)
    HAL_TIM_Base_Start_IT                    0x08004105   Thumb Code   146  stm32g4xx_hal_tim.o(i.HAL_TIM_Base_Start_IT)
    HAL_TIM_ConfigClockSource                0x080041b9   Thumb Code   312  stm32g4xx_hal_tim.o(i.HAL_TIM_ConfigClockSource)
    HAL_TIM_IC_CaptureCallback               0x080042f5   Thumb Code     2  stm32g4xx_hal_tim.o(i.HAL_TIM_IC_CaptureCallback)
    HAL_TIM_IRQHandler                       0x080042f7   Thumb Code   544  stm32g4xx_hal_tim.o(i.HAL_TIM_IRQHandler)
    HAL_TIM_OC_DelayElapsedCallback          0x08004517   Thumb Code     2  stm32g4xx_hal_tim.o(i.HAL_TIM_OC_DelayElapsedCallback)
    HAL_TIM_PWM_PulseFinishedCallback        0x08004519   Thumb Code     2  stm32g4xx_hal_tim.o(i.HAL_TIM_PWM_PulseFinishedCallback)
    HAL_TIM_PeriodElapsedCallback            0x0800451d   Thumb Code    18  tim.o(i.HAL_TIM_PeriodElapsedCallback)
    HAL_TIM_TriggerCallback                  0x08004535   Thumb Code     2  stm32g4xx_hal_tim.o(i.HAL_TIM_TriggerCallback)
    HAL_UARTEx_DisableFifoMode               0x08004537   Thumb Code    78  stm32g4xx_hal_uart_ex.o(i.HAL_UARTEx_DisableFifoMode)
    HAL_UARTEx_GetRxEventType                0x08004585   Thumb Code     6  stm32g4xx_hal_uart_ex.o(i.HAL_UARTEx_GetRxEventType)
    HAL_UARTEx_ReceiveToIdle_DMA             0x0800458b   Thumb Code    98  stm32g4xx_hal_uart_ex.o(i.HAL_UARTEx_ReceiveToIdle_DMA)
    HAL_UARTEx_RxEventCallback               0x080045ed   Thumb Code   266  usart.o(i.HAL_UARTEx_RxEventCallback)
    HAL_UARTEx_RxFifoFullCallback            0x08004749   Thumb Code     2  stm32g4xx_hal_uart_ex.o(i.HAL_UARTEx_RxFifoFullCallback)
    HAL_UARTEx_SetRxFifoThreshold            0x0800474b   Thumb Code    94  stm32g4xx_hal_uart_ex.o(i.HAL_UARTEx_SetRxFifoThreshold)
    HAL_UARTEx_SetTxFifoThreshold            0x080047a9   Thumb Code    94  stm32g4xx_hal_uart_ex.o(i.HAL_UARTEx_SetTxFifoThreshold)
    HAL_UARTEx_TxFifoEmptyCallback           0x08004807   Thumb Code     2  stm32g4xx_hal_uart_ex.o(i.HAL_UARTEx_TxFifoEmptyCallback)
    HAL_UARTEx_WakeupCallback                0x08004809   Thumb Code     2  stm32g4xx_hal_uart_ex.o(i.HAL_UARTEx_WakeupCallback)
    HAL_UART_ErrorCallback                   0x0800480b   Thumb Code     2  stm32g4xx_hal_uart.o(i.HAL_UART_ErrorCallback)
    HAL_UART_IRQHandler                      0x0800480d   Thumb Code   962  stm32g4xx_hal_uart.o(i.HAL_UART_IRQHandler)
    HAL_UART_Init                            0x08004bdd   Thumb Code   120  stm32g4xx_hal_uart.o(i.HAL_UART_Init)
    HAL_UART_MspInit                         0x08004c55   Thumb Code  1366  usart.o(i.HAL_UART_MspInit)
    HAL_UART_Receive                         0x080051c9   Thumb Code   274  stm32g4xx_hal_uart.o(i.HAL_UART_Receive)
    HAL_UART_Receive_IT                      0x080052dd   Thumb Code    88  stm32g4xx_hal_uart.o(i.HAL_UART_Receive_IT)
    HAL_UART_RxCpltCallback                  0x08005339   Thumb Code     2  stm32g4xx_hal_uart.o(i.HAL_UART_RxCpltCallback)
    HAL_UART_RxHalfCpltCallback              0x0800533b   Thumb Code     2  stm32g4xx_hal_uart.o(i.HAL_UART_RxHalfCpltCallback)
    HAL_UART_Transmit                        0x0800533d   Thumb Code   194  stm32g4xx_hal_uart.o(i.HAL_UART_Transmit)
    HAL_UART_Transmit_DMA                    0x08005401   Thumb Code   148  stm32g4xx_hal_uart.o(i.HAL_UART_Transmit_DMA)
    HAL_UART_TxCpltCallback                  0x080054a1   Thumb Code     2  stm32g4xx_hal_uart.o(i.HAL_UART_TxCpltCallback)
    HAL_UART_TxHalfCpltCallback              0x080054a3   Thumb Code     2  stm32g4xx_hal_uart.o(i.HAL_UART_TxHalfCpltCallback)
    HRTIM1_Master_IRQHandler                 0x080054a5   Thumb Code    12  stm32g4xx_it.o(i.HRTIM1_Master_IRQHandler)
    HRTIM1_TIMB_IRQHandler                   0x080054b5   Thumb Code    12  stm32g4xx_it.o(i.HRTIM1_TIMB_IRQHandler)
    HardFault_Handler                        0x08005ddb   Thumb Code     4  stm32g4xx_it.o(i.HardFault_Handler)
    MX_ADC1_Init                             0x08005ecd   Thumb Code   174  adc.o(i.MX_ADC1_Init)
    MX_ADC2_Init                             0x08005f89   Thumb Code   146  adc.o(i.MX_ADC2_Init)
    MX_CRC_Init                              0x0800602d   Thumb Code    56  crc.o(i.MX_CRC_Init)
    MX_DMA_Init                              0x0800606d   Thumb Code   276  dma.o(i.MX_DMA_Init)
    MX_GPIO_Init                             0x08006185   Thumb Code   220  gpio.o(i.MX_GPIO_Init)
    MX_HRTIM1_Init                           0x0800626d   Thumb Code   598  hrtim.o(i.MX_HRTIM1_Init)
    MX_TIM1_Init                             0x080064cd   Thumb Code   114  tim.o(i.MX_TIM1_Init)
    MX_UART4_Init                            0x08006549   Thumb Code   106  usart.o(i.MX_UART4_Init)
    MX_UART5_Init                            0x080065c5   Thumb Code   106  usart.o(i.MX_UART5_Init)
    MX_USART1_UART_Init                      0x08006641   Thumb Code   114  usart.o(i.MX_USART1_UART_Init)
    MX_USART2_UART_Init                      0x080066c5   Thumb Code   114  usart.o(i.MX_USART2_UART_Init)
    MX_USART3_UART_Init                      0x08006749   Thumb Code   108  usart.o(i.MX_USART3_UART_Init)
    MemManage_Handler                        0x080067c1   Thumb Code     4  stm32g4xx_it.o(i.MemManage_Handler)
    NMI_Handler                              0x080067c5   Thumb Code     4  stm32g4xx_it.o(i.NMI_Handler)
    PWM_TEST                                 0x080067c9   Thumb Code   124  hrtim.o(i.PWM_TEST)
    PendSV_Handler                           0x08006859   Thumb Code     2  stm32g4xx_it.o(i.PendSV_Handler)
    RFQ_Init                                 0x080068c5   Thumb Code    22  ringframequeue.o(i.RFQ_Init)
    RFQ_Push                                 0x080068f3   Thumb Code   108  ringframequeue.o(i.RFQ_Push)
    SVC_Handler                              0x0800695f   Thumb Code     2  stm32g4xx_it.o(i.SVC_Handler)
    SysTick_Handler                          0x08006961   Thumb Code     8  stm32g4xx_it.o(i.SysTick_Handler)
    SystemClock_Config                       0x08006969   Thumb Code   106  main.o(i.SystemClock_Config)
    SystemInit                               0x080069d5   Thumb Code    14  system_stm32g4xx.o(i.SystemInit)
    TIM1_UP_TIM16_IRQHandler                 0x080069e9   Thumb Code    10  stm32g4xx_it.o(i.TIM1_UP_TIM16_IRQHandler)
    TIM_Base_SetConfig                       0x080069f9   Thumb Code   204  stm32g4xx_hal_tim.o(i.TIM_Base_SetConfig)
    TIM_ETR_SetConfig                        0x08006ae9   Thumb Code    22  stm32g4xx_hal_tim.o(i.TIM_ETR_SetConfig)
    UART4_IRQHandler                         0x08006b69   Thumb Code    10  stm32g4xx_it.o(i.UART4_IRQHandler)
    UART5_IRQHandler                         0x08006b79   Thumb Code    10  stm32g4xx_it.o(i.UART5_IRQHandler)
    UART_AdvFeatureConfig                    0x08006be1   Thumb Code   248  stm32g4xx_hal_uart.o(i.UART_AdvFeatureConfig)
    UART_CheckIdleState                      0x08006cd9   Thumb Code   234  stm32g4xx_hal_uart.o(i.UART_CheckIdleState)
    UART_SetConfig                           0x08007655   Thumb Code   922  stm32g4xx_hal_uart.o(i.UART_SetConfig)
    UART_Start_Receive_DMA                   0x08007a1d   Thumb Code   186  stm32g4xx_hal_uart.o(i.UART_Start_Receive_DMA)
    UART_Start_Receive_IT                    0x08007ae5   Thumb Code   332  stm32g4xx_hal_uart.o(i.UART_Start_Receive_IT)
    UART_WaitOnFlagUntilTimeout              0x08007c41   Thumb Code   172  stm32g4xx_hal_uart.o(i.UART_WaitOnFlagUntilTimeout)
    USART1_IRQHandler                        0x08007ced   Thumb Code    10  stm32g4xx_it.o(i.USART1_IRQHandler)
    USART2_IRQHandler                        0x08007cfd   Thumb Code    10  stm32g4xx_it.o(i.USART2_IRQHandler)
    USART345_EncoderTrigger_Send             0x08007d0d   Thumb Code    44  usart.o(i.USART345_EncoderTrigger_Send)
    USART3_IRQHandler                        0x08007d4d   Thumb Code    10  stm32g4xx_it.o(i.USART3_IRQHandler)
    UsageFault_Handler                       0x08007d5d   Thumb Code     4  stm32g4xx_it.o(i.UsageFault_Handler)
    User_Func_SetPulse                       0x08007d61   Thumb Code    74  hrtim.o(i.User_Func_SetPulse)
    Working_Task                             0x08007dd1   Thumb Code     2  main.o(i.Working_Task)
    __0printf                                0x08007dd5   Thumb Code    22  printfa.o(i.__0printf)
    __1printf                                0x08007dd5   Thumb Code     0  printfa.o(i.__0printf)
    __2printf                                0x08007dd5   Thumb Code     0  printfa.o(i.__0printf)
    __c89printf                              0x08007dd5   Thumb Code     0  printfa.o(i.__0printf)
    printf                                   0x08007dd5   Thumb Code     0  printfa.o(i.__0printf)
    __scatterload_copy                       0x08007e2d   Thumb Code    14  handlers.o(i.__scatterload_copy)
    __scatterload_null                       0x08007e3b   Thumb Code     2  handlers.o(i.__scatterload_null)
    __scatterload_zeroinit                   0x08007e3d   Thumb Code    14  handlers.o(i.__scatterload_zeroinit)
    fputc                                    0x080086d9   Thumb Code    22  debug.o(i.fputc)
    main                                     0x080086f5   Thumb Code   318  main.o(i.main)
    u32CRC_TEST                              0x080089f9   Thumb Code    36  main.o(i.u32CRC_TEST)
    UARTPrescTable                           0x08008aa8   Data          24  stm32g4xx_hal_uart.o(.constdata)
    AHBPrescTable                            0x08008ad0   Data          16  system_stm32g4xx.o(.constdata)
    APBPrescTable                            0x08008ae0   Data           8  system_stm32g4xx.o(.constdata)
    Region$$Table$$Base                      0x08008b80   Number         0  anon$$obj.o(Region$$Table)
    Region$$Table$$Limit                     0x08008ba0   Number         0  anon$$obj.o(Region$$Table)
    u8DebugMenuChoose                        0x20000000   Data           1  main.o(.data)
    i                                        0x20000004   Data           4  main.o(.data)
    User_uart_status                         0x20000008   Data           4  main.o(.data)
    StatusU5                                 0x2000000c   Data           1  main.o(.data)
    au16_ADC1_Vol_Value                      0x20000010   Data           4  adc.o(.data)
    au16_ADC2_Vol_Value                      0x20000014   Data           2  adc.o(.data)
    f_TEST_VALUE                             0x20000018   Data           4  adc.o(.data)
    u16TargePulse                            0x20000020   Data           2  hrtim.o(.data)
    u8FlagPulse                              0x20000022   Data           1  hrtim.o(.data)
    au8Uart3DMABuff                          0x2000002c   Data           6  usart.o(.data)
    au8Uart4DMABuff                          0x20000032   Data           6  usart.o(.data)
    au8Uart5DMABuff                          0x20000038   Data           6  usart.o(.data)
    uwTick                                   0x20000040   Data           4  stm32g4xx_hal.o(.data)
    uwTickPrio                               0x20000044   Data           4  stm32g4xx_hal.o(.data)
    uwTickFreq                               0x20000048   Data           4  stm32g4xx_hal.o(.data)
    SystemCoreClock                          0x20000068   Data           4  system_stm32g4xx.o(.data)
    __stdout                                 0x2000006c   Data           4  stdout.o(.data)
    hadc1                                    0x20000070   Data         108  adc.o(.bss)
    hadc2                                    0x200000dc   Data         108  adc.o(.bss)
    hdma_adc1                                0x20000148   Data          96  adc.o(.bss)
    hdma_adc2                                0x200001a8   Data          96  adc.o(.bss)
    hcrc                                     0x20000208   Data          36  crc.o(.bss)
    hhrtim1                                  0x2000022c   Data         252  hrtim.o(.bss)
    htim1                                    0x20000328   Data          76  tim.o(.bss)
    au8MotorEncoderBuff                      0x20000374   Data          12  usart.o(.bss)
    au8OutputShaftEncoderBuff                0x20000380   Data          12  usart.o(.bss)
    au8SwingArmEncoderBuff                   0x2000038c   Data          12  usart.o(.bss)
    u8DebugRxBuff                            0x20000398   Data         100  usart.o(.bss)
    au8Uart1SendBuff                         0x200003fc   Data         100  usart.o(.bss)
    au8Uart1RecvBuff                         0x20000460   Data         100  usart.o(.bss)
    au8Uart2RecvBuff                         0x200004c4   Data         100  usart.o(.bss)
    UART1_RX_RFQ                             0x20000528   Data        2068  usart.o(.bss)
    UART2_RX_RFQ                             0x20000d3c   Data        2068  usart.o(.bss)
    huart4                                   0x20001550   Data         148  usart.o(.bss)
    huart5                                   0x200015e4   Data         148  usart.o(.bss)
    huart1                                   0x20001678   Data         148  usart.o(.bss)
    huart2                                   0x2000170c   Data         148  usart.o(.bss)
    huart3                                   0x200017a0   Data         148  usart.o(.bss)
    hdma_uart4_rx                            0x20001834   Data          96  usart.o(.bss)
    hdma_uart4_tx                            0x20001894   Data          96  usart.o(.bss)
    hdma_uart5_rx                            0x200018f4   Data          96  usart.o(.bss)
    hdma_uart5_tx                            0x20001954   Data          96  usart.o(.bss)
    hdma_usart1_rx                           0x200019b4   Data          96  usart.o(.bss)
    hdma_usart1_tx                           0x20001a14   Data          96  usart.o(.bss)
    hdma_usart2_rx                           0x20001a74   Data          96  usart.o(.bss)
    hdma_usart2_tx                           0x20001ad4   Data          96  usart.o(.bss)
    hdma_usart3_rx                           0x20001b34   Data          96  usart.o(.bss)
    hdma_usart3_tx                           0x20001b94   Data          96  usart.o(.bss)
    __initial_sp                             0x20001ff8   Data           0  startup_stm32g474xx.o(STACK)



==============================================================================

Memory Map of the image

  Image Entry point : 0x080001d9

  Load Region LR_IROM1 (Base: 0x08000000, Size: 0x00008c10, Max: 0x00080000, ABSOLUTE)

    Execution Region ER_IROM1 (Exec base: 0x08000000, Load base: 0x08000000, Size: 0x00008ba0, Max: 0x00080000, ABSOLUTE)

    Exec Addr    Load Addr    Size         Type   Attr      Idx    E Section Name        Object

    0x08000000   0x08000000   0x000001d8   Data   RO            3    RESET               startup_stm32g474xx.o
    0x080001d8   0x080001d8   0x00000000   Code   RO         5877  * .ARM.Collect$$$$00000000  mc_w.l(entry.o)
    0x080001d8   0x080001d8   0x00000004   Code   RO         6159    .ARM.Collect$$$$00000001  mc_w.l(entry2.o)
    0x080001dc   0x080001dc   0x00000004   Code   RO         6162    .ARM.Collect$$$$00000004  mc_w.l(entry5.o)
    0x080001e0   0x080001e0   0x00000000   Code   RO         6164    .ARM.Collect$$$$00000008  mc_w.l(entry7b.o)
    0x080001e0   0x080001e0   0x00000000   Code   RO         6166    .ARM.Collect$$$$0000000A  mc_w.l(entry8b.o)
    0x080001e0   0x080001e0   0x00000008   Code   RO         6167    .ARM.Collect$$$$0000000B  mc_w.l(entry9a.o)
    0x080001e8   0x080001e8   0x00000004   Code   RO         6174    .ARM.Collect$$$$0000000E  mc_w.l(entry12b.o)
    0x080001ec   0x080001ec   0x00000000   Code   RO         6169    .ARM.Collect$$$$0000000F  mc_w.l(entry10a.o)
    0x080001ec   0x080001ec   0x00000000   Code   RO         6171    .ARM.Collect$$$$00000011  mc_w.l(entry11a.o)
    0x080001ec   0x080001ec   0x00000004   Code   RO         6160    .ARM.Collect$$$$00002712  mc_w.l(entry2.o)
    0x080001f0   0x080001f0   0x00000024   Code   RO            4    .text               startup_stm32g474xx.o
    0x08000214   0x08000214   0x00000062   Code   RO         5880    .text               mc_w.l(uldiv.o)
    0x08000276   0x08000276   0x00000024   Code   RO         5882    .text               mc_w.l(memcpya.o)
    0x0800029a   0x0800029a   0x00000024   Code   RO         5884    .text               mc_w.l(memseta.o)
    0x080002be   0x080002be   0x0000014e   Code   RO         6149    .text               mf_w.l(dadd.o)
    0x0800040c   0x0800040c   0x000000de   Code   RO         6151    .text               mf_w.l(ddiv.o)
    0x080004ea   0x080004ea   0x0000001a   Code   RO         6153    .text               mf_w.l(dfltui.o)
    0x08000504   0x08000504   0x00000026   Code   RO         6155    .text               mf_w.l(f2d.o)
    0x0800052a   0x0800052a   0x00000038   Code   RO         6157    .text               mf_w.l(d2f.o)
    0x08000562   0x08000562   0x0000002c   Code   RO         6176    .text               mc_w.l(uidiv.o)
    0x0800058e   0x0800058e   0x0000001e   Code   RO         6178    .text               mc_w.l(llshl.o)
    0x080005ac   0x080005ac   0x00000020   Code   RO         6180    .text               mc_w.l(llushr.o)
    0x080005cc   0x080005cc   0x00000024   Code   RO         6182    .text               mc_w.l(llsshr.o)
    0x080005f0   0x080005f0   0x00000000   Code   RO         6184    .text               mc_w.l(iusefp.o)
    0x080005f0   0x080005f0   0x0000006e   Code   RO         6185    .text               mf_w.l(fepilogue.o)
    0x0800065e   0x0800065e   0x000000ba   Code   RO         6187    .text               mf_w.l(depilogue.o)
    0x08000718   0x08000718   0x000000e4   Code   RO         6189    .text               mf_w.l(dmul.o)
    0x080007fc   0x080007fc   0x00000030   Code   RO         6191    .text               mf_w.l(dfixul.o)
    0x0800082c   0x0800082c   0x00000030   Code   RO         6193    .text               mf_w.l(cdrcmple.o)
    0x0800085c   0x0800085c   0x00000024   Code   RO         6195    .text               mc_w.l(init.o)
    0x08000880   0x08000880   0x00000092   Code   RO         1063    i.ADC_DMAConvCplt   stm32g4xx_hal_adc.o
    0x08000912   0x08000912   0x0000001e   Code   RO         1064    i.ADC_DMAError      stm32g4xx_hal_adc.o
    0x08000930   0x08000930   0x0000000e   Code   RO         1065    i.ADC_DMAHalfConvCplt  stm32g4xx_hal_adc.o
    0x0800093e   0x0800093e   0x00000002   PAD
    0x08000940   0x08000940   0x000000e0   Code   RO         1067    i.ADC_Enable        stm32g4xx_hal_adc.o
    0x08000a20   0x08000a20   0x00000078   Code   RO          475    i.ADC_Read_MotorVol  adc.o
    0x08000a98   0x08000a98   0x00000270   Code   RO          476    i.ADC_TEST          adc.o
    0x08000d08   0x08000d08   0x00000004   Code   RO          839    i.BusFault_Handler  stm32g4xx_it.o
    0x08000d0c   0x08000d0c   0x0000003e   Code   RO         3165    i.CRC_Handle_16     stm32g4xx_hal_crc.o
    0x08000d4a   0x08000d4a   0x00000092   Code   RO         3166    i.CRC_Handle_8      stm32g4xx_hal_crc.o
    0x08000ddc   0x08000ddc   0x00000010   Code   RO          840    i.DMA1_Channel1_IRQHandler  stm32g4xx_it.o
    0x08000dec   0x08000dec   0x00000010   Code   RO          841    i.DMA1_Channel2_IRQHandler  stm32g4xx_it.o
    0x08000dfc   0x08000dfc   0x00000010   Code   RO          842    i.DMA1_Channel3_IRQHandler  stm32g4xx_it.o
    0x08000e0c   0x08000e0c   0x00000010   Code   RO          843    i.DMA1_Channel4_IRQHandler  stm32g4xx_it.o
    0x08000e1c   0x08000e1c   0x00000010   Code   RO          844    i.DMA1_Channel5_IRQHandler  stm32g4xx_it.o
    0x08000e2c   0x08000e2c   0x00000010   Code   RO          845    i.DMA1_Channel6_IRQHandler  stm32g4xx_it.o
    0x08000e3c   0x08000e3c   0x00000010   Code   RO          846    i.DMA1_Channel7_IRQHandler  stm32g4xx_it.o
    0x08000e4c   0x08000e4c   0x00000010   Code   RO          847    i.DMA1_Channel8_IRQHandler  stm32g4xx_it.o
    0x08000e5c   0x08000e5c   0x00000010   Code   RO          848    i.DMA2_Channel1_IRQHandler  stm32g4xx_it.o
    0x08000e6c   0x08000e6c   0x00000010   Code   RO          849    i.DMA2_Channel2_IRQHandler  stm32g4xx_it.o
    0x08000e7c   0x08000e7c   0x00000010   Code   RO          850    i.DMA2_Channel3_IRQHandler  stm32g4xx_it.o
    0x08000e8c   0x08000e8c   0x00000010   Code   RO          851    i.DMA2_Channel4_IRQHandler  stm32g4xx_it.o
    0x08000e9c   0x08000e9c   0x00000044   Code   RO         2506    i.DMA_CalcDMAMUXChannelBaseAndMask  stm32g4xx_hal_dma.o
    0x08000ee0   0x08000ee0   0x00000024   Code   RO         2507    i.DMA_CalcDMAMUXRequestGenBaseAndMask  stm32g4xx_hal_dma.o
    0x08000f04   0x08000f04   0x00000040   Code   RO         2508    i.DMA_SetConfig     stm32g4xx_hal_dma.o
    0x08000f44   0x08000f44   0x00000002   Code   RO          852    i.DebugMon_Handler  stm32g4xx_it.o
    0x08000f46   0x08000f46   0x00000006   Code   RO          383    i.Error_Handler     main.o
    0x08000f4c   0x08000f4c   0x000001b8   Code   RO         1367    i.HAL_ADCEx_MultiModeConfigChannel  stm32g4xx_hal_adc_ex.o
    0x08001104   0x08001104   0x00000574   Code   RO         1069    i.HAL_ADC_ConfigChannel  stm32g4xx_hal_adc.o
    0x08001678   0x08001678   0x00000002   Code   RO         1070    i.HAL_ADC_ConvCpltCallback  stm32g4xx_hal_adc.o
    0x0800167a   0x0800167a   0x00000002   Code   RO         1071    i.HAL_ADC_ConvHalfCpltCallback  stm32g4xx_hal_adc.o
    0x0800167c   0x0800167c   0x00000002   Code   RO         1073    i.HAL_ADC_ErrorCallback  stm32g4xx_hal_adc.o
    0x0800167e   0x0800167e   0x00000002   PAD
    0x08001680   0x08001680   0x000002b8   Code   RO         1078    i.HAL_ADC_Init      stm32g4xx_hal_adc.o
    0x08001938   0x08001938   0x000001a4   Code   RO          478    i.HAL_ADC_MspInit   adc.o
    0x08001adc   0x08001adc   0x00000158   Code   RO         1086    i.HAL_ADC_Start_DMA  stm32g4xx_hal_adc.o
    0x08001c34   0x08001c34   0x00000070   Code   RO         3237    i.HAL_CRCEx_Polynomial_Set  stm32g4xx_hal_crc_ex.o
    0x08001ca4   0x08001ca4   0x00000064   Code   RO         3167    i.HAL_CRC_Accumulate  stm32g4xx_hal_crc.o
    0x08001d08   0x08001d08   0x00000084   Code   RO         3171    i.HAL_CRC_Init      stm32g4xx_hal_crc.o
    0x08001d8c   0x08001d8c   0x00000030   Code   RO          544    i.HAL_CRC_MspInit   crc.o
    0x08001dbc   0x08001dbc   0x00000076   Code   RO         2509    i.HAL_DMA_Abort     stm32g4xx_hal_dma.o
    0x08001e32   0x08001e32   0x00000094   Code   RO         2510    i.HAL_DMA_Abort_IT  stm32g4xx_hal_dma.o
    0x08001ec6   0x08001ec6   0x000000fe   Code   RO         2514    i.HAL_DMA_IRQHandler  stm32g4xx_hal_dma.o
    0x08001fc4   0x08001fc4   0x000000d0   Code   RO         2515    i.HAL_DMA_Init      stm32g4xx_hal_dma.o
    0x08002094   0x08002094   0x000000c2   Code   RO         2519    i.HAL_DMA_Start_IT  stm32g4xx_hal_dma.o
    0x08002156   0x08002156   0x00000002   PAD
    0x08002158   0x08002158   0x00000028   Code   RO         1596    i.HAL_Delay         stm32g4xx_hal.o
    0x08002180   0x08002180   0x000001cc   Code   RO         2371    i.HAL_GPIO_Init     stm32g4xx_hal_gpio.o
    0x0800234c   0x0800234c   0x0000000a   Code   RO         2375    i.HAL_GPIO_WritePin  stm32g4xx_hal_gpio.o
    0x08002356   0x08002356   0x00000002   PAD
    0x08002358   0x08002358   0x0000000c   Code   RO         1600    i.HAL_GetTick       stm32g4xx_hal.o
    0x08002364   0x08002364   0x00000148   Code   RO         3272    i.HAL_HRTIM_ADCPostScalerConfig  stm32g4xx_hal_hrtim.o
    0x080024ac   0x080024ac   0x0000026e   Code   RO         3273    i.HAL_HRTIM_ADCTriggerConfig  stm32g4xx_hal_hrtim.o
    0x0800271a   0x0800271a   0x00000002   Code   RO         3279    i.HAL_HRTIM_BurstModePeriodCallback  stm32g4xx_hal_hrtim.o
    0x0800271c   0x0800271c   0x00000002   Code   RO         3281    i.HAL_HRTIM_Capture1EventCallback  stm32g4xx_hal_hrtim.o
    0x0800271e   0x0800271e   0x00000002   Code   RO         3282    i.HAL_HRTIM_Capture2EventCallback  stm32g4xx_hal_hrtim.o
    0x08002720   0x08002720   0x00000120   Code   RO          609    i.HAL_HRTIM_Compare1EventCallback  hrtim.o
    0x08002840   0x08002840   0x00000002   Code   RO         3285    i.HAL_HRTIM_Compare2EventCallback  stm32g4xx_hal_hrtim.o
    0x08002842   0x08002842   0x00000002   Code   RO         3286    i.HAL_HRTIM_Compare3EventCallback  stm32g4xx_hal_hrtim.o
    0x08002844   0x08002844   0x00000002   Code   RO         3287    i.HAL_HRTIM_Compare4EventCallback  stm32g4xx_hal_hrtim.o
    0x08002846   0x08002846   0x00000002   Code   RO         3288    i.HAL_HRTIM_CounterResetCallback  stm32g4xx_hal_hrtim.o
    0x08002848   0x08002848   0x00000002   Code   RO         3289    i.HAL_HRTIM_DLLCalibrationReadyCallback  stm32g4xx_hal_hrtim.o
    0x0800284a   0x0800284a   0x00000080   Code   RO         3290    i.HAL_HRTIM_DLLCalibrationStart  stm32g4xx_hal_hrtim.o
    0x080028ca   0x080028ca   0x00000002   Code   RO         3294    i.HAL_HRTIM_DelayedProtectionCallback  stm32g4xx_hal_hrtim.o
    0x080028cc   0x080028cc   0x00000002   Code   RO         3302    i.HAL_HRTIM_Fault1Callback  stm32g4xx_hal_hrtim.o
    0x080028ce   0x080028ce   0x00000002   Code   RO         3303    i.HAL_HRTIM_Fault2Callback  stm32g4xx_hal_hrtim.o
    0x080028d0   0x080028d0   0x00000002   Code   RO         3304    i.HAL_HRTIM_Fault3Callback  stm32g4xx_hal_hrtim.o
    0x080028d2   0x080028d2   0x00000002   Code   RO         3305    i.HAL_HRTIM_Fault4Callback  stm32g4xx_hal_hrtim.o
    0x080028d4   0x080028d4   0x00000002   Code   RO         3306    i.HAL_HRTIM_Fault5Callback  stm32g4xx_hal_hrtim.o
    0x080028d6   0x080028d6   0x00000002   Code   RO         3307    i.HAL_HRTIM_Fault6Callback  stm32g4xx_hal_hrtim.o
    0x080028d8   0x080028d8   0x00000028   Code   RO         3322    i.HAL_HRTIM_IRQHandler  stm32g4xx_hal_hrtim.o
    0x08002900   0x08002900   0x0000010c   Code   RO         3323    i.HAL_HRTIM_Init    stm32g4xx_hal_hrtim.o
    0x08002a0c   0x08002a0c   0x00000054   Code   RO          611    i.HAL_HRTIM_MspInit  hrtim.o
    0x08002a60   0x08002a60   0x0000005c   Code   RO          612    i.HAL_HRTIM_MspPostInit  hrtim.o
    0x08002abc   0x08002abc   0x00000002   Code   RO         3326    i.HAL_HRTIM_Output1ResetCallback  stm32g4xx_hal_hrtim.o
    0x08002abe   0x08002abe   0x00000002   Code   RO         3327    i.HAL_HRTIM_Output1SetCallback  stm32g4xx_hal_hrtim.o
    0x08002ac0   0x08002ac0   0x00000002   Code   RO         3328    i.HAL_HRTIM_Output2ResetCallback  stm32g4xx_hal_hrtim.o
    0x08002ac2   0x08002ac2   0x00000002   Code   RO         3329    i.HAL_HRTIM_Output2SetCallback  stm32g4xx_hal_hrtim.o
    0x08002ac4   0x08002ac4   0x0000004a   Code   RO         3332    i.HAL_HRTIM_PollForDLLCalibration  stm32g4xx_hal_hrtim.o
    0x08002b0e   0x08002b0e   0x00000002   Code   RO         3333    i.HAL_HRTIM_RegistersUpdateCallback  stm32g4xx_hal_hrtim.o
    0x08002b10   0x08002b10   0x00000002   Code   RO         3334    i.HAL_HRTIM_RepetitionEventCallback  stm32g4xx_hal_hrtim.o
    0x08002b12   0x08002b12   0x00000002   Code   RO         3372    i.HAL_HRTIM_SynchronizationEventCallback  stm32g4xx_hal_hrtim.o
    0x08002b14   0x08002b14   0x00000002   Code   RO         3373    i.HAL_HRTIM_SystemFaultCallback  stm32g4xx_hal_hrtim.o
    0x08002b16   0x08002b16   0x0000003a   Code   RO         3374    i.HAL_HRTIM_TimeBaseConfig  stm32g4xx_hal_hrtim.o
    0x08002b50   0x08002b50   0x000001f8   Code   RO         3380    i.HAL_HRTIM_WaveformCompareConfig  stm32g4xx_hal_hrtim.o
    0x08002d48   0x08002d48   0x0000003c   Code   RO         3381    i.HAL_HRTIM_WaveformCountStart  stm32g4xx_hal_hrtim.o
    0x08002d84   0x08002d84   0x000000a4   Code   RO         3383    i.HAL_HRTIM_WaveformCountStart_IT  stm32g4xx_hal_hrtim.o
    0x08002e28   0x08002e28   0x00000054   Code   RO         3389    i.HAL_HRTIM_WaveformOutputConfig  stm32g4xx_hal_hrtim.o
    0x08002e7c   0x08002e7c   0x00000040   Code   RO         3390    i.HAL_HRTIM_WaveformOutputStart  stm32g4xx_hal_hrtim.o
    0x08002ebc   0x08002ebc   0x000000d8   Code   RO         3393    i.HAL_HRTIM_WaveformTimerConfig  stm32g4xx_hal_hrtim.o
    0x08002f94   0x08002f94   0x00000054   Code   RO         3394    i.HAL_HRTIM_WaveformTimerControl  stm32g4xx_hal_hrtim.o
    0x08002fe8   0x08002fe8   0x00000018   Code   RO         1606    i.HAL_IncTick       stm32g4xx_hal.o
    0x08003000   0x08003000   0x0000001e   Code   RO         1607    i.HAL_Init          stm32g4xx_hal.o
    0x0800301e   0x0800301e   0x00000002   PAD
    0x08003020   0x08003020   0x00000058   Code   RO         1608    i.HAL_InitTick      stm32g4xx_hal.o
    0x08003078   0x08003078   0x00000044   Code   RO         1038    i.HAL_MspInit       stm32g4xx_hal_msp.o
    0x080030bc   0x080030bc   0x00000028   Code   RO         3020    i.HAL_NVIC_EnableIRQ  stm32g4xx_hal_cortex.o
    0x080030e4   0x080030e4   0x0000007a   Code   RO         3026    i.HAL_NVIC_SetPriority  stm32g4xx_hal_cortex.o
    0x0800315e   0x0800315e   0x00000002   PAD
    0x08003160   0x08003160   0x00000028   Code   RO         3027    i.HAL_NVIC_SetPriorityGrouping  stm32g4xx_hal_cortex.o
    0x08003188   0x08003188   0x00000118   Code   RO         2774    i.HAL_PWREx_ControlVoltageScaling  stm32g4xx_hal_pwr_ex.o
    0x080032a0   0x080032a0   0x00000014   Code   RO         2786    i.HAL_PWREx_DisableUCPDDeadBattery  stm32g4xx_hal_pwr_ex.o
    0x080032b4   0x080032b4   0x00000418   Code   RO         1972    i.HAL_RCCEx_PeriphCLKConfig  stm32g4xx_hal_rcc_ex.o
    0x080036cc   0x080036cc   0x00000224   Code   RO         1842    i.HAL_RCC_ClockConfig  stm32g4xx_hal_rcc.o
    0x080038f0   0x080038f0   0x0000000c   Code   RO         1848    i.HAL_RCC_GetHCLKFreq  stm32g4xx_hal_rcc.o
    0x080038fc   0x080038fc   0x00000024   Code   RO         1850    i.HAL_RCC_GetPCLK1Freq  stm32g4xx_hal_rcc.o
    0x08003920   0x08003920   0x00000024   Code   RO         1851    i.HAL_RCC_GetPCLK2Freq  stm32g4xx_hal_rcc.o
    0x08003944   0x08003944   0x00000098   Code   RO         1852    i.HAL_RCC_GetSysClockFreq  stm32g4xx_hal_rcc.o
    0x080039dc   0x080039dc   0x0000055c   Code   RO         1855    i.HAL_RCC_OscConfig  stm32g4xx_hal_rcc.o
    0x08003f38   0x08003f38   0x00000034   Code   RO         3031    i.HAL_SYSTICK_Config  stm32g4xx_hal_cortex.o
    0x08003f6c   0x08003f6c   0x00000002   Code   RO         4866    i.HAL_TIMEx_Break2Callback  stm32g4xx_hal_tim_ex.o
    0x08003f6e   0x08003f6e   0x00000002   Code   RO         4867    i.HAL_TIMEx_BreakCallback  stm32g4xx_hal_tim_ex.o
    0x08003f70   0x08003f70   0x00000002   Code   RO         4868    i.HAL_TIMEx_CommutCallback  stm32g4xx_hal_tim_ex.o
    0x08003f72   0x08003f72   0x00000002   Code   RO         4879    i.HAL_TIMEx_DirectionChangeCallback  stm32g4xx_hal_tim_ex.o
    0x08003f74   0x08003f74   0x00000002   Code   RO         4893    i.HAL_TIMEx_EncoderIndexCallback  stm32g4xx_hal_tim_ex.o
    0x08003f76   0x08003f76   0x00000002   Code   RO         4907    i.HAL_TIMEx_IndexErrorCallback  stm32g4xx_hal_tim_ex.o
    0x08003f78   0x08003f78   0x000000d8   Code   RO         4908    i.HAL_TIMEx_MasterConfigSynchronization  stm32g4xx_hal_tim_ex.o
    0x08004050   0x08004050   0x00000002   Code   RO         4929    i.HAL_TIMEx_TransitionErrorCallback  stm32g4xx_hal_tim_ex.o
    0x08004052   0x08004052   0x0000006e   Code   RO         4141    i.HAL_TIM_Base_Init  stm32g4xx_hal_tim.o
    0x080040c0   0x080040c0   0x00000044   Code   RO          686    i.HAL_TIM_Base_MspInit  tim.o
    0x08004104   0x08004104   0x000000b4   Code   RO         4146    i.HAL_TIM_Base_Start_IT  stm32g4xx_hal_tim.o
    0x080041b8   0x080041b8   0x0000013c   Code   RO         4150    i.HAL_TIM_ConfigClockSource  stm32g4xx_hal_tim.o
    0x080042f4   0x080042f4   0x00000002   Code   RO         4175    i.HAL_TIM_IC_CaptureCallback  stm32g4xx_hal_tim.o
    0x080042f6   0x080042f6   0x00000220   Code   RO         4189    i.HAL_TIM_IRQHandler  stm32g4xx_hal_tim.o
    0x08004516   0x08004516   0x00000002   Code   RO         4192    i.HAL_TIM_OC_DelayElapsedCallback  stm32g4xx_hal_tim.o
    0x08004518   0x08004518   0x00000002   Code   RO         4219    i.HAL_TIM_PWM_PulseFinishedCallback  stm32g4xx_hal_tim.o
    0x0800451a   0x0800451a   0x00000002   PAD
    0x0800451c   0x0800451c   0x00000018   Code   RO          687    i.HAL_TIM_PeriodElapsedCallback  tim.o
    0x08004534   0x08004534   0x00000002   Code   RO         4232    i.HAL_TIM_TriggerCallback  stm32g4xx_hal_tim.o
    0x08004536   0x08004536   0x0000004e   Code   RO         5720    i.HAL_UARTEx_DisableFifoMode  stm32g4xx_hal_uart_ex.o
    0x08004584   0x08004584   0x00000006   Code   RO         5724    i.HAL_UARTEx_GetRxEventType  stm32g4xx_hal_uart_ex.o
    0x0800458a   0x0800458a   0x00000062   Code   RO         5726    i.HAL_UARTEx_ReceiveToIdle_DMA  stm32g4xx_hal_uart_ex.o
    0x080045ec   0x080045ec   0x0000015c   Code   RO          733    i.HAL_UARTEx_RxEventCallback  usart.o
    0x08004748   0x08004748   0x00000002   Code   RO         5728    i.HAL_UARTEx_RxFifoFullCallback  stm32g4xx_hal_uart_ex.o
    0x0800474a   0x0800474a   0x0000005e   Code   RO         5729    i.HAL_UARTEx_SetRxFifoThreshold  stm32g4xx_hal_uart_ex.o
    0x080047a8   0x080047a8   0x0000005e   Code   RO         5730    i.HAL_UARTEx_SetTxFifoThreshold  stm32g4xx_hal_uart_ex.o
    0x08004806   0x08004806   0x00000002   Code   RO         5732    i.HAL_UARTEx_TxFifoEmptyCallback  stm32g4xx_hal_uart_ex.o
    0x08004808   0x08004808   0x00000002   Code   RO         5733    i.HAL_UARTEx_WakeupCallback  stm32g4xx_hal_uart_ex.o
    0x0800480a   0x0800480a   0x00000002   Code   RO         5320    i.HAL_UART_ErrorCallback  stm32g4xx_hal_uart.o
    0x0800480c   0x0800480c   0x000003d0   Code   RO         5323    i.HAL_UART_IRQHandler  stm32g4xx_hal_uart.o
    0x08004bdc   0x08004bdc   0x00000078   Code   RO         5324    i.HAL_UART_Init     stm32g4xx_hal_uart.o
    0x08004c54   0x08004c54   0x00000574   Code   RO          735    i.HAL_UART_MspInit  usart.o
    0x080051c8   0x080051c8   0x00000112   Code   RO         5327    i.HAL_UART_Receive  stm32g4xx_hal_uart.o
    0x080052da   0x080052da   0x00000002   PAD
    0x080052dc   0x080052dc   0x0000005c   Code   RO         5329    i.HAL_UART_Receive_IT  stm32g4xx_hal_uart.o
    0x08005338   0x08005338   0x00000002   Code   RO         5331    i.HAL_UART_RxCpltCallback  stm32g4xx_hal_uart.o
    0x0800533a   0x0800533a   0x00000002   Code   RO         5332    i.HAL_UART_RxHalfCpltCallback  stm32g4xx_hal_uart.o
    0x0800533c   0x0800533c   0x000000c2   Code   RO         5333    i.HAL_UART_Transmit  stm32g4xx_hal_uart.o
    0x080053fe   0x080053fe   0x00000002   PAD
    0x08005400   0x08005400   0x000000a0   Code   RO         5334    i.HAL_UART_Transmit_DMA  stm32g4xx_hal_uart.o
    0x080054a0   0x080054a0   0x00000002   Code   RO         5336    i.HAL_UART_TxCpltCallback  stm32g4xx_hal_uart.o
    0x080054a2   0x080054a2   0x00000002   Code   RO         5337    i.HAL_UART_TxHalfCpltCallback  stm32g4xx_hal_uart.o
    0x080054a4   0x080054a4   0x00000010   Code   RO          853    i.HRTIM1_Master_IRQHandler  stm32g4xx_it.o
    0x080054b4   0x080054b4   0x00000010   Code   RO          854    i.HRTIM1_TIMB_IRQHandler  stm32g4xx_it.o
    0x080054c4   0x080054c4   0x00000094   Code   RO         3401    i.HRTIM_ForceRegistersUpdate  stm32g4xx_hal_hrtim.o
    0x08005558   0x08005558   0x000000c8   Code   RO         3405    i.HRTIM_HRTIM_ISR   stm32g4xx_hal_hrtim.o
    0x08005620   0x08005620   0x00000028   Code   RO         3406    i.HRTIM_MasterBase_Config  stm32g4xx_hal_hrtim.o
    0x08005648   0x08005648   0x0000009e   Code   RO         3407    i.HRTIM_MasterWaveform_Config  stm32g4xx_hal_hrtim.o
    0x080056e6   0x080056e6   0x0000011a   Code   RO         3408    i.HRTIM_Master_ISR  stm32g4xx_hal_hrtim.o
    0x08005800   0x08005800   0x00000106   Code   RO         3409    i.HRTIM_OutputConfig  stm32g4xx_hal_hrtim.o
    0x08005906   0x08005906   0x000001ee   Code   RO         3411    i.HRTIM_Timer_ISR   stm32g4xx_hal_hrtim.o
    0x08005af4   0x08005af4   0x00000040   Code   RO         3412    i.HRTIM_TimingUnitBase_Config  stm32g4xx_hal_hrtim.o
    0x08005b34   0x08005b34   0x0000024c   Code   RO         3414    i.HRTIM_TimingUnitWaveform_Config  stm32g4xx_hal_hrtim.o
    0x08005d80   0x08005d80   0x0000005a   Code   RO         3415    i.HRTIM_TimingUnitWaveform_Control  stm32g4xx_hal_hrtim.o
    0x08005dda   0x08005dda   0x00000004   Code   RO          855    i.HardFault_Handler  stm32g4xx_it.o
    0x08005dde   0x08005dde   0x00000002   PAD
    0x08005de0   0x08005de0   0x00000010   Code   RO         1092    i.LL_ADC_Enable     stm32g4xx_hal_adc.o
    0x08005df0   0x08005df0   0x0000000a   Code   RO         1093    i.LL_ADC_GetCommonPathInternalCh  stm32g4xx_hal_adc.o
    0x08005dfa   0x08005dfa   0x0000000a   Code   RO         1095    i.LL_ADC_GetMultimode  stm32g4xx_hal_adc.o
    0x08005e04   0x08005e04   0x00000012   Code   RO         1096    i.LL_ADC_GetOffsetChannel  stm32g4xx_hal_adc.o
    0x08005e16   0x08005e16   0x0000000a   Code   RO         1097    i.LL_ADC_INJ_IsConversionOngoing  stm32g4xx_hal_adc.o
    0x08005e20   0x08005e20   0x0000000a   Code   RO         1099    i.LL_ADC_IsEnabled  stm32g4xx_hal_adc.o
    0x08005e2a   0x08005e2a   0x0000000a   Code   RO         1380    i.LL_ADC_IsEnabled  stm32g4xx_hal_adc_ex.o
    0x08005e34   0x08005e34   0x0000000a   Code   RO         1100    i.LL_ADC_IsInternalRegulatorEnabled  stm32g4xx_hal_adc.o
    0x08005e3e   0x08005e3e   0x0000000a   Code   RO         1101    i.LL_ADC_REG_IsConversionOngoing  stm32g4xx_hal_adc.o
    0x08005e48   0x08005e48   0x0000000a   Code   RO         1381    i.LL_ADC_REG_IsConversionOngoing  stm32g4xx_hal_adc_ex.o
    0x08005e52   0x08005e52   0x00000012   Code   RO         1102    i.LL_ADC_REG_IsTriggerSourceSWStart  stm32g4xx_hal_adc.o
    0x08005e64   0x08005e64   0x00000010   Code   RO         1103    i.LL_ADC_REG_StartConversion  stm32g4xx_hal_adc.o
    0x08005e74   0x08005e74   0x00000028   Code   RO         1105    i.LL_ADC_SetChannelSamplingTime  stm32g4xx_hal_adc.o
    0x08005e9c   0x08005e9c   0x0000000c   Code   RO         1106    i.LL_ADC_SetCommonPathInternalCh  stm32g4xx_hal_adc.o
    0x08005ea8   0x08005ea8   0x00000016   Code   RO         1107    i.LL_ADC_SetOffsetState  stm32g4xx_hal_adc.o
    0x08005ebe   0x08005ebe   0x0000000c   Code   RO         1108    i.LL_ADC_SetSamplingTimeCommonConfig  stm32g4xx_hal_adc.o
    0x08005eca   0x08005eca   0x00000002   PAD
    0x08005ecc   0x08005ecc   0x000000bc   Code   RO          479    i.MX_ADC1_Init      adc.o
    0x08005f88   0x08005f88   0x000000a4   Code   RO          480    i.MX_ADC2_Init      adc.o
    0x0800602c   0x0800602c   0x00000040   Code   RO          545    i.MX_CRC_Init       crc.o
    0x0800606c   0x0800606c   0x00000118   Code   RO          585    i.MX_DMA_Init       dma.o
    0x08006184   0x08006184   0x000000e8   Code   RO          450    i.MX_GPIO_Init      gpio.o
    0x0800626c   0x0800626c   0x00000260   Code   RO          613    i.MX_HRTIM1_Init    hrtim.o
    0x080064cc   0x080064cc   0x0000007c   Code   RO          688    i.MX_TIM1_Init      tim.o
    0x08006548   0x08006548   0x0000007c   Code   RO          736    i.MX_UART4_Init     usart.o
    0x080065c4   0x080065c4   0x0000007c   Code   RO          737    i.MX_UART5_Init     usart.o
    0x08006640   0x08006640   0x00000084   Code   RO          738    i.MX_USART1_UART_Init  usart.o
    0x080066c4   0x080066c4   0x00000084   Code   RO          739    i.MX_USART2_UART_Init  usart.o
    0x08006748   0x08006748   0x00000078   Code   RO          740    i.MX_USART3_UART_Init  usart.o
    0x080067c0   0x080067c0   0x00000004   Code   RO          856    i.MemManage_Handler  stm32g4xx_it.o
    0x080067c4   0x080067c4   0x00000004   Code   RO          857    i.NMI_Handler       stm32g4xx_it.o
    0x080067c8   0x080067c8   0x00000090   Code   RO          615    i.PWM_TEST          hrtim.o
    0x08006858   0x08006858   0x00000002   Code   RO          858    i.PendSV_Handler    stm32g4xx_it.o
    0x0800685a   0x0800685a   0x00000002   PAD
    0x0800685c   0x0800685c   0x00000068   Code   RO         1856    i.RCC_GetSysClockFreqFromPLLSource  stm32g4xx_hal_rcc.o
    0x080068c4   0x080068c4   0x00000016   Code   RO           10    i.RFQ_Init          ringframequeue.o
    0x080068da   0x080068da   0x00000018   Code   RO           11    i.RFQ_Memcpy        ringframequeue.o
    0x080068f2   0x080068f2   0x0000006c   Code   RO           13    i.RFQ_Push          ringframequeue.o
    0x0800695e   0x0800695e   0x00000002   Code   RO          859    i.SVC_Handler       stm32g4xx_it.o
    0x08006960   0x08006960   0x00000008   Code   RO          860    i.SysTick_Handler   stm32g4xx_it.o
    0x08006968   0x08006968   0x0000006a   Code   RO          384    i.SystemClock_Config  main.o
    0x080069d2   0x080069d2   0x00000002   PAD
    0x080069d4   0x080069d4   0x00000014   Code   RO         5844    i.SystemInit        system_stm32g4xx.o
    0x080069e8   0x080069e8   0x00000010   Code   RO          861    i.TIM1_UP_TIM16_IRQHandler  stm32g4xx_it.o
    0x080069f8   0x080069f8   0x000000f0   Code   RO         4234    i.TIM_Base_SetConfig  stm32g4xx_hal_tim.o
    0x08006ae8   0x08006ae8   0x00000016   Code   RO         4245    i.TIM_ETR_SetConfig  stm32g4xx_hal_tim.o
    0x08006afe   0x08006afe   0x00000002   PAD
    0x08006b00   0x08006b00   0x00000018   Code   RO         4246    i.TIM_ITRx_SetConfig  stm32g4xx_hal_tim.o
    0x08006b18   0x08006b18   0x00000026   Code   RO         4254    i.TIM_TI1_ConfigInputStage  stm32g4xx_hal_tim.o
    0x08006b3e   0x08006b3e   0x00000028   Code   RO         4256    i.TIM_TI2_ConfigInputStage  stm32g4xx_hal_tim.o
    0x08006b66   0x08006b66   0x00000002   PAD
    0x08006b68   0x08006b68   0x00000010   Code   RO          862    i.UART4_IRQHandler  stm32g4xx_it.o
    0x08006b78   0x08006b78   0x00000010   Code   RO          863    i.UART5_IRQHandler  stm32g4xx_it.o
    0x08006b88   0x08006b88   0x00000058   Code   RO         5734    i.UARTEx_SetNbDataToProcess  stm32g4xx_hal_uart_ex.o
    0x08006be0   0x08006be0   0x000000f8   Code   RO         5338    i.UART_AdvFeatureConfig  stm32g4xx_hal_uart.o
    0x08006cd8   0x08006cd8   0x000000ea   Code   RO         5339    i.UART_CheckIdleState  stm32g4xx_hal_uart.o
    0x08006dc2   0x08006dc2   0x00000014   Code   RO         5340    i.UART_DMAAbortOnError  stm32g4xx_hal_uart.o
    0x08006dd6   0x08006dd6   0x0000005e   Code   RO         5341    i.UART_DMAError     stm32g4xx_hal_uart.o
    0x08006e34   0x08006e34   0x000000b4   Code   RO         5342    i.UART_DMAReceiveCplt  stm32g4xx_hal_uart.o
    0x08006ee8   0x08006ee8   0x00000026   Code   RO         5344    i.UART_DMARxHalfCplt  stm32g4xx_hal_uart.o
    0x08006f0e   0x08006f0e   0x00000056   Code   RO         5346    i.UART_DMATransmitCplt  stm32g4xx_hal_uart.o
    0x08006f64   0x08006f64   0x0000000e   Code   RO         5348    i.UART_DMATxHalfCplt  stm32g4xx_hal_uart.o
    0x08006f72   0x08006f72   0x00000002   PAD
    0x08006f74   0x08006f74   0x0000006c   Code   RO         5350    i.UART_EndRxTransfer  stm32g4xx_hal_uart.o
    0x08006fe0   0x08006fe0   0x00000030   Code   RO         5351    i.UART_EndTransmit_IT  stm32g4xx_hal_uart.o
    0x08007010   0x08007010   0x00000040   Code   RO         5352    i.UART_EndTxTransfer  stm32g4xx_hal_uart.o
    0x08007050   0x08007050   0x00000104   Code   RO         5353    i.UART_RxISR_16BIT  stm32g4xx_hal_uart.o
    0x08007154   0x08007154   0x00000200   Code   RO         5354    i.UART_RxISR_16BIT_FIFOEN  stm32g4xx_hal_uart.o
    0x08007354   0x08007354   0x00000104   Code   RO         5355    i.UART_RxISR_8BIT   stm32g4xx_hal_uart.o
    0x08007458   0x08007458   0x000001fc   Code   RO         5356    i.UART_RxISR_8BIT_FIFOEN  stm32g4xx_hal_uart.o
    0x08007654   0x08007654   0x000003c8   Code   RO         5357    i.UART_SetConfig    stm32g4xx_hal_uart.o
    0x08007a1c   0x08007a1c   0x000000c8   Code   RO         5358    i.UART_Start_Receive_DMA  stm32g4xx_hal_uart.o
    0x08007ae4   0x08007ae4   0x0000015c   Code   RO         5359    i.UART_Start_Receive_IT  stm32g4xx_hal_uart.o
    0x08007c40   0x08007c40   0x000000ac   Code   RO         5364    i.UART_WaitOnFlagUntilTimeout  stm32g4xx_hal_uart.o
    0x08007cec   0x08007cec   0x00000010   Code   RO          864    i.USART1_IRQHandler  stm32g4xx_it.o
    0x08007cfc   0x08007cfc   0x00000010   Code   RO          865    i.USART2_IRQHandler  stm32g4xx_it.o
    0x08007d0c   0x08007d0c   0x00000040   Code   RO          742    i.USART345_EncoderTrigger_Send  usart.o
    0x08007d4c   0x08007d4c   0x00000010   Code   RO          866    i.USART3_IRQHandler  stm32g4xx_it.o
    0x08007d5c   0x08007d5c   0x00000004   Code   RO          867    i.UsageFault_Handler  stm32g4xx_it.o
    0x08007d60   0x08007d60   0x00000070   Code   RO          616    i.User_Func_SetPulse  hrtim.o
    0x08007dd0   0x08007dd0   0x00000002   Code   RO          385    i.Working_Task      main.o
    0x08007dd2   0x08007dd2   0x00000002   PAD
    0x08007dd4   0x08007dd4   0x00000020   Code   RO         6121    i.__0printf         mc_w.l(printfa.o)
    0x08007df4   0x08007df4   0x00000010   Code   RO         3033    i.__NVIC_GetPriorityGrouping  stm32g4xx_hal_cortex.o
    0x08007e04   0x08007e04   0x00000028   Code   RO         3034    i.__NVIC_SetPriority  stm32g4xx_hal_cortex.o
    0x08007e2c   0x08007e2c   0x0000000e   Code   RO         6199    i.__scatterload_copy  mc_w.l(handlers.o)
    0x08007e3a   0x08007e3a   0x00000002   Code   RO         6200    i.__scatterload_null  mc_w.l(handlers.o)
    0x08007e3c   0x08007e3c   0x0000000e   Code   RO         6201    i.__scatterload_zeroinit  mc_w.l(handlers.o)
    0x08007e4a   0x08007e4a   0x00000002   PAD
    0x08007e4c   0x08007e4c   0x00000184   Code   RO         6128    i._fp_digits        mc_w.l(printfa.o)
    0x08007fd0   0x08007fd0   0x000006b4   Code   RO         6129    i._printf_core      mc_w.l(printfa.o)
    0x08008684   0x08008684   0x00000024   Code   RO         6130    i._printf_post_padding  mc_w.l(printfa.o)
    0x080086a8   0x080086a8   0x0000002e   Code   RO         6131    i._printf_pre_padding  mc_w.l(printfa.o)
    0x080086d6   0x080086d6   0x00000002   PAD
    0x080086d8   0x080086d8   0x0000001c   Code   RO           52    i.fputc             debug.o
    0x080086f4   0x080086f4   0x00000304   Code   RO          386    i.main              main.o
    0x080089f8   0x080089f8   0x00000040   Code   RO          387    i.u32CRC_TEST       main.o
    0x08008a38   0x08008a38   0x00000068   Data   RO          389    .constdata          main.o
    0x08008aa0   0x08008aa0   0x00000008   Data   RO          618    .constdata          hrtim.o
    0x08008aa8   0x08008aa8   0x00000018   Data   RO         5365    .constdata          stm32g4xx_hal_uart.o
    0x08008ac0   0x08008ac0   0x00000010   Data   RO         5736    .constdata          stm32g4xx_hal_uart_ex.o
    0x08008ad0   0x08008ad0   0x00000018   Data   RO         5845    .constdata          system_stm32g4xx.o
    0x08008ae8   0x08008ae8   0x00000049   Data   RO          482    .conststring        adc.o
    0x08008b31   0x08008b31   0x00000003   PAD
    0x08008b34   0x08008b34   0x0000004b   Data   RO          619    .conststring        hrtim.o
    0x08008b7f   0x08008b7f   0x00000001   PAD
    0x08008b80   0x08008b80   0x00000020   Data   RO         6197    Region$$Table       anon$$obj.o


    Execution Region RW_IRAM1 (Exec base: 0x20000000, Load base: 0x08008ba0, Size: 0x00001ff8, Max: 0x00020000, ABSOLUTE)

    Exec Addr    Load Addr    Size         Type   Attr      Idx    E Section Name        Object

    0x20000000   0x08008ba0   0x0000000d   Data   RW          390    .data               main.o
    0x2000000d   0x08008bad   0x00000003   PAD
    0x20000010   0x08008bb0   0x00000010   Data   RW          483    .data               adc.o
    0x20000020   0x08008bc0   0x0000000c   Data   RW          620    .data               hrtim.o
    0x2000002c   0x08008bcc   0x00000013   Data   RW          747    .data               usart.o
    0x2000003f   0x08008bdf   0x00000001   PAD
    0x20000040   0x08008be0   0x0000000c   Data   RW         1627    .data               stm32g4xx_hal.o
    0x2000004c   0x08008bec   0x0000001c   Data   RW         3416    .data               stm32g4xx_hal_hrtim.o
    0x20000068   0x08008c08   0x00000004   Data   RW         5846    .data               system_stm32g4xx.o
    0x2000006c   0x08008c0c   0x00000004   Data   RW         6175    .data               mc_w.l(stdout.o)
    0x20000070        -       0x00000198   Zero   RW          481    .bss                adc.o
    0x20000208        -       0x00000024   Zero   RW          546    .bss                crc.o
    0x2000022c        -       0x000000fc   Zero   RW          617    .bss                hrtim.o
    0x20000328        -       0x0000004c   Zero   RW          689    .bss                tim.o
    0x20000374        -       0x00001880   Zero   RW          746    .bss                usart.o
    0x20001bf4   0x08008c10   0x00000004   PAD
    0x20001bf8        -       0x00000400   Zero   RW            1    STACK               startup_stm32g474xx.o


==============================================================================

Image component sizes


      Code (inc. data)   RO Data    RW Data    ZI Data      Debug   Object Name

      1516        244         73         16        408       4986   adc.o
       112         16          0          0         36       1611   crc.o
        28          6          0          0          0    1041213   debug.o
       280          4          0          0          0        966   dma.o
       232         12          0          0          0       1063   gpio.o
      1328        200         83         12        252       5219   hrtim.o
       950        482        104         13          0       4087   main.o
       154          0          0          0          0       7554   ringframequeue.o
        36          8        472          0       1024        860   startup_stm32g474xx.o
       194         32          0         12          0       4489   stm32g4xx_hal.o
      3070        174          0          0          0      84821   stm32g4xx_hal_adc.o
       460         26          0          0          0      69263   stm32g4xx_hal_adc_ex.o
       310         22          0          0          0      34539   stm32g4xx_hal_cortex.o
       440          4          0          0          0       3620   stm32g4xx_hal_crc.o
       112          0          0          0          0       1271   stm32g4xx_hal_crc_ex.o
      1090         22          0          0          0       6518   stm32g4xx_hal_dma.o
       470         32          0          0          0       2124   stm32g4xx_hal_gpio.o
      5066         36          0         28          0      37135   stm32g4xx_hal_hrtim.o
        68          6          0          0          0        902   stm32g4xx_hal_msp.o
       300         18          0          0          0       1457   stm32g4xx_hal_pwr_ex.o
      2260        106          0          0          0       7440   stm32g4xx_hal_rcc.o
      1048         10          0          0          0       2032   stm32g4xx_hal_rcc_ex.o
      1522         88          0          0          0      10347   stm32g4xx_hal_tim.o
       230         34          0          0          0       5776   stm32g4xx_hal_tim_ex.o
      6188        166         24          0          0      46923   stm32g4xx_hal_uart.o
       464         10         16          0          0       7221   stm32g4xx_hal_uart_ex.o
       354        116          0          0          0      15051   stm32g4xx_it.o
        20          6         24          4          0       1199   system_stm32g4xx.o
       216         26          0          0         76       2382   tim.o
      2440        286          0         19       6272       9064   usart.o

    ----------------------------------------------------------------------
     30992       2192        832        108       8072    1421133   Object Totals
         0          0         32          0          0          0   (incl. Generated)
        34          0          4          4          4          0   (incl. Padding)

    ----------------------------------------------------------------------

      Code (inc. data)   RO Data    RW Data    ZI Data      Debug   Library Member Name

         0          0          0          0          0          0   entry.o
         0          0          0          0          0          0   entry10a.o
         0          0          0          0          0          0   entry11a.o
         4          0          0          0          0          0   entry12b.o
         8          4          0          0          0          0   entry2.o
         4          0          0          0          0          0   entry5.o
         0          0          0          0          0          0   entry7b.o
         0          0          0          0          0          0   entry8b.o
         8          4          0          0          0          0   entry9a.o
        30          0          0          0          0          0   handlers.o
        36          8          0          0          0         68   init.o
         0          0          0          0          0          0   iusefp.o
        30          0          0          0          0         68   llshl.o
        36          0          0          0          0         68   llsshr.o
        32          0          0          0          0         68   llushr.o
        36          0          0          0          0         68   memcpya.o
        36          0          0          0          0        108   memseta.o
      2218         90          0          0          0        464   printfa.o
         0          0          0          4          0          0   stdout.o
        44          0          0          0          0         80   uidiv.o
        98          0          0          0          0         92   uldiv.o
        48          0          0          0          0         68   cdrcmple.o
        56          0          0          0          0         88   d2f.o
       334          0          0          0          0        148   dadd.o
       222          0          0          0          0        100   ddiv.o
       186          0          0          0          0        176   depilogue.o
        48          0          0          0          0         68   dfixul.o
        26          0          0          0          0         76   dfltui.o
       228          0          0          0          0         96   dmul.o
        38          0          0          0          0         68   f2d.o
       110          0          0          0          0        168   fepilogue.o

    ----------------------------------------------------------------------
      3920        106          0          4          0       2140   Library Totals
         4          0          0          0          0          0   (incl. Padding)

    ----------------------------------------------------------------------

      Code (inc. data)   RO Data    RW Data    ZI Data      Debug   Library Name

      2620        106          0          4          0       1084   mc_w.l
      1296          0          0          0          0       1056   mf_w.l

    ----------------------------------------------------------------------
      3920        106          0          4          0       2140   Library Totals

    ----------------------------------------------------------------------

==============================================================================


      Code (inc. data)   RO Data    RW Data    ZI Data      Debug   

     34912       2298        832        112       8072    1399537   Grand Totals
     34912       2298        832        112       8072    1399537   ELF Image Totals
     34912       2298        832        112          0          0   ROM Totals

==============================================================================

    Total RO  Size (Code + RO Data)                35744 (  34.91kB)
    Total RW  Size (RW Data + ZI Data)              8184 (   7.99kB)
    Total ROM Size (Code + RO Data + RW Data)      35856 (  35.02kB)

==============================================================================

