Component: ARM Compiler 5.06 update 7 (build 960) Tool: armlink [4d3601]

==============================================================================

Section Cross References

    startup_stm32g474xx.o(RESET) refers to startup_stm32g474xx.o(STACK) for __initial_sp
    startup_stm32g474xx.o(RESET) refers to startup_stm32g474xx.o(.text) for Reset_Handler
    startup_stm32g474xx.o(RESET) refers to stm32g4xx_it.o(i.NMI_Handler) for NMI_Handler
    startup_stm32g474xx.o(RESET) refers to stm32g4xx_it.o(i.HardFault_Handler) for HardFault_Handler
    startup_stm32g474xx.o(RESET) refers to stm32g4xx_it.o(i.MemManage_Handler) for MemManage_Handler
    startup_stm32g474xx.o(RESET) refers to stm32g4xx_it.o(i.BusFault_Handler) for BusFault_Handler
    startup_stm32g474xx.o(RESET) refers to stm32g4xx_it.o(i.UsageFault_Handler) for UsageFault_Handler
    startup_stm32g474xx.o(RESET) refers to stm32g4xx_it.o(i.SVC_Handler) for SVC_Handler
    startup_stm32g474xx.o(RESET) refers to stm32g4xx_it.o(i.DebugMon_Handler) for DebugMon_Handler
    startup_stm32g474xx.o(RESET) refers to stm32g4xx_it.o(i.PendSV_Handler) for PendSV_Handler
    startup_stm32g474xx.o(RESET) refers to stm32g4xx_it.o(i.SysTick_Handler) for SysTick_Handler
    startup_stm32g474xx.o(RESET) refers to stm32g4xx_it.o(i.DMA1_Channel1_IRQHandler) for DMA1_Channel1_IRQHandler
    startup_stm32g474xx.o(RESET) refers to stm32g4xx_it.o(i.DMA1_Channel2_IRQHandler) for DMA1_Channel2_IRQHandler
    startup_stm32g474xx.o(RESET) refers to stm32g4xx_it.o(i.DMA1_Channel3_IRQHandler) for DMA1_Channel3_IRQHandler
    startup_stm32g474xx.o(RESET) refers to stm32g4xx_it.o(i.DMA1_Channel4_IRQHandler) for DMA1_Channel4_IRQHandler
    startup_stm32g474xx.o(RESET) refers to stm32g4xx_it.o(i.DMA1_Channel5_IRQHandler) for DMA1_Channel5_IRQHandler
    startup_stm32g474xx.o(RESET) refers to stm32g4xx_it.o(i.DMA1_Channel6_IRQHandler) for DMA1_Channel6_IRQHandler
    startup_stm32g474xx.o(RESET) refers to stm32g4xx_it.o(i.DMA1_Channel7_IRQHandler) for DMA1_Channel7_IRQHandler
    startup_stm32g474xx.o(RESET) refers to stm32g4xx_it.o(i.TIM1_UP_TIM16_IRQHandler) for TIM1_UP_TIM16_IRQHandler
    startup_stm32g474xx.o(RESET) refers to stm32g4xx_it.o(i.USART1_IRQHandler) for USART1_IRQHandler
    startup_stm32g474xx.o(RESET) refers to stm32g4xx_it.o(i.USART2_IRQHandler) for USART2_IRQHandler
    startup_stm32g474xx.o(RESET) refers to stm32g4xx_it.o(i.USART3_IRQHandler) for USART3_IRQHandler
    startup_stm32g474xx.o(RESET) refers to stm32g4xx_it.o(i.UART4_IRQHandler) for UART4_IRQHandler
    startup_stm32g474xx.o(RESET) refers to stm32g4xx_it.o(i.UART5_IRQHandler) for UART5_IRQHandler
    startup_stm32g474xx.o(RESET) refers to stm32g4xx_it.o(i.DMA2_Channel1_IRQHandler) for DMA2_Channel1_IRQHandler
    startup_stm32g474xx.o(RESET) refers to stm32g4xx_it.o(i.DMA2_Channel2_IRQHandler) for DMA2_Channel2_IRQHandler
    startup_stm32g474xx.o(RESET) refers to stm32g4xx_it.o(i.DMA2_Channel3_IRQHandler) for DMA2_Channel3_IRQHandler
    startup_stm32g474xx.o(RESET) refers to stm32g4xx_it.o(i.DMA2_Channel4_IRQHandler) for DMA2_Channel4_IRQHandler
    startup_stm32g474xx.o(RESET) refers to stm32g4xx_it.o(i.HRTIM1_Master_IRQHandler) for HRTIM1_Master_IRQHandler
    startup_stm32g474xx.o(RESET) refers to stm32g4xx_it.o(i.HRTIM1_TIMB_IRQHandler) for HRTIM1_TIMB_IRQHandler
    startup_stm32g474xx.o(RESET) refers to stm32g4xx_it.o(i.DMA1_Channel8_IRQHandler) for DMA1_Channel8_IRQHandler
    startup_stm32g474xx.o(.text) refers to system_stm32g4xx.o(i.SystemInit) for SystemInit
    startup_stm32g474xx.o(.text) refers to entry.o(.ARM.Collect$$$$00000000) for __main
    ringframequeue.o(i.RFQ_Pop) refers to memcpya.o(.text) for __aeabi_memcpy
    ringframequeue.o(i.RFQ_Push) refers to ringframequeue.o(i.RFQ_Memcpy) for RFQ_Memcpy
    debug.o(i.fputc) refers to stm32g4xx_hal_uart.o(i.HAL_UART_Transmit) for HAL_UART_Transmit
    debug.o(i.fputc) refers to usart.o(.bss) for huart2
    simulink_protocol.o(i.SimulinkProtocol_AssembleFeedbackFrame) refers to simulink_protocol.o(i.SimulinkProtocol_PackInt16LE) for SimulinkProtocol_PackInt16LE
    simulink_protocol.o(i.SimulinkProtocol_AssembleFeedbackFrame) refers to simulink_protocol.o(i.SimulinkProtocol_PackInt32LE) for SimulinkProtocol_PackInt32LE
    simulink_protocol.o(i.SimulinkProtocol_AssembleFeedbackFrame) refers to simulink_protocol.o(i.SimulinkProtocol_CalcCRC16) for SimulinkProtocol_CalcCRC16
    simulink_protocol.o(i.SimulinkProtocol_GetFeedbackTxBuffer) refers to simulink_protocol.o(.bss) for s_feedback_tx_buf
    simulink_protocol.o(i.SimulinkProtocol_PackFeedback) refers to simulink_protocol.o(i.SimulinkProtocol_GetFeedbackTxBuffer) for SimulinkProtocol_GetFeedbackTxBuffer
    simulink_protocol.o(i.SimulinkProtocol_PackFeedback) refers to simulink_protocol.o(i.SimulinkProtocol_AssembleFeedbackFrame) for SimulinkProtocol_AssembleFeedbackFrame
[...]
    i.UART_EndTransmit_IT                    0x08007014   Section        0  stm32g4xx_hal_uart.o(i.UART_EndTransmit_IT)
    UART_EndTransmit_IT                      0x08007015   Thumb Code    48  stm32g4xx_hal_uart.o(i.UART_EndTransmit_IT)
    i.UART_EndTxTransfer                     0x08007044   Section        0  stm32g4xx_hal_uart.o(i.UART_EndTxTransfer)
    UART_EndTxTransfer                       0x08007045   Thumb Code    64  stm32g4xx_hal_uart.o(i.UART_EndTxTransfer)
    i.UART_SetConfig                         0x08007084   Section        0  stm32g4xx_hal_uart.o(i.UART_SetConfig)
    i.UART_Start_Receive_DMA                 0x0800744c   Section        0  stm32g4xx_hal_uart.o(i.UART_Start_Receive_DMA)
    i.UART_WaitOnFlagUntilTimeout            0x08007514   Section        0  stm32g4xx_hal_uart.o(i.UART_WaitOnFlagUntilTimeout)
    i.USART1_IRQHandler                      0x080075c0   Section        0  stm32g4xx_it.o(i.USART1_IRQHandler)
    i.USART2_IRQHandler                      0x080075d0   Section        0  stm32g4xx_it.o(i.USART2_IRQHandler)
    i.USART3_IRQHandler                      0x080075e0   Section        0  stm32g4xx_it.o(i.USART3_IRQHandler)
    i.UsageFault_Handler                     0x080075f0   Section        0  stm32g4xx_it.o(i.UsageFault_Handler)
    i.User_Func_SetPulse                     0x080075f4   Section        0  hrtim.o(i.User_Func_SetPulse)
    i.__0printf                              0x08007660   Section        0  printfa.o(i.__0printf)
    i.__NVIC_GetPriorityGrouping             0x08007680   Section        0  stm32g4xx_hal_cortex.o(i.__NVIC_GetPriorityGrouping)
    __NVIC_GetPriorityGrouping               0x08007681   Thumb Code    10  stm32g4xx_hal_cortex.o(i.__NVIC_GetPriorityGrouping)
    i.__NVIC_SetPriority                     0x08007690   Section        0  stm32g4xx_hal_cortex.o(i.__NVIC_SetPriority)
    __NVIC_SetPriority                       0x08007691   Thumb Code    32  stm32g4xx_hal_cortex.o(i.__NVIC_SetPriority)
    i.__scatterload_copy                     0x080076b8   Section       14  handlers.o(i.__scatterload_copy)
    i.__scatterload_null                     0x080076c6   Section        2  handlers.o(i.__scatterload_null)
    i.__scatterload_zeroinit                 0x080076c8   Section       14  handlers.o(i.__scatterload_zeroinit)
    i._fp_digits                             0x080076d8   Section        0  printfa.o(i._fp_digits)
    _fp_digits                               0x080076d9   Thumb Code   366  printfa.o(i._fp_digits)
    i._printf_core                           0x0800785c   Section        0  printfa.o(i._printf_core)
    _printf_core                             0x0800785d   Thumb Code  1704  printfa.o(i._printf_core)
    i._printf_post_padding                   0x08007f10   Section        0  printfa.o(i._printf_post_padding)
    _printf_post_padding                     0x08007f11   Thumb Code    36  printfa.o(i._printf_post_padding)
    i._printf_pre_padding                    0x08007f34   Section        0  printfa.o(i._printf_pre_padding)
    _printf_pre_padding                      0x08007f35   Thumb Code    46  printfa.o(i._printf_pre_padding)
    i.fputc                                  0x08007f64   Section        0  debug.o(i.fputc)
    i.main                                   0x08007f80   Section        0  main.o(i.main)
    .constdata                               0x08008094   Section       24  main.o(.constdata)
    .constdata                               0x080080ac   Section       24  stm32g4xx_hal_uart.o(.constdata)
    .constdata                               0x080080c4   Section       16  stm32g4xx_hal_uart_ex.o(.constdata)
    numerator                                0x080080c4   Data           8  stm32g4xx_hal_uart_ex.o(.constdata)
    denominator                              0x080080cc   Data           8  stm32g4xx_hal_uart_ex.o(.constdata)
    .constdata                               0x080080d4   Section       24  system_stm32g4xx.o(.constdata)
    .data                                    0x20000000   Section       16  adc.o(.data)
    HAL_RCC_ADC12_CLK_ENABLED                0x2000000c   Data           4  adc.o(.data)
    .data                                    0x20000010   Section        3  hrtim.o(.data)
    .data                                    0x20000013   Section       19  usart.o(.data)
    u8TimedSendByte                          0x20000025   Data           1  usart.o(.data)
    .data                                    0x20000028   Section       12  stm32g4xx_hal.o(.data)
    .data                                    0x20000034   Section       28  stm32g4xx_hal_hrtim.o(.data)
    TimerIdxToTimerId                        0x20000034   Data          28  stm32g4xx_hal_hrtim.o(.data)
    .data                                    0x20000050   Section        4  system_stm32g4xx.o(.data)
    .data                                    0x20000054   Section        4  stdout.o(.data)
    .bss                                     0x20000058   Section       32  simulink_protocol.o(.bss)
    s_feedback_tx_buf                        0x20000058   Data          32  simulink_protocol.o(.bss)
    .bss                                     0x20000078   Section      408  adc.o(.bss)
    .bss                                     0x20000210   Section       36  crc.o(.bss)
    .bss                                     0x20000234   Section      252  hrtim.o(.bss)
    .bss                                     0x20000330   Section       76  tim.o(.bss)
    .bss                                     0x2000037c   Section     6272  usart.o(.bss)
    STACK                                    0x20001c00   Section     1024  startup_stm32g474xx.o(STACK)

    Global Symbols

    Symbol Name                              Value     Ov Type        Size  Object(Section)

    BuildAttributes$$THM_ISAv4$E$P$D$K$B$S$7EM$VFPi3$EXTD16$VFPS$VFMA$PE$A:L22UL41UL21$X:L11$S22US41US21$IEEE1$IW$USESV6$~STKCKD$USESV7$~SHL$OTIME$ROPI$EBA8$MICROLIB$REQ8$PRES8$EABIv2 0x00000000   Number         0  anon$$obj.o ABSOLUTE
    __ARM_use_no_argv                        0x00000000   Number         0  main.o ABSOLUTE
    _printf_a                                0x00000000   Number         0  stubs.o ABSOLUTE
    _printf_c                                0x00000000   Number         0  stubs.o ABSOLUTE
    _printf_charcount                        0x00000000   Number         0  stubs.o ABSOLUTE
    _printf_d                                0x00000000   Number         0  stubs.o ABSOLUTE
    _printf_e                                0x00000000   Number         0  stubs.o ABSOLUTE
    _printf_f                                0x00000000   Number         0  stubs.o ABSOLUTE
    _printf_flags                            0x00000000   Number         0  stubs.o ABSOLUTE
    _printf_fp_dec                           0x00000000   Number         0  stubs.o ABSOLUTE
    _printf_fp_hex                           0x00000000   Number         0  stubs.o ABSOLUTE
    _printf_g                                0x00000000   Number         0  stubs.o ABSOLUTE
    _printf_i                                0x00000000   Number         0  stubs.o ABSOLUTE
    _printf_int_dec                          0x00000000   Number         0  stubs.o ABSOLUTE
    _printf_l                                0x00000000   Number         0  stubs.o ABSOLUTE
    _printf_lc                               0x00000000   Number         0  stubs.o ABSOLUTE
    _printf_ll                               0x00000000   Number         0  stubs.o ABSOLUTE
    _printf_lld                              0x00000000   Number         0  stubs.o ABSOLUTE
    _printf_lli                              0x00000000   Number         0  stubs.o ABSOLUTE
    _printf_llo                              0x00000000   Number         0  stubs.o ABSOLUTE
    _printf_llu                              0x00000000   Number         0  stubs.o ABSOLUTE
    _printf_llx                              0x00000000   Number         0  stubs.o ABSOLUTE
    _printf_longlong_dec                     0x00000000   Number         0  stubs.o ABSOLUTE
    _printf_longlong_hex                     0x00000000   Number         0  stubs.o ABSOLUTE
    _printf_longlong_oct                     0x00000000   Number         0  stubs.o ABSOLUTE
    _printf_ls                               0x00000000   Number         0  stubs.o ABSOLUTE
    _printf_mbtowc                           0x00000000   Number         0  stubs.o ABSOLUTE
    _printf_n                                0x00000000   Number         0  stubs.o ABSOLUTE
    _printf_o                                0x00000000   Number         0  stubs.o ABSOLUTE
    _printf_p                                0x00000000   Number         0  stubs.o ABSOLUTE
    _printf_percent                          0x00000000   Number         0  stubs.o ABSOLUTE
    _printf_pre_padding                      0x00000000   Number         0  stubs.o ABSOLUTE
    _printf_return_value                     0x00000000   Number         0  stubs.o ABSOLUTE
    _printf_s                                0x00000000   Number         0  stubs.o ABSOLUTE
    _printf_sizespec                         0x00000000   Number         0  stubs.o ABSOLUTE
    _printf_str                              0x00000000   Number         0  stubs.o ABSOLUTE
    _printf_truncate_signed                  0x00000000   Number         0  stubs.o ABSOLUTE
    _printf_truncate_unsigned                0x00000000   Number         0  stubs.o ABSOLUTE
    _printf_u                                0x00000000   Number         0  stubs.o ABSOLUTE
    _printf_wc                               0x00000000   Number         0  stubs.o ABSOLUTE
    _printf_wctomb                           0x00000000   Number         0  stubs.o ABSOLUTE
    _printf_widthprec                        0x00000000   Number         0  stubs.o ABSOLUTE
    _printf_x                                0x00000000   Number         0  stubs.o ABSOLUTE
    __arm_fini_                               - Undefined Weak Reference
    __cpp_initialize__aeabi_                  - Undefined Weak Reference
    __cxa_finalize                            - Undefined Weak Reference
    __decompress                              - Undefined Weak Reference
    _clock_init                               - Undefined Weak Reference
    _microlib_exit                            - Undefined Weak Reference
    __Vectors_Size                           0x000001d8   Number         0  startup_stm32g474xx.o ABSOLUTE
    __Vectors                                0x08000000   Data           4  startup_stm32g474xx.o(RESET)
    __Vectors_End                            0x080001d8   Data           0  startup_stm32g474xx.o(RESET)
    __main                                   0x080001d9   Thumb Code     0  entry.o(.ARM.Collect$$$$00000000)
    _main_stk                                0x080001d9   Thumb Code     0  entry2.o(.ARM.Collect$$$$00000001)
    _main_scatterload                        0x080001dd   Thumb Code     0  entry5.o(.ARM.Collect$$$$00000004)
    __main_after_scatterload                 0x080001e1   Thumb Code     0  entry5.o(.ARM.Collect$$$$00000004)
    _main_clock                              0x080001e1   Thumb Code     0  entry7b.o(.ARM.Collect$$$$00000008)
    _main_cpp_init                           0x080001e1   Thumb Code     0  entry8b.o(.ARM.Collect$$$$0000000A)
    _main_init                               0x080001e1   Thumb Code     0  entry9a.o(.ARM.Collect$$$$0000000B)
    __rt_lib_shutdown_fini                   0x080001e9   Thumb Code     0  entry12b.o(.ARM.Collect$$$$0000000E)
    __rt_final_cpp                           0x080001ed   Thumb Code     0  entry10a.o(.ARM.Collect$$$$0000000F)
    __rt_final_exit                          0x080001ed   Thumb Code     0  entry11a.o(.ARM.Collect$$$$00000011)
    Reset_Handler                            0x080001f1   Thumb Code     8  startup_stm32g474xx.o(.text)
    ADC1_2_IRQHandler                        0x0800020b   Thumb Code     0  startup_stm32g474xx.o(.text)
    ADC3_IRQHandler                          0x0800020b   Thumb Code     0  startup_stm32g474xx.o(.text)
    ADC4_IRQHandler                          0x0800020b   Thumb Code     0  startup_stm32g474xx.o(.text)
    ADC5_IRQHandler                          0x0800020b   Thumb Code     0  startup_stm32g474xx.o(.text)
    COMP1_2_3_IRQHandler                     0x0800020b   Thumb Code     0  startup_stm32g474xx.o(.text)
    COMP4_5_6_IRQHandler                     0x0800020b   Thumb Code     0  startup_stm32g474xx.o(.text)
    COMP7_IRQHandler                         0x0800020b   Thumb Code     0  startup_stm32g474xx.o(.text)
    CORDIC_IRQHandler                        0x0800020b   Thumb Code     0  startup_stm32g474xx.o(.text)
    CRS_IRQHandler                           0x0800020b   Thumb Code     0  startup_stm32g474xx.o(.text)
    DMA2_Channel5_IRQHandler                 0x0800020b   Thumb Code     0  startup_stm32g474xx.o(.text)
    DMA2_Channel6_IRQHandler                 0x0800020b   Thumb Code     0  startup_stm32g474xx.o(.text)
    DMA2_Channel7_IRQHandler                 0x0800020b   Thumb Code     0  startup_stm32g474xx.o(.text)
    DMA2_Channel8_IRQHandler                 0x0800020b   Thumb Code     0  startup_stm32g474xx.o(.text)
    DMAMUX_OVR_IRQHandler                    0x0800020b   Thumb Code     0  startup_stm32g474xx.o(.text)
    EXTI0_IRQHandler                         0x0800020b   Thumb Code     0  startup_stm32g474xx.o(.text)
    EXTI15_10_IRQHandler                     0x0800020b   Thumb Code     0  startup_stm32g474xx.o(.text)
    EXTI1_IRQHandler                         0x0800020b   Thumb Code     0  startup_stm32g474xx.o(.text)
    EXTI2_IRQHandler                         0x0800020b   Thumb Code     0  startup_stm32g474xx.o(.text)
    EXTI3_IRQHandler                         0x0800020b   Thumb Code     0  startup_stm32g474xx.o(.text)
    EXTI4_IRQHandler                         0x0800020b   Thumb Code     0  startup_stm32g474xx.o(.text)
    EXTI9_5_IRQHandler                       0x0800020b   Thumb Code     0  startup_stm32g474xx.o(.text)
    FDCAN1_IT0_IRQHandler                    0x0800020b   Thumb Code     0  startup_stm32g474xx.o(.text)
    FDCAN1_IT1_IRQHandler                    0x0800020b   Thumb Code     0  startup_stm32g474xx.o(.text)
    FDCAN2_IT0_IRQHandler                    0x0800020b   Thumb Code     0  startup_stm32g474xx.o(.text)
    FDCAN2_IT1_IRQHandler                    0x0800020b   Thumb Code     0  startup_stm32g474xx.o(.text)
    FDCAN3_IT0_IRQHandler                    0x0800020b   Thumb Code     0  startup_stm32g474xx.o(.text)
    FDCAN3_IT1_IRQHandler                    0x0800020b   Thumb Code     0  startup_stm32g474xx.o(.text)
    FLASH_IRQHandler                         0x0800020b   Thumb Code     0  startup_stm32g474xx.o(.text)
    FMAC_IRQHandler                          0x0800020b   Thumb Code     0  startup_stm32g474xx.o(.text)
    FMC_IRQHandler                           0x0800020b   Thumb Code     0  startup_stm32g474xx.o(.text)
    FPU_IRQHandler                           0x0800020b   Thumb Code     0  startup_stm32g474xx.o(.text)
    HRTIM1_FLT_IRQHandler                    0x0800020b   Thumb Code     0  startup_stm32g474xx.o(.text)
    HRTIM1_TIMA_IRQHandler                   0x0800020b   Thumb Code     0  startup_stm32g474xx.o(.text)
    HRTIM1_TIMC_IRQHandler                   0x0800020b   Thumb Code     0  startup_stm32g474xx.o(.text)
    HRTIM1_TIMD_IRQHandler                   0x0800020b   Thumb Code     0  startup_stm32g474xx.o(.text)
    HRTIM1_TIME_IRQHandler                   0x0800020b   Thumb Code     0  startup_stm32g474xx.o(.text)
    HRTIM1_TIMF_IRQHandler                   0x0800020b   Thumb Code     0  startup_stm32g474xx.o(.text)
    I2C1_ER_IRQHandler                       0x0800020b   Thumb Code     0  startup_stm32g474xx.o(.text)
    I2C1_EV_IRQHandler                       0x0800020b   Thumb Code     0  startup_stm32g474xx.o(.text)
    I2C2_ER_IRQHandler                       0x0800020b   Thumb Code     0  startup_stm32g474xx.o(.text)
    I2C2_EV_IRQHandler                       0x0800020b   Thumb Code     0  startup_stm32g474xx.o(.text)
    I2C3_ER_IRQHandler                       0x0800020b   Thumb Code     0  startup_stm32g474xx.o(.text)
    I2C3_EV_IRQHandler                       0x0800020b   Thumb Code     0  startup_stm32g474xx.o(.text)
    I2C4_ER_IRQHandler                       0x0800020b   Thumb Code     0  startup_stm32g474xx.o(.text)
    I2C4_EV_IRQHandler                       0x0800020b   Thumb Code     0  startup_stm32g474xx.o(.text)
    LPTIM1_IRQHandler                        0x0800020b   Thumb Code     0  startup_stm32g474xx.o(.text)
    LPUART1_IRQHandler                       0x0800020b   Thumb Code     0  startup_stm32g474xx.o(.text)
    PVD_PVM_IRQHandler                       0x0800020b   Thumb Code     0  startup_stm32g474xx.o(.text)
    QUADSPI_IRQHandler                       0x0800020b   Thumb Code     0  startup_stm32g474xx.o(.text)
    RCC_IRQHandler                           0x0800020b   Thumb Code     0  startup_stm32g474xx.o(.text)
    RNG_IRQHandler                           0x0800020b   Thumb Code     0  startup_stm32g474xx.o(.text)
    RTC_Alarm_IRQHandler                     0x0800020b   Thumb Code     0  startup_stm32g474xx.o(.text)
    RTC_TAMP_LSECSS_IRQHandler               0x0800020b   Thumb Code     0  startup_stm32g474xx.o(.text)
    RTC_WKUP_IRQHandler                      0x0800020b   Thumb Code     0  startup_stm32g474xx.o(.text)
    SAI1_IRQHandler                          0x0800020b   Thumb Code     0  startup_stm32g474xx.o(.text)
    SPI1_IRQHandler                          0x0800020b   Thumb Code     0  startup_stm32g474xx.o(.text)
    SPI2_IRQHandler                          0x0800020b   Thumb Code     0  startup_stm32g474xx.o(.text)
    SPI3_IRQHandler                          0x0800020b   Thumb Code     0  startup_stm32g474xx.o(.text)
    SPI4_IRQHandler                          0x0800020b   Thumb Code     0  startup_stm32g474xx.o(.text)
    TIM1_BRK_TIM15_IRQHandler                0x0800020b   Thumb Code     0  startup_stm32g474xx.o(.text)
    TIM1_CC_IRQHandler                       0x0800020b   Thumb Code     0  startup_stm32g474xx.o(.text)
    TIM1_TRG_COM_TIM17_IRQHandler            0x0800020b   Thumb Code     0  startup_stm32g474xx.o(.text)
    TIM20_BRK_IRQHandler                     0x0800020b   Thumb Code     0  startup_stm32g474xx.o(.text)
    TIM20_CC_IRQHandler                      0x0800020b   Thumb Code     0  startup_stm32g474xx.o(.text)
    TIM20_TRG_COM_IRQHandler                 0x0800020b   Thumb Code     0  startup_stm32g474xx.o(.text)
    TIM20_UP_IRQHandler                      0x0800020b   Thumb Code     0  startup_stm32g474xx.o(.text)
    TIM2_IRQHandler                          0x0800020b   Thumb Code     0  startup_stm32g474xx.o(.text)
    TIM3_IRQHandler                          0x0800020b   Thumb Code     0  startup_stm32g474xx.o(.text)
    TIM4_IRQHandler                          0x0800020b   Thumb Code     0  startup_stm32g474xx.o(.text)
    TIM5_IRQHandler                          0x0800020b   Thumb Code     0  startup_stm32g474xx.o(.text)
    TIM6_DAC_IRQHandler                      0x0800020b   Thumb Code     0  startup_stm32g474xx.o(.text)
    TIM7_DAC_IRQHandler                      0x0800020b   Thumb Code     0  startup_stm32g474xx.o(.text)
    TIM8_BRK_IRQHandler                      0x0800020b   Thumb Code     0  startup_stm32g474xx.o(.text)
    TIM8_CC_IRQHandler                       0x0800020b   Thumb Code     0  startup_stm32g474xx.o(.text)
    TIM8_TRG_COM_IRQHandler                  0x0800020b   Thumb Code     0  startup_stm32g474xx.o(.text)
    TIM8_UP_IRQHandler                       0x0800020b   Thumb Code     0  startup_stm32g474xx.o(.text)
    UCPD1_IRQHandler                         0x0800020b   Thumb Code     0  startup_stm32g474xx.o(.text)
    USBWakeUp_IRQHandler                     0x0800020b   Thumb Code     0  startup_stm32g474xx.o(.text)
    USB_HP_IRQHandler                        0x0800020b   Thumb Code     0  startup_stm32g474xx.o(.text)
    USB_LP_IRQHandler                        0x0800020b   Thumb Code     0  startup_stm32g474xx.o(.text)
    WWDG_IRQHandler                          0x0800020b   Thumb Code     0  startup_stm32g474xx.o(.text)
    __aeabi_uldivmod                         0x08000215   Thumb Code    98  uldiv.o(.text)
    __aeabi_memcpy                           0x08000277   Thumb Code    36  memcpya.o(.text)
    __aeabi_memcpy4                          0x08000277   Thumb Code     0  memcpya.o(.text)
    __aeabi_memcpy8                          0x08000277   Thumb Code     0  memcpya.o(.text)
    __aeabi_memset                           0x0800029b   Thumb Code    14  memseta.o(.text)
    __aeabi_memset4                          0x0800029b   Thumb Code     0  memseta.o(.text)
    __aeabi_memset8                          0x0800029b   Thumb Code     0  memseta.o(.text)
    __aeabi_memclr                           0x080002a9   Thumb Code     4  memseta.o(.text)
    __aeabi_memclr4                          0x080002a9   Thumb Code     0  memseta.o(.text)
    __aeabi_memclr8                          0x080002a9   Thumb Code     0  memseta.o(.text)
    _memset$wrapper                          0x080002ad   Thumb Code    18  memseta.o(.text)
    __aeabi_dadd                             0x080002bf   Thumb Code   322  dadd.o(.text)
    __aeabi_dsub                             0x08000401   Thumb Code     6  dadd.o(.text)
    __aeabi_drsub                            0x08000407   Thumb Code     6  dadd.o(.text)
    __aeabi_ddiv                             0x0800040d   Thumb Code   222  ddiv.o(.text)
    __aeabi_f2d                              0x080004eb   Thumb Code    38  f2d.o(.text)
    __aeabi_uidiv                            0x08000511   Thumb Code     0  uidiv.o(.text)
    __aeabi_uidivmod                         0x08000511   Thumb Code    44  uidiv.o(.text)
    __aeabi_llsl                             0x0800053d   Thumb Code    30  llshl.o(.text)
    _ll_shift_l                              0x0800053d   Thumb Code     0  llshl.o(.text)
    __aeabi_llsr                             0x0800055b   Thumb Code    32  llushr.o(.text)
    _ll_ushift_r                             0x0800055b   Thumb Code     0  llushr.o(.text)
    __aeabi_lasr                             0x0800057b   Thumb Code    36  llsshr.o(.text)
    _ll_sshift_r                             0x0800057b   Thumb Code     0  llsshr.o(.text)
    __I$use$fp                               0x0800059f   Thumb Code     0  iusefp.o(.text)
    _double_round                            0x0800059f   Thumb Code    30  depilogue.o(.text)
    _double_epilogue                         0x080005bd   Thumb Code   156  depilogue.o(.text)
    __aeabi_dmul                             0x08000659   Thumb Code   228  dmul.o(.text)
    __aeabi_d2ulz                            0x0800073d   Thumb Code    48  dfixul.o(.text)
    __aeabi_cdrcmple                         0x0800076d   Thumb Code    48  cdrcmple.o(.text)
    __scatterload                            0x0800079d   Thumb Code    28  init.o(.text)
    __scatterload_rt2                        0x0800079d   Thumb Code     0  init.o(.text)
    ADC_DMAConvCplt                          0x080007c1   Thumb Code   146  stm32g4xx_hal_adc.o(i.ADC_DMAConvCplt)
    ADC_DMAError                             0x08000853   Thumb Code    30  stm32g4xx_hal_adc.o(i.ADC_DMAError)
    ADC_DMAHalfConvCplt                      0x08000871   Thumb Code    14  stm32g4xx_hal_adc.o(i.ADC_DMAHalfConvCplt)
    ADC_Enable                               0x08000881   Thumb Code   200  stm32g4xx_hal_adc.o(i.ADC_Enable)
    ADC_GetMotorVol                          0x08000961   Thumb Code    16  adc.o(i.ADC_GetMotorVol)
    BusFault_Handler                         0x08000979   Thumb Code     4  stm32g4xx_it.o(i.BusFault_Handler)
    DMA1_Channel1_IRQHandler                 0x0800097d   Thumb Code    10  stm32g4xx_it.o(i.DMA1_Channel1_IRQHandler)
    DMA1_Channel2_IRQHandler                 0x0800098d   Thumb Code    10  stm32g4xx_it.o(i.DMA1_Channel2_IRQHandler)
    DMA1_Channel3_IRQHandler                 0x0800099d   Thumb Code    10  stm32g4xx_it.o(i.DMA1_Channel3_IRQHandler)
    DMA1_Channel4_IRQHandler                 0x080009ad   Thumb Code    10  stm32g4xx_it.o(i.DMA1_Channel4_IRQHandler)
    DMA1_Channel5_IRQHandler                 0x080009bd   Thumb Code    10  stm32g4xx_it.o(i.DMA1_Channel5_IRQHandler)
    DMA1_Channel6_IRQHandler                 0x080009cd   Thumb Code    10  stm32g4xx_it.o(i.DMA1_Channel6_IRQHandler)
    DMA1_Channel7_IRQHandler                 0x080009dd   Thumb Code    10  stm32g4xx_it.o(i.DMA1_Channel7_IRQHandler)
    DMA1_Channel8_IRQHandler                 0x080009ed   Thumb Code    10  stm32g4xx_it.o(i.DMA1_Channel8_IRQHandler)
    DMA2_Channel1_IRQHandler                 0x080009fd   Thumb Code    10  stm32g4xx_it.o(i.DMA2_Channel1_IRQHandler)
    DMA2_Channel2_IRQHandler                 0x08000a0d   Thumb Code    10  stm32g4xx_it.o(i.DMA2_Channel2_IRQHandler)
    DMA2_Channel3_IRQHandler                 0x08000a1d   Thumb Code    10  stm32g4xx_it.o(i.DMA2_Channel3_IRQHandler)
    DMA2_Channel4_IRQHandler                 0x08000a2d   Thumb Code    10  stm32g4xx_it.o(i.DMA2_Channel4_IRQHandler)
    DebugMon_Handler                         0x08000ae5   Thumb Code     2  stm32g4xx_it.o(i.DebugMon_Handler)
    Error_Handler                            0x08000d3d   Thumb Code     6  main.o(i.Error_Handler)
    HAL_ADCEx_MultiModeConfigChannel         0x08000d45   Thumb Code   414  stm32g4xx_hal_adc_ex.o(i.HAL_ADCEx_MultiModeConfigChannel)
    HAL_ADC_ConfigChannel                    0x08000efd   Thumb Code  1348  stm32g4xx_hal_adc.o(i.HAL_ADC_ConfigChannel)
    HAL_ADC_ConvCpltCallback                 0x08001471   Thumb Code     2  stm32g4xx_hal_adc.o(i.HAL_ADC_ConvCpltCallback)
    HAL_ADC_ConvHalfCpltCallback             0x08001473   Thumb Code     2  stm32g4xx_hal_adc.o(i.HAL_ADC_ConvHalfCpltCallback)
    HAL_ADC_ErrorCallback                    0x08001475   Thumb Code     2  stm32g4xx_hal_adc.o(i.HAL_ADC_ErrorCallback)
    HAL_ADC_Init                             0x08001479   Thumb Code   652  stm32g4xx_hal_adc.o(i.HAL_ADC_Init)
    HAL_ADC_MspInit                          0x08001731   Thumb Code   394  adc.o(i.HAL_ADC_MspInit)
    HAL_ADC_Start_DMA                        0x080018d5   Thumb Code   306  stm32g4xx_hal_adc.o(i.HAL_ADC_Start_DMA)
    HAL_CRCEx_Polynomial_Set                 0x08001a2d   Thumb Code   112  stm32g4xx_hal_crc_ex.o(i.HAL_CRCEx_Polynomial_Set)
    HAL_CRC_Init                             0x08001a9d   Thumb Code   128  stm32g4xx_hal_crc.o(i.HAL_CRC_Init)
    HAL_CRC_MspInit                          0x08001b21   Thumb Code    40  crc.o(i.HAL_CRC_MspInit)
    HAL_DMA_Abort                            0x08001b51   Thumb Code   118  stm32g4xx_hal_dma.o(i.HAL_DMA_Abort)
    HAL_DMA_Abort_IT                         0x08001bc7   Thumb Code   148  stm32g4xx_hal_dma.o(i.HAL_DMA_Abort_IT)
    HAL_DMA_IRQHandler                       0x08001c5b   Thumb Code   254  stm32g4xx_hal_dma.o(i.HAL_DMA_IRQHandler)
    HAL_DMA_Init                             0x08001d59   Thumb Code   200  stm32g4xx_hal_dma.o(i.HAL_DMA_Init)
    HAL_DMA_Start_IT                         0x08001e29   Thumb Code   194  stm32g4xx_hal_dma.o(i.HAL_DMA_Start_IT)
    HAL_GPIO_Init                            0x08001eed   Thumb Code   428  stm32g4xx_hal_gpio.o(i.HAL_GPIO_Init)
    HAL_GPIO_WritePin                        0x080020b9   Thumb Code    10  stm32g4xx_hal_gpio.o(i.HAL_GPIO_WritePin)
    HAL_GetTick                              0x080020c5   Thumb Code     6  stm32g4xx_hal.o(i.HAL_GetTick)
    HAL_HRTIM_ADCPostScalerConfig            0x080020d1   Thumb Code   328  stm32g4xx_hal_hrtim.o(i.HAL_HRTIM_ADCPostScalerConfig)
    HAL_HRTIM_ADCTriggerConfig               0x08002219   Thumb Code   622  stm32g4xx_hal_hrtim.o(i.HAL_HRTIM_ADCTriggerConfig)
    HAL_HRTIM_BurstModePeriodCallback        0x08002487   Thumb Code     2  stm32g4xx_hal_hrtim.o(i.HAL_HRTIM_BurstModePeriodCallback)
    HAL_HRTIM_Capture1EventCallback          0x08002489   Thumb Code     2  stm32g4xx_hal_hrtim.o(i.HAL_HRTIM_Capture1EventCallback)
    HAL_HRTIM_Capture2EventCallback          0x0800248b   Thumb Code     2  stm32g4xx_hal_hrtim.o(i.HAL_HRTIM_Capture2EventCallback)
    HAL_HRTIM_Compare1EventCallback          0x0800248d   Thumb Code   162  hrtim.o(i.HAL_HRTIM_Compare1EventCallback)
    HAL_HRTIM_Compare2EventCallback          0x08002589   Thumb Code     2  stm32g4xx_hal_hrtim.o(i.HAL_HRTIM_Compare2EventCallback)
    HAL_HRTIM_Compare3EventCallback          0x0800258b   Thumb Code     2  stm32g4xx_hal_hrtim.o(i.HAL_HRTIM_Compare3EventCallback)
    HAL_HRTIM_Compare4EventCallback          0x0800258d   Thumb Code     2  stm32g4xx_hal_hrtim.o(i.HAL_HRTIM_Compare4EventCallback)
    HAL_HRTIM_CounterResetCallback           0x0800258f   Thumb Code     2  stm32g4xx_hal_hrtim.o(i.HAL_HRTIM_CounterResetCallback)
    HAL_HRTIM_DLLCalibrationReadyCallback    0x08002591   Thumb Code     2  stm32g4xx_hal_hrtim.o(i.HAL_HRTIM_DLLCalibrationReadyCallback)
    HAL_HRTIM_DLLCalibrationStart            0x08002593   Thumb Code   128  stm32g4xx_hal_hrtim.o(i.HAL_HRTIM_DLLCalibrationStart)
    HAL_HRTIM_DelayedProtectionCallback      0x08002613   Thumb Code     2  stm32g4xx_hal_hrtim.o(i.HAL_HRTIM_DelayedProtectionCallback)
    HAL_HRTIM_Fault1Callback                 0x08002615   Thumb Code     2  stm32g4xx_hal_hrtim.o(i.HAL_HRTIM_Fault1Callback)
    HAL_HRTIM_Fault2Callback                 0x08002617   Thumb Code     2  stm32g4xx_hal_hrtim.o(i.HAL_HRTIM_Fault2Callback)
    HAL_HRTIM_Fault3Callback                 0x08002619   Thumb Code     2  stm32g4xx_hal_hrtim.o(i.HAL_HRTIM_Fault3Callback)
    HAL_HRTIM_Fault4Callback                 0x0800261b   Thumb Code     2  stm32g4xx_hal_hrtim.o(i.HAL_HRTIM_Fault4Callback)
    HAL_HRTIM_Fault5Callback                 0x0800261d   Thumb Code     2  stm32g4xx_hal_hrtim.o(i.HAL_HRTIM_Fault5Callback)
    HAL_HRTIM_Fault6Callback                 0x0800261f   Thumb Code     2  stm32g4xx_hal_hrtim.o(i.HAL_HRTIM_Fault6Callback)
    HAL_HRTIM_IRQHandler                     0x08002621   Thumb Code    40  stm32g4xx_hal_hrtim.o(i.HAL_HRTIM_IRQHandler)
    HAL_HRTIM_Init                           0x08002649   Thumb Code   258  stm32g4xx_hal_hrtim.o(i.HAL_HRTIM_Init)
    HAL_HRTIM_MspInit                        0x08002755   Thumb Code    74  hrtim.o(i.HAL_HRTIM_MspInit)
    HAL_HRTIM_MspPostInit                    0x080027a9   Thumb Code    84  hrtim.o(i.HAL_HRTIM_MspPostInit)
    HAL_HRTIM_Output1ResetCallback           0x08002805   Thumb Code     2  stm32g4xx_hal_hrtim.o(i.HAL_HRTIM_Output1ResetCallback)
    HAL_HRTIM_Output1SetCallback             0x08002807   Thumb Code     2  stm32g4xx_hal_hrtim.o(i.HAL_HRTIM_Output1SetCallback)
    HAL_HRTIM_Output2ResetCallback           0x08002809   Thumb Code     2  stm32g4xx_hal_hrtim.o(i.HAL_HRTIM_Output2ResetCallback)
    HAL_HRTIM_Output2SetCallback             0x0800280b   Thumb Code     2  stm32g4xx_hal_hrtim.o(i.HAL_HRTIM_Output2SetCallback)
    HAL_HRTIM_PollForDLLCalibration          0x0800280d   Thumb Code    74  stm32g4xx_hal_hrtim.o(i.HAL_HRTIM_PollForDLLCalibration)
    HAL_HRTIM_RegistersUpdateCallback        0x08002857   Thumb Code     2  stm32g4xx_hal_hrtim.o(i.HAL_HRTIM_RegistersUpdateCallback)
    HAL_HRTIM_RepetitionEventCallback        0x08002859   Thumb Code     2  stm32g4xx_hal_hrtim.o(i.HAL_HRTIM_RepetitionEventCallback)
    HAL_HRTIM_SynchronizationEventCallback   0x0800285b   Thumb Code     2  stm32g4xx_hal_hrtim.o(i.HAL_HRTIM_SynchronizationEventCallback)
    HAL_HRTIM_SystemFaultCallback            0x0800285d   Thumb Code     2  stm32g4xx_hal_hrtim.o(i.HAL_HRTIM_SystemFaultCallback)
    HAL_HRTIM_TimeBaseConfig                 0x0800285f   Thumb Code    58  stm32g4xx_hal_hrtim.o(i.HAL_HRTIM_TimeBaseConfig)
    HAL_HRTIM_WaveformCompareConfig          0x08002899   Thumb Code   504  stm32g4xx_hal_hrtim.o(i.HAL_HRTIM_WaveformCompareConfig)
    HAL_HRTIM_WaveformCountStart             0x08002a91   Thumb Code    60  stm32g4xx_hal_hrtim.o(i.HAL_HRTIM_WaveformCountStart)
    HAL_HRTIM_WaveformCountStart_IT          0x08002acd   Thumb Code   158  stm32g4xx_hal_hrtim.o(i.HAL_HRTIM_WaveformCountStart_IT)
    HAL_HRTIM_WaveformOutputConfig           0x08002b71   Thumb Code    84  stm32g4xx_hal_hrtim.o(i.HAL_HRTIM_WaveformOutputConfig)
    HAL_HRTIM_WaveformOutputStart            0x08002bc5   Thumb Code    64  stm32g4xx_hal_hrtim.o(i.HAL_HRTIM_WaveformOutputStart)
    HAL_HRTIM_WaveformTimerConfig            0x08002c05   Thumb Code   216  stm32g4xx_hal_hrtim.o(i.HAL_HRTIM_WaveformTimerConfig)
    HAL_HRTIM_WaveformTimerControl           0x08002cdd   Thumb Code    84  stm32g4xx_hal_hrtim.o(i.HAL_HRTIM_WaveformTimerControl)
    HAL_IncTick                              0x08002d31   Thumb Code    16  stm32g4xx_hal.o(i.HAL_IncTick)
    HAL_Init                                 0x08002d49   Thumb Code    30  stm32g4xx_hal.o(i.HAL_Init)
    HAL_InitTick                             0x08002d69   Thumb Code    74  stm32g4xx_hal.o(i.HAL_InitTick)
    HAL_MspInit                              0x08002dc1   Thumb Code    62  stm32g4xx_hal_msp.o(i.HAL_MspInit)
    HAL_NVIC_EnableIRQ                       0x08002e05   Thumb Code    40  stm32g4xx_hal_cortex.o(i.HAL_NVIC_EnableIRQ)
    HAL_NVIC_SetPriority                     0x08002e2d   Thumb Code   122  stm32g4xx_hal_cortex.o(i.HAL_NVIC_SetPriority)
    HAL_NVIC_SetPriorityGrouping             0x08002ea9   Thumb Code    32  stm32g4xx_hal_cortex.o(i.HAL_NVIC_SetPriorityGrouping)
    HAL_PWREx_ControlVoltageScaling          0x08002ed1   Thumb Code   268  stm32g4xx_hal_pwr_ex.o(i.HAL_PWREx_ControlVoltageScaling)
    HAL_PWREx_DisableUCPDDeadBattery         0x08002fe9   Thumb Code    14  stm32g4xx_hal_pwr_ex.o(i.HAL_PWREx_DisableUCPDDeadBattery)
    HAL_RCCEx_PeriphCLKConfig                0x08002ffd   Thumb Code  1048  stm32g4xx_hal_rcc_ex.o(i.HAL_RCCEx_PeriphCLKConfig)
    HAL_RCC_ClockConfig                      0x08003415   Thumb Code   522  stm32g4xx_hal_rcc.o(i.HAL_RCC_ClockConfig)
    HAL_RCC_GetHCLKFreq                      0x08003639   Thumb Code     6  stm32g4xx_hal_rcc.o(i.HAL_RCC_GetHCLKFreq)
    HAL_RCC_GetPCLK1Freq                     0x08003645   Thumb Code    26  stm32g4xx_hal_rcc.o(i.HAL_RCC_GetPCLK1Freq)
    HAL_RCC_GetPCLK2Freq                     0x08003669   Thumb Code    26  stm32g4xx_hal_rcc.o(i.HAL_RCC_GetPCLK2Freq)
    HAL_RCC_GetSysClockFreq                  0x0800368d   Thumb Code   138  stm32g4xx_hal_rcc.o(i.HAL_RCC_GetSysClockFreq)
    HAL_RCC_OscConfig                        0x08003725   Thumb Code  1360  stm32g4xx_hal_rcc.o(i.HAL_RCC_OscConfig)
    HAL_SYSTICK_Config                       0x08003c81   Thumb Code    52  stm32g4xx_hal_cortex.o(i.HAL_SYSTICK_Config)
    HAL_TIMEx_Break2Callback                 0x08003cb5   Thumb Code     2  stm32g4xx_hal_tim_ex.o(i.HAL_TIMEx_Break2Callback)
    HAL_TIMEx_BreakCallback                  0x08003cb7   Thumb Code     2  stm32g4xx_hal_tim_ex.o(i.HAL_TIMEx_BreakCallback)
    HAL_TIMEx_CommutCallback                 0x08003cb9   Thumb Code     2  stm32g4xx_hal_tim_ex.o(i.HAL_TIMEx_CommutCallback)
    HAL_TIMEx_DirectionChangeCallback        0x08003cbb   Thumb Code     2  stm32g4xx_hal_tim_ex.o(i.HAL_TIMEx_DirectionChangeCallback)
    HAL_TIMEx_EncoderIndexCallback           0x08003cbd   Thumb Code     2  stm32g4xx_hal_tim_ex.o(i.HAL_TIMEx_EncoderIndexCallback)
    HAL_TIMEx_IndexErrorCallback             0x08003cbf   Thumb Code     2  stm32g4xx_hal_tim_ex.o(i.HAL_TIMEx_IndexErrorCallback)
    HAL_TIMEx_MasterConfigSynchronization    0x08003cc1   Thumb Code   182  stm32g4xx_hal_tim_ex.o(i.HAL_TIMEx_MasterConfigSynchronization)
    HAL_TIMEx_TransitionErrorCallback        0x08003d99   Thumb Code     2  stm32g4xx_hal_tim_ex.o(i.HAL_TIMEx_TransitionErrorCallback)
    HAL_TIM_Base_Init                        0x08003d9b   Thumb Code   110  stm32g4xx_hal_tim.o(i.HAL_TIM_Base_Init)
    HAL_TIM_Base_MspInit                     0x08003e09   Thumb Code    58  tim.o(i.HAL_TIM_Base_MspInit)
    HAL_TIM_Base_Start_IT                    0x08003e4d   Thumb Code   146  stm32g4xx_hal_tim.o(i.HAL_TIM_Base_Start_IT)
    HAL_TIM_ConfigClockSource                0x08003f01   Thumb Code   312  stm32g4xx_hal_tim.o(i.HAL_TIM_ConfigClockSource)
    HAL_TIM_IC_CaptureCallback               0x0800403d   Thumb Code     2  stm32g4xx_hal_tim.o(i.HAL_TIM_IC_CaptureCallback)
    HAL_TIM_IRQHandler                       0x0800403f   Thumb Code   544  stm32g4xx_hal_tim.o(i.HAL_TIM_IRQHandler)
    HAL_TIM_OC_DelayElapsedCallback          0x0800425f   Thumb Code     2  stm32g4xx_hal_tim.o(i.HAL_TIM_OC_DelayElapsedCallback)
    HAL_TIM_PWM_PulseFinishedCallback        0x08004261   Thumb Code     2  stm32g4xx_hal_tim.o(i.HAL_TIM_PWM_PulseFinishedCallback)
    HAL_TIM_PeriodElapsedCallback            0x08004263   Thumb Code     2  tim.o(i.HAL_TIM_PeriodElapsedCallback)
    HAL_TIM_TriggerCallback                  0x08004265   Thumb Code     2  stm32g4xx_hal_tim.o(i.HAL_TIM_TriggerCallback)
    HAL_UARTEx_DisableFifoMode               0x08004267   Thumb Code    78  stm32g4xx_hal_uart_ex.o(i.HAL_UARTEx_DisableFifoMode)
    HAL_UARTEx_GetRxEventType                0x080042b5   Thumb Code     6  stm32g4xx_hal_uart_ex.o(i.HAL_UARTEx_GetRxEventType)
    HAL_UARTEx_ReceiveToIdle_DMA             0x080042bb   Thumb Code    98  stm32g4xx_hal_uart_ex.o(i.HAL_UARTEx_ReceiveToIdle_DMA)
    HAL_UARTEx_RxEventCallback               0x0800431d   Thumb Code    26  usart.o(i.HAL_UARTEx_RxEventCallback)
    HAL_UARTEx_RxFifoFullCallback            0x08004337   Thumb Code     2  stm32g4xx_hal_uart_ex.o(i.HAL_UARTEx_RxFifoFullCallback)
    HAL_UARTEx_SetRxFifoThreshold            0x08004339   Thumb Code    94  stm32g4xx_hal_uart_ex.o(i.HAL_UARTEx_SetRxFifoThreshold)
    HAL_UARTEx_SetTxFifoThreshold            0x08004397   Thumb Code    94  stm32g4xx_hal_uart_ex.o(i.HAL_UARTEx_SetTxFifoThreshold)
    HAL_UARTEx_TxFifoEmptyCallback           0x080043f5   Thumb Code     2  stm32g4xx_hal_uart_ex.o(i.HAL_UARTEx_TxFifoEmptyCallback)
    HAL_UARTEx_WakeupCallback                0x080043f7   Thumb Code     2  stm32g4xx_hal_uart_ex.o(i.HAL_UARTEx_WakeupCallback)
    HAL_UART_ErrorCallback                   0x080043f9   Thumb Code     2  stm32g4xx_hal_uart.o(i.HAL_UART_ErrorCallback)
    HAL_UART_IRQHandler                      0x080043fd   Thumb Code   962  stm32g4xx_hal_uart.o(i.HAL_UART_IRQHandler)
    HAL_UART_Init                            0x080047cd   Thumb Code   120  stm32g4xx_hal_uart.o(i.HAL_UART_Init)
    HAL_UART_MspInit                         0x08004845   Thumb Code  1366  usart.o(i.HAL_UART_MspInit)
    HAL_UART_RxCpltCallback                  0x08004db9   Thumb Code     2  stm32g4xx_hal_uart.o(i.HAL_UART_RxCpltCallback)
    HAL_UART_RxHalfCpltCallback              0x08004dbb   Thumb Code     2  stm32g4xx_hal_uart.o(i.HAL_UART_RxHalfCpltCallback)
    HAL_UART_Transmit                        0x08004dbd   Thumb Code   194  stm32g4xx_hal_uart.o(i.HAL_UART_Transmit)
    HAL_UART_Transmit_DMA                    0x08004e81   Thumb Code   148  stm32g4xx_hal_uart.o(i.HAL_UART_Transmit_DMA)
    HAL_UART_TxCpltCallback                  0x08004f21   Thumb Code     2  stm32g4xx_hal_uart.o(i.HAL_UART_TxCpltCallback)
    HAL_UART_TxHalfCpltCallback              0x08004f23   Thumb Code     2  stm32g4xx_hal_uart.o(i.HAL_UART_TxHalfCpltCallback)
    HRTIM1_Master_IRQHandler                 0x08004f25   Thumb Code    12  stm32g4xx_it.o(i.HRTIM1_Master_IRQHandler)
    HRTIM1_TIMB_IRQHandler                   0x08004f35   Thumb Code    12  stm32g4xx_it.o(i.HRTIM1_TIMB_IRQHandler)
    HardFault_Handler                        0x0800585b   Thumb Code     4  stm32g4xx_it.o(i.HardFault_Handler)
    MX_ADC1_Init                             0x0800594d   Thumb Code   174  adc.o(i.MX_ADC1_Init)
    MX_ADC2_Init                             0x08005a09   Thumb Code   146  adc.o(i.MX_ADC2_Init)
    MX_CRC_Init                              0x08005aad   Thumb Code    56  crc.o(i.MX_CRC_Init)
    MX_DMA_Init                              0x08005aed   Thumb Code   276  dma.o(i.MX_DMA_Init)
    MX_GPIO_Init                             0x08005c05   Thumb Code   220  gpio.o(i.MX_GPIO_Init)
    MX_HRTIM1_Init                           0x08005ced   Thumb Code   598  hrtim.o(i.MX_HRTIM1_Init)
    MX_TIM1_Init                             0x08005f4d   Thumb Code   114  tim.o(i.MX_TIM1_Init)
    MX_UART4_Init                            0x08005fc9   Thumb Code   106  usart.o(i.MX_UART4_Init)
    MX_UART5_Init                            0x08006045   Thumb Code   106  usart.o(i.MX_UART5_Init)
    MX_USART1_UART_Init                      0x080060c1   Thumb Code   114  usart.o(i.MX_USART1_UART_Init)
    MX_USART2_UART_Init                      0x08006145   Thumb Code   114  usart.o(i.MX_USART2_UART_Init)
    MX_USART3_UART_Init                      0x080061c9   Thumb Code   108  usart.o(i.MX_USART3_UART_Init)
    MemManage_Handler                        0x08006241   Thumb Code     4  stm32g4xx_it.o(i.MemManage_Handler)
    MotorEncoder_GetData                     0x08006245   Thumb Code    18  usart.o(i.MotorEncoder_GetData)
    MotorService_GetFeedbackData             0x0800625d   Thumb Code   208  motor_service.o(i.MotorService_GetFeedbackData)
    MotorService_InitMotor                   0x080063b9   Thumb Code    22  motor_service.o(i.MotorService_InitMotor)
    MotorService_SetDutyCycle                0x080063dd   Thumb Code    72  motor_service.o(i.MotorService_SetDutyCycle)
    NMI_Handler                              0x08006429   Thumb Code     4  stm32g4xx_it.o(i.NMI_Handler)
    OutputShaftEncoder_GetData               0x0800642d   Thumb Code    18  usart.o(i.OutputShaftEncoder_GetData)
    PWM_DirControl                           0x08006445   Thumb Code    30  hrtim.o(i.PWM_DirControl)
    PWM_Enable                               0x08006469   Thumb Code    30  hrtim.o(i.PWM_Enable)
    PWM_Set_TargePulse                       0x0800648d   Thumb Code    32  hrtim.o(i.PWM_Set_TargePulse)
    PendSV_Handler                           0x080064b5   Thumb Code     2  stm32g4xx_it.o(i.PendSV_Handler)
    RFQ_Init                                 0x08006521   Thumb Code    22  ringframequeue.o(i.RFQ_Init)
    RFQ_Pop                                  0x08006537   Thumb Code    88  ringframequeue.o(i.RFQ_Pop)
    SVC_Handler                              0x0800658f   Thumb Code     2  stm32g4xx_it.o(i.SVC_Handler)
    SimulinkProtocol_GetFeedbackTxBuffer     0x080066a1   Thumb Code     4  simulink_protocol.o(i.SimulinkProtocol_GetFeedbackTxBuffer)
    SimulinkProtocol_PackFeedback            0x080066a9   Thumb Code   198  simulink_protocol.o(i.SimulinkProtocol_PackFeedback)
    SimulinkProtocol_UnpackControl           0x08006855   Thumb Code    58  simulink_protocol.o(i.SimulinkProtocol_UnpackControl)
    Simulink_ControlFrame_GetData            0x0800689d   Thumb Code    96  usart.o(i.Simulink_ControlFrame_GetData)
    Simulink_Feedback_Send                   0x08006901   Thumb Code    38  usart.o(i.Simulink_Feedback_Send)
    StateMachine_MainLoop                    0x0800692d   Thumb Code    80  state_machine.o(i.StateMachine_MainLoop)
    SwingArmEncoder_GetData                  0x0800697d   Thumb Code    18  usart.o(i.SwingArmEncoder_GetData)
    SysTick_Handler                          0x08006995   Thumb Code     8  stm32g4xx_it.o(i.SysTick_Handler)
    SystemClock_Config                       0x0800699d   Thumb Code   106  main.o(i.SystemClock_Config)
    SystemInit                               0x08006a09   Thumb Code    14  system_stm32g4xx.o(i.SystemInit)
    TIM1_UP_TIM16_IRQHandler                 0x08006a1d   Thumb Code    10  stm32g4xx_it.o(i.TIM1_UP_TIM16_IRQHandler)
    TIM_Base_SetConfig                       0x08006a2d   Thumb Code   204  stm32g4xx_hal_tim.o(i.TIM_Base_SetConfig)
    TIM_ETR_SetConfig                        0x08006b1d   Thumb Code    22  stm32g4xx_hal_tim.o(i.TIM_ETR_SetConfig)
    UART4_IRQHandler                         0x08006b9d   Thumb Code    10  stm32g4xx_it.o(i.UART4_IRQHandler)
    UART5_IRQHandler                         0x08006bad   Thumb Code    10  stm32g4xx_it.o(i.UART5_IRQHandler)
    UART_AdvFeatureConfig                    0x08006c15   Thumb Code   248  stm32g4xx_hal_uart.o(i.UART_AdvFeatureConfig)
    UART_CheckIdleState                      0x08006d0d   Thumb Code   234  stm32g4xx_hal_uart.o(i.UART_CheckIdleState)
    UART_SetConfig                           0x08007085   Thumb Code   922  stm32g4xx_hal_uart.o(i.UART_SetConfig)
    UART_Start_Receive_DMA                   0x0800744d   Thumb Code   186  stm32g4xx_hal_uart.o(i.UART_Start_Receive_DMA)
    UART_WaitOnFlagUntilTimeout              0x08007515   Thumb Code   172  stm32g4xx_hal_uart.o(i.UART_WaitOnFlagUntilTimeout)
    USART1_IRQHandler                        0x080075c1   Thumb Code    10  stm32g4xx_it.o(i.USART1_IRQHandler)
    USART2_IRQHandler                        0x080075d1   Thumb Code    10  stm32g4xx_it.o(i.USART2_IRQHandler)
    USART3_IRQHandler                        0x080075e1   Thumb Code    10  stm32g4xx_it.o(i.USART3_IRQHandler)
    UsageFault_Handler                       0x080075f1   Thumb Code     4  stm32g4xx_it.o(i.UsageFault_Handler)
    User_Func_SetPulse                       0x080075f5   Thumb Code    74  hrtim.o(i.User_Func_SetPulse)
    __0printf                                0x08007661   Thumb Code    22  printfa.o(i.__0printf)
    __1printf                                0x08007661   Thumb Code     0  printfa.o(i.__0printf)
    __2printf                                0x08007661   Thumb Code     0  printfa.o(i.__0printf)
    __c89printf                              0x08007661   Thumb Code     0  printfa.o(i.__0printf)
    printf                                   0x08007661   Thumb Code     0  printfa.o(i.__0printf)
    __scatterload_copy                       0x080076b9   Thumb Code    14  handlers.o(i.__scatterload_copy)
    __scatterload_null                       0x080076c7   Thumb Code     2  handlers.o(i.__scatterload_null)
    __scatterload_zeroinit                   0x080076c9   Thumb Code    14  handlers.o(i.__scatterload_zeroinit)
    fputc                                    0x08007f65   Thumb Code    22  debug.o(i.fputc)
    main                                     0x08007f81   Thumb Code   156  main.o(i.main)
    UARTPrescTable                           0x080080ac   Data          24  stm32g4xx_hal_uart.o(.constdata)
    AHBPrescTable                            0x080080d4   Data          16  system_stm32g4xx.o(.constdata)
    APBPrescTable                            0x080080e4   Data           8  system_stm32g4xx.o(.constdata)
    Region$$Table$$Base                      0x080080ec   Number         0  anon$$obj.o(Region$$Table)
    Region$$Table$$Limit                     0x0800810c   Number         0  anon$$obj.o(Region$$Table)
    au16_ADC1_Vol_Value                      0x20000000   Data           4  adc.o(.data)
    au16_ADC2_Vol_Value                      0x20000004   Data           2  adc.o(.data)
    f_TEST_VALUE                             0x20000008   Data           4  adc.o(.data)
    u16TargePulse                            0x20000010   Data           2  hrtim.o(.data)
    u8FlagPulse                              0x20000012   Data           1  hrtim.o(.data)
    au8Uart3DMABuff                          0x20000013   Data           6  usart.o(.data)
    au8Uart4DMABuff                          0x20000019   Data           6  usart.o(.data)
    au8Uart5DMABuff                          0x2000001f   Data           6  usart.o(.data)
    uwTick                                   0x20000028   Data           4  stm32g4xx_hal.o(.data)
    uwTickPrio                               0x2000002c   Data           4  stm32g4xx_hal.o(.data)
    uwTickFreq                               0x20000030   Data           4  stm32g4xx_hal.o(.data)
    SystemCoreClock                          0x20000050   Data           4  system_stm32g4xx.o(.data)
    __stdout                                 0x20000054   Data           4  stdout.o(.data)
    hadc1                                    0x20000078   Data         108  adc.o(.bss)
    hadc2                                    0x200000e4   Data         108  adc.o(.bss)
    hdma_adc1                                0x20000150   Data          96  adc.o(.bss)
    hdma_adc2                                0x200001b0   Data          96  adc.o(.bss)
    hcrc                                     0x20000210   Data          36  crc.o(.bss)
    hhrtim1                                  0x20000234   Data         252  hrtim.o(.bss)
    htim1                                    0x20000330   Data          76  tim.o(.bss)
    au8MotorEncoderBuff                      0x2000037c   Data          12  usart.o(.bss)
    au8OutputShaftEncoderBuff                0x20000388   Data          12  usart.o(.bss)
    au8SwingArmEncoderBuff                   0x20000394   Data          12  usart.o(.bss)
    u8DebugRxBuff                            0x200003a0   Data         100  usart.o(.bss)
    au8Uart1SendBuff                         0x20000404   Data         100  usart.o(.bss)
    au8Uart1RecvBuff                         0x20000468   Data         100  usart.o(.bss)
    au8Uart2RecvBuff                         0x200004cc   Data         100  usart.o(.bss)
    UART1_RX_RFQ                             0x20000530   Data        2068  usart.o(.bss)
    UART2_RX_RFQ                             0x20000d44   Data        2068  usart.o(.bss)
    huart4                                   0x20001558   Data         148  usart.o(.bss)
    huart5                                   0x200015ec   Data         148  usart.o(.bss)
    huart1                                   0x20001680   Data         148  usart.o(.bss)
    huart2                                   0x20001714   Data         148  usart.o(.bss)
    huart3                                   0x200017a8   Data         148  usart.o(.bss)
    hdma_uart4_rx                            0x2000183c   Data          96  usart.o(.bss)
    hdma_uart4_tx                            0x2000189c   Data          96  usart.o(.bss)
    hdma_uart5_rx                            0x200018fc   Data          96  usart.o(.bss)
    hdma_uart5_tx                            0x2000195c   Data          96  usart.o(.bss)
    hdma_usart1_rx                           0x200019bc   Data          96  usart.o(.bss)
    hdma_usart1_tx                           0x20001a1c   Data          96  usart.o(.bss)
    hdma_usart2_rx                           0x20001a7c   Data          96  usart.o(.bss)
    hdma_usart2_tx                           0x20001adc   Data          96  usart.o(.bss)
    hdma_usart3_rx                           0x20001b3c   Data          96  usart.o(.bss)
    hdma_usart3_tx                           0x20001b9c   Data          96  usart.o(.bss)
    __initial_sp                             0x20002000   Data           0  startup_stm32g474xx.o(STACK)



==============================================================================

Memory Map of the image

  Image Entry point : 0x080001d9

  Load Region LR_IROM1 (Base: 0x08000000, Size: 0x00008164, Max: 0x00080000, ABSOLUTE)

    Execution Region ER_IROM1 (Exec base: 0x08000000, Load base: 0x08000000, Size: 0x0000810c, Max: 0x00080000, ABSOLUTE)

    Exec Addr    Load Addr    Size         Type   Attr      Idx    E Section Name        Object

    0x08000000   0x08000000   0x000001d8   Data   RO            3    RESET               startup_stm32g474xx.o
    0x080001d8   0x080001d8   0x00000000   Code   RO         5957  * .ARM.Collect$$$$00000000  mc_w.l(entry.o)
    0x080001d8   0x080001d8   0x00000004   Code   RO         6239    .ARM.Collect$$$$00000001  mc_w.l(entry2.o)
    0x080001dc   0x080001dc   0x00000004   Code   RO         6242    .ARM.Collect$$$$00000004  mc_w.l(entry5.o)
    0x080001e0   0x080001e0   0x00000000   Code   RO         6244    .ARM.Collect$$$$00000008  mc_w.l(entry7b.o)
    0x080001e0   0x080001e0   0x00000000   Code   RO         6246    .ARM.Collect$$$$0000000A  mc_w.l(entry8b.o)
    0x080001e0   0x080001e0   0x00000008   Code   RO         6247    .ARM.Collect$$$$0000000B  mc_w.l(entry9a.o)
    0x080001e8   0x080001e8   0x00000004   Code   RO         6254    .ARM.Collect$$$$0000000E  mc_w.l(entry12b.o)
    0x080001ec   0x080001ec   0x00000000   Code   RO         6249    .ARM.Collect$$$$0000000F  mc_w.l(entry10a.o)
    0x080001ec   0x080001ec   0x00000000   Code   RO         6251    .ARM.Collect$$$$00000011  mc_w.l(entry11a.o)
    0x080001ec   0x080001ec   0x00000004   Code   RO         6240    .ARM.Collect$$$$00002712  mc_w.l(entry2.o)
    0x080001f0   0x080001f0   0x00000024   Code   RO            4    .text               startup_stm32g474xx.o
    0x08000214   0x08000214   0x00000062   Code   RO         5960    .text               mc_w.l(uldiv.o)
    0x08000276   0x08000276   0x00000024   Code   RO         5962    .text               mc_w.l(memcpya.o)
    0x0800029a   0x0800029a   0x00000024   Code   RO         5964    .text               mc_w.l(memseta.o)
    0x080002be   0x080002be   0x0000014e   Code   RO         6229    .text               mf_w.l(dadd.o)
    0x0800040c   0x0800040c   0x000000de   Code   RO         6231    .text               mf_w.l(ddiv.o)
    0x080004ea   0x080004ea   0x00000026   Code   RO         6235    .text               mf_w.l(f2d.o)
    0x08000510   0x08000510   0x0000002c   Code   RO         6256    .text               mc_w.l(uidiv.o)
    0x0800053c   0x0800053c   0x0000001e   Code   RO         6258    .text               mc_w.l(llshl.o)
    0x0800055a   0x0800055a   0x00000020   Code   RO         6260    .text               mc_w.l(llushr.o)
    0x0800057a   0x0800057a   0x00000024   Code   RO         6262    .text               mc_w.l(llsshr.o)
    0x0800059e   0x0800059e   0x00000000   Code   RO         6264    .text               mc_w.l(iusefp.o)
    0x0800059e   0x0800059e   0x000000ba   Code   RO         6267    .text               mf_w.l(depilogue.o)
    0x08000658   0x08000658   0x000000e4   Code   RO         6269    .text               mf_w.l(dmul.o)
    0x0800073c   0x0800073c   0x00000030   Code   RO         6271    .text               mf_w.l(dfixul.o)
    0x0800076c   0x0800076c   0x00000030   Code   RO         6273    .text               mf_w.l(cdrcmple.o)
    0x0800079c   0x0800079c   0x00000024   Code   RO         6275    .text               mc_w.l(init.o)
    0x080007c0   0x080007c0   0x00000092   Code   RO         1143    i.ADC_DMAConvCplt   stm32g4xx_hal_adc.o
    0x08000852   0x08000852   0x0000001e   Code   RO         1144    i.ADC_DMAError      stm32g4xx_hal_adc.o
    0x08000870   0x08000870   0x0000000e   Code   RO         1145    i.ADC_DMAHalfConvCplt  stm32g4xx_hal_adc.o
    0x0800087e   0x0800087e   0x00000002   PAD
    0x08000880   0x08000880   0x000000e0   Code   RO         1147    i.ADC_Enable        stm32g4xx_hal_adc.o
    0x08000960   0x08000960   0x00000018   Code   RO          537    i.ADC_GetMotorVol   adc.o
    0x08000978   0x08000978   0x00000004   Code   RO          919    i.BusFault_Handler  stm32g4xx_it.o
    0x0800097c   0x0800097c   0x00000010   Code   RO          920    i.DMA1_Channel1_IRQHandler  stm32g4xx_it.o
    0x0800098c   0x0800098c   0x00000010   Code   RO          921    i.DMA1_Channel2_IRQHandler  stm32g4xx_it.o
    0x0800099c   0x0800099c   0x00000010   Code   RO          922    i.DMA1_Channel3_IRQHandler  stm32g4xx_it.o
    0x080009ac   0x080009ac   0x00000010   Code   RO          923    i.DMA1_Channel4_IRQHandler  stm32g4xx_it.o
    0x080009bc   0x080009bc   0x00000010   Code   RO          924    i.DMA1_Channel5_IRQHandler  stm32g4xx_it.o
    0x080009cc   0x080009cc   0x00000010   Code   RO          925    i.DMA1_Channel6_IRQHandler  stm32g4xx_it.o
    0x080009dc   0x080009dc   0x00000010   Code   RO          926    i.DMA1_Channel7_IRQHandler  stm32g4xx_it.o
    0x080009ec   0x080009ec   0x00000010   Code   RO          927    i.DMA1_Channel8_IRQHandler  stm32g4xx_it.o
    0x080009fc   0x080009fc   0x00000010   Code   RO          928    i.DMA2_Channel1_IRQHandler  stm32g4xx_it.o
    0x08000a0c   0x08000a0c   0x00000010   Code   RO          929    i.DMA2_Channel2_IRQHandler  stm32g4xx_it.o
    0x08000a1c   0x08000a1c   0x00000010   Code   RO          930    i.DMA2_Channel3_IRQHandler  stm32g4xx_it.o
    0x08000a2c   0x08000a2c   0x00000010   Code   RO          931    i.DMA2_Channel4_IRQHandler  stm32g4xx_it.o
    0x08000a3c   0x08000a3c   0x00000044   Code   RO         2586    i.DMA_CalcDMAMUXChannelBaseAndMask  stm32g4xx_hal_dma.o
    0x08000a80   0x08000a80   0x00000024   Code   RO         2587    i.DMA_CalcDMAMUXRequestGenBaseAndMask  stm32g4xx_hal_dma.o
    0x08000aa4   0x08000aa4   0x00000040   Code   RO         2588    i.DMA_SetConfig     stm32g4xx_hal_dma.o
    0x08000ae4   0x08000ae4   0x00000002   Code   RO          932    i.DebugMon_Handler  stm32g4xx_it.o
    0x08000ae6   0x08000ae6   0x00000044   Code   RO          301    i.EncoderProtocol_CalcCRC8  motor_service.o
    0x08000b2a   0x08000b2a   0x00000076   Code   RO          302    i.EncoderProtocol_ParseFrame  motor_service.o
    0x08000ba0   0x08000ba0   0x0000003c   Code   RO          303    i.EncoderProtocol_ReadMotor  motor_service.o
    0x08000bdc   0x08000bdc   0x0000003c   Code   RO          304    i.EncoderProtocol_ReadOutputShaft  motor_service.o
    0x08000c18   0x08000c18   0x0000003c   Code   RO          305    i.EncoderProtocol_ReadSwingArm  motor_service.o
    0x08000c54   0x08000c54   0x00000094   Code   RO          306    i.EncoderSpeed_Calc  motor_service.o
    0x08000ce8   0x08000ce8   0x0000001c   Code   RO          307    i.EncoderSpeed_CalcMotor  motor_service.o
    0x08000d04   0x08000d04   0x0000001c   Code   RO          308    i.EncoderSpeed_CalcOutputShaft  motor_service.o
    0x08000d20   0x08000d20   0x0000001c   Code   RO          309    i.EncoderSpeed_CalcSwingArm  motor_service.o
    0x08000d3c   0x08000d3c   0x00000006   Code   RO          446    i.Error_Handler     main.o
    0x08000d42   0x08000d42   0x00000002   PAD
    0x08000d44   0x08000d44   0x000001b8   Code   RO         1447    i.HAL_ADCEx_MultiModeConfigChannel  stm32g4xx_hal_adc_ex.o
    0x08000efc   0x08000efc   0x00000574   Code   RO         1149    i.HAL_ADC_ConfigChannel  stm32g4xx_hal_adc.o
    0x08001470   0x08001470   0x00000002   Code   RO         1150    i.HAL_ADC_ConvCpltCallback  stm32g4xx_hal_adc.o
    0x08001472   0x08001472   0x00000002   Code   RO         1151    i.HAL_ADC_ConvHalfCpltCallback  stm32g4xx_hal_adc.o
    0x08001474   0x08001474   0x00000002   Code   RO         1153    i.HAL_ADC_ErrorCallback  stm32g4xx_hal_adc.o
    0x08001476   0x08001476   0x00000002   PAD
    0x08001478   0x08001478   0x000002b8   Code   RO         1158    i.HAL_ADC_Init      stm32g4xx_hal_adc.o
    0x08001730   0x08001730   0x000001a4   Code   RO          541    i.HAL_ADC_MspInit   adc.o
    0x080018d4   0x080018d4   0x00000158   Code   RO         1166    i.HAL_ADC_Start_DMA  stm32g4xx_hal_adc.o
    0x08001a2c   0x08001a2c   0x00000070   Code   RO         3317    i.HAL_CRCEx_Polynomial_Set  stm32g4xx_hal_crc_ex.o
    0x08001a9c   0x08001a9c   0x00000084   Code   RO         3251    i.HAL_CRC_Init      stm32g4xx_hal_crc.o
    0x08001b20   0x08001b20   0x00000030   Code   RO          607    i.HAL_CRC_MspInit   crc.o
    0x08001b50   0x08001b50   0x00000076   Code   RO         2589    i.HAL_DMA_Abort     stm32g4xx_hal_dma.o
    0x08001bc6   0x08001bc6   0x00000094   Code   RO         2590    i.HAL_DMA_Abort_IT  stm32g4xx_hal_dma.o
    0x08001c5a   0x08001c5a   0x000000fe   Code   RO         2594    i.HAL_DMA_IRQHandler  stm32g4xx_hal_dma.o
    0x08001d58   0x08001d58   0x000000d0   Code   RO         2595    i.HAL_DMA_Init      stm32g4xx_hal_dma.o
    0x08001e28   0x08001e28   0x000000c2   Code   RO         2599    i.HAL_DMA_Start_IT  stm32g4xx_hal_dma.o
    0x08001eea   0x08001eea   0x00000002   PAD
    0x08001eec   0x08001eec   0x000001cc   Code   RO         2451    i.HAL_GPIO_Init     stm32g4xx_hal_gpio.o
    0x080020b8   0x080020b8   0x0000000a   Code   RO         2455    i.HAL_GPIO_WritePin  stm32g4xx_hal_gpio.o
    0x080020c2   0x080020c2   0x00000002   PAD
    0x080020c4   0x080020c4   0x0000000c   Code   RO         1680    i.HAL_GetTick       stm32g4xx_hal.o
    0x080020d0   0x080020d0   0x00000148   Code   RO         3352    i.HAL_HRTIM_ADCPostScalerConfig  stm32g4xx_hal_hrtim.o
    0x08002218   0x08002218   0x0000026e   Code   RO         3353    i.HAL_HRTIM_ADCTriggerConfig  stm32g4xx_hal_hrtim.o
    0x08002486   0x08002486   0x00000002   Code   RO         3359    i.HAL_HRTIM_BurstModePeriodCallback  stm32g4xx_hal_hrtim.o
    0x08002488   0x08002488   0x00000002   Code   RO         3361    i.HAL_HRTIM_Capture1EventCallback  stm32g4xx_hal_hrtim.o
    0x0800248a   0x0800248a   0x00000002   Code   RO         3362    i.HAL_HRTIM_Capture2EventCallback  stm32g4xx_hal_hrtim.o
    0x0800248c   0x0800248c   0x000000fc   Code   RO          672    i.HAL_HRTIM_Compare1EventCallback  hrtim.o
    0x08002588   0x08002588   0x00000002   Code   RO         3365    i.HAL_HRTIM_Compare2EventCallback  stm32g4xx_hal_hrtim.o
    0x0800258a   0x0800258a   0x00000002   Code   RO         3366    i.HAL_HRTIM_Compare3EventCallback  stm32g4xx_hal_hrtim.o
    0x0800258c   0x0800258c   0x00000002   Code   RO         3367    i.HAL_HRTIM_Compare4EventCallback  stm32g4xx_hal_hrtim.o
    0x0800258e   0x0800258e   0x00000002   Code   RO         3368    i.HAL_HRTIM_CounterResetCallback  stm32g4xx_hal_hrtim.o
    0x08002590   0x08002590   0x00000002   Code   RO         3369    i.HAL_HRTIM_DLLCalibrationReadyCallback  stm32g4xx_hal_hrtim.o
    0x08002592   0x08002592   0x00000080   Code   RO         3370    i.HAL_HRTIM_DLLCalibrationStart  stm32g4xx_hal_hrtim.o
    0x08002612   0x08002612   0x00000002   Code   RO         3374    i.HAL_HRTIM_DelayedProtectionCallback  stm32g4xx_hal_hrtim.o
    0x08002614   0x08002614   0x00000002   Code   RO         3382    i.HAL_HRTIM_Fault1Callback  stm32g4xx_hal_hrtim.o
    0x08002616   0x08002616   0x00000002   Code   RO         3383    i.HAL_HRTIM_Fault2Callback  stm32g4xx_hal_hrtim.o
    0x08002618   0x08002618   0x00000002   Code   RO         3384    i.HAL_HRTIM_Fault3Callback  stm32g4xx_hal_hrtim.o
    0x0800261a   0x0800261a   0x00000002   Code   RO         3385    i.HAL_HRTIM_Fault4Callback  stm32g4xx_hal_hrtim.o
    0x0800261c   0x0800261c   0x00000002   Code   RO         3386    i.HAL_HRTIM_Fault5Callback  stm32g4xx_hal_hrtim.o
    0x0800261e   0x0800261e   0x00000002   Code   RO         3387    i.HAL_HRTIM_Fault6Callback  stm32g4xx_hal_hrtim.o
    0x08002620   0x08002620   0x00000028   Code   RO         3402    i.HAL_HRTIM_IRQHandler  stm32g4xx_hal_hrtim.o
    0x08002648   0x08002648   0x0000010c   Code   RO         3403    i.HAL_HRTIM_Init    stm32g4xx_hal_hrtim.o
    0x08002754   0x08002754   0x00000054   Code   RO          674    i.HAL_HRTIM_MspInit  hrtim.o
    0x080027a8   0x080027a8   0x0000005c   Code   RO          675    i.HAL_HRTIM_MspPostInit  hrtim.o
    0x08002804   0x08002804   0x00000002   Code   RO         3406    i.HAL_HRTIM_Output1ResetCallback  stm32g4xx_hal_hrtim.o
    0x08002806   0x08002806   0x00000002   Code   RO         3407    i.HAL_HRTIM_Output1SetCallback  stm32g4xx_hal_hrtim.o
    0x08002808   0x08002808   0x00000002   Code   RO         3408    i.HAL_HRTIM_Output2ResetCallback  stm32g4xx_hal_hrtim.o
    0x0800280a   0x0800280a   0x00000002   Code   RO         3409    i.HAL_HRTIM_Output2SetCallback  stm32g4xx_hal_hrtim.o
    0x0800280c   0x0800280c   0x0000004a   Code   RO         3412    i.HAL_HRTIM_PollForDLLCalibration  stm32g4xx_hal_hrtim.o
    0x08002856   0x08002856   0x00000002   Code   RO         3413    i.HAL_HRTIM_RegistersUpdateCallback  stm32g4xx_hal_hrtim.o
    0x08002858   0x08002858   0x00000002   Code   RO         3414    i.HAL_HRTIM_RepetitionEventCallback  stm32g4xx_hal_hrtim.o
    0x0800285a   0x0800285a   0x00000002   Code   RO         3452    i.HAL_HRTIM_SynchronizationEventCallback  stm32g4xx_hal_hrtim.o
    0x0800285c   0x0800285c   0x00000002   Code   RO         3453    i.HAL_HRTIM_SystemFaultCallback  stm32g4xx_hal_hrtim.o
    0x0800285e   0x0800285e   0x0000003a   Code   RO         3454    i.HAL_HRTIM_TimeBaseConfig  stm32g4xx_hal_hrtim.o
    0x08002898   0x08002898   0x000001f8   Code   RO         3460    i.HAL_HRTIM_WaveformCompareConfig  stm32g4xx_hal_hrtim.o
    0x08002a90   0x08002a90   0x0000003c   Code   RO         3461    i.HAL_HRTIM_WaveformCountStart  stm32g4xx_hal_hrtim.o
    0x08002acc   0x08002acc   0x000000a4   Code   RO         3463    i.HAL_HRTIM_WaveformCountStart_IT  stm32g4xx_hal_hrtim.o
    0x08002b70   0x08002b70   0x00000054   Code   RO         3469    i.HAL_HRTIM_WaveformOutputConfig  stm32g4xx_hal_hrtim.o
    0x08002bc4   0x08002bc4   0x00000040   Code   RO         3470    i.HAL_HRTIM_WaveformOutputStart  stm32g4xx_hal_hrtim.o
    0x08002c04   0x08002c04   0x000000d8   Code   RO         3473    i.HAL_HRTIM_WaveformTimerConfig  stm32g4xx_hal_hrtim.o
    0x08002cdc   0x08002cdc   0x00000054   Code   RO         3474    i.HAL_HRTIM_WaveformTimerControl  stm32g4xx_hal_hrtim.o
    0x08002d30   0x08002d30   0x00000018   Code   RO         1686    i.HAL_IncTick       stm32g4xx_hal.o
    0x08002d48   0x08002d48   0x0000001e   Code   RO         1687    i.HAL_Init          stm32g4xx_hal.o
    0x08002d66   0x08002d66   0x00000002   PAD
    0x08002d68   0x08002d68   0x00000058   Code   RO         1688    i.HAL_InitTick      stm32g4xx_hal.o
    0x08002dc0   0x08002dc0   0x00000044   Code   RO         1118    i.HAL_MspInit       stm32g4xx_hal_msp.o
    0x08002e04   0x08002e04   0x00000028   Code   RO         3100    i.HAL_NVIC_EnableIRQ  stm32g4xx_hal_cortex.o
    0x08002e2c   0x08002e2c   0x0000007a   Code   RO         3106    i.HAL_NVIC_SetPriority  stm32g4xx_hal_cortex.o
    0x08002ea6   0x08002ea6   0x00000002   PAD
    0x08002ea8   0x08002ea8   0x00000028   Code   RO         3107    i.HAL_NVIC_SetPriorityGrouping  stm32g4xx_hal_cortex.o
    0x08002ed0   0x08002ed0   0x00000118   Code   RO         2854    i.HAL_PWREx_ControlVoltageScaling  stm32g4xx_hal_pwr_ex.o
    0x08002fe8   0x08002fe8   0x00000014   Code   RO         2866    i.HAL_PWREx_DisableUCPDDeadBattery  stm32g4xx_hal_pwr_ex.o
    0x08002ffc   0x08002ffc   0x00000418   Code   RO         2052    i.HAL_RCCEx_PeriphCLKConfig  stm32g4xx_hal_rcc_ex.o
    0x08003414   0x08003414   0x00000224   Code   RO         1922    i.HAL_RCC_ClockConfig  stm32g4xx_hal_rcc.o
    0x08003638   0x08003638   0x0000000c   Code   RO         1928    i.HAL_RCC_GetHCLKFreq  stm32g4xx_hal_rcc.o
    0x08003644   0x08003644   0x00000024   Code   RO         1930    i.HAL_RCC_GetPCLK1Freq  stm32g4xx_hal_rcc.o
    0x08003668   0x08003668   0x00000024   Code   RO         1931    i.HAL_RCC_GetPCLK2Freq  stm32g4xx_hal_rcc.o
    0x0800368c   0x0800368c   0x00000098   Code   RO         1932    i.HAL_RCC_GetSysClockFreq  stm32g4xx_hal_rcc.o
    0x08003724   0x08003724   0x0000055c   Code   RO         1935    i.HAL_RCC_OscConfig  stm32g4xx_hal_rcc.o
    0x08003c80   0x08003c80   0x00000034   Code   RO         3111    i.HAL_SYSTICK_Config  stm32g4xx_hal_cortex.o
    0x08003cb4   0x08003cb4   0x00000002   Code   RO         4946    i.HAL_TIMEx_Break2Callback  stm32g4xx_hal_tim_ex.o
    0x08003cb6   0x08003cb6   0x00000002   Code   RO         4947    i.HAL_TIMEx_BreakCallback  stm32g4xx_hal_tim_ex.o
    0x08003cb8   0x08003cb8   0x00000002   Code   RO         4948    i.HAL_TIMEx_CommutCallback  stm32g4xx_hal_tim_ex.o
    0x08003cba   0x08003cba   0x00000002   Code   RO         4959    i.HAL_TIMEx_DirectionChangeCallback  stm32g4xx_hal_tim_ex.o
    0x08003cbc   0x08003cbc   0x00000002   Code   RO         4973    i.HAL_TIMEx_EncoderIndexCallback  stm32g4xx_hal_tim_ex.o
    0x08003cbe   0x08003cbe   0x00000002   Code   RO         4987    i.HAL_TIMEx_IndexErrorCallback  stm32g4xx_hal_tim_ex.o
    0x08003cc0   0x08003cc0   0x000000d8   Code   RO         4988    i.HAL_TIMEx_MasterConfigSynchronization  stm32g4xx_hal_tim_ex.o
    0x08003d98   0x08003d98   0x00000002   Code   RO         5009    i.HAL_TIMEx_TransitionErrorCallback  stm32g4xx_hal_tim_ex.o
    0x08003d9a   0x08003d9a   0x0000006e   Code   RO         4221    i.HAL_TIM_Base_Init  stm32g4xx_hal_tim.o
    0x08003e08   0x08003e08   0x00000044   Code   RO          760    i.HAL_TIM_Base_MspInit  tim.o
    0x08003e4c   0x08003e4c   0x000000b4   Code   RO         4226    i.HAL_TIM_Base_Start_IT  stm32g4xx_hal_tim.o
    0x08003f00   0x08003f00   0x0000013c   Code   RO         4230    i.HAL_TIM_ConfigClockSource  stm32g4xx_hal_tim.o
    0x0800403c   0x0800403c   0x00000002   Code   RO         4255    i.HAL_TIM_IC_CaptureCallback  stm32g4xx_hal_tim.o
    0x0800403e   0x0800403e   0x00000220   Code   RO         4269    i.HAL_TIM_IRQHandler  stm32g4xx_hal_tim.o
    0x0800425e   0x0800425e   0x00000002   Code   RO         4272    i.HAL_TIM_OC_DelayElapsedCallback  stm32g4xx_hal_tim.o
    0x08004260   0x08004260   0x00000002   Code   RO         4299    i.HAL_TIM_PWM_PulseFinishedCallback  stm32g4xx_hal_tim.o
    0x08004262   0x08004262   0x00000002   Code   RO          761    i.HAL_TIM_PeriodElapsedCallback  tim.o
    0x08004264   0x08004264   0x00000002   Code   RO         4312    i.HAL_TIM_TriggerCallback  stm32g4xx_hal_tim.o
    0x08004266   0x08004266   0x0000004e   Code   RO         5800    i.HAL_UARTEx_DisableFifoMode  stm32g4xx_hal_uart_ex.o
    0x080042b4   0x080042b4   0x00000006   Code   RO         5804    i.HAL_UARTEx_GetRxEventType  stm32g4xx_hal_uart_ex.o
    0x080042ba   0x080042ba   0x00000062   Code   RO         5806    i.HAL_UARTEx_ReceiveToIdle_DMA  stm32g4xx_hal_uart_ex.o
    0x0800431c   0x0800431c   0x0000001a   Code   RO          808    i.HAL_UARTEx_RxEventCallback  usart.o
    0x08004336   0x08004336   0x00000002   Code   RO         5808    i.HAL_UARTEx_RxFifoFullCallback  stm32g4xx_hal_uart_ex.o
    0x08004338   0x08004338   0x0000005e   Code   RO         5809    i.HAL_UARTEx_SetRxFifoThreshold  stm32g4xx_hal_uart_ex.o
    0x08004396   0x08004396   0x0000005e   Code   RO         5810    i.HAL_UARTEx_SetTxFifoThreshold  stm32g4xx_hal_uart_ex.o
    0x080043f4   0x080043f4   0x00000002   Code   RO         5812    i.HAL_UARTEx_TxFifoEmptyCallback  stm32g4xx_hal_uart_ex.o
    0x080043f6   0x080043f6   0x00000002   Code   RO         5813    i.HAL_UARTEx_WakeupCallback  stm32g4xx_hal_uart_ex.o
    0x080043f8   0x080043f8   0x00000002   Code   RO         5400    i.HAL_UART_ErrorCallback  stm32g4xx_hal_uart.o
    0x080043fa   0x080043fa   0x00000002   PAD
    0x080043fc   0x080043fc   0x000003d0   Code   RO         5403    i.HAL_UART_IRQHandler  stm32g4xx_hal_uart.o
    0x080047cc   0x080047cc   0x00000078   Code   RO         5404    i.HAL_UART_Init     stm32g4xx_hal_uart.o
    0x08004844   0x08004844   0x00000574   Code   RO          810    i.HAL_UART_MspInit  usart.o
    0x08004db8   0x08004db8   0x00000002   Code   RO         5411    i.HAL_UART_RxCpltCallback  stm32g4xx_hal_uart.o
    0x08004dba   0x08004dba   0x00000002   Code   RO         5412    i.HAL_UART_RxHalfCpltCallback  stm32g4xx_hal_uart.o
    0x08004dbc   0x08004dbc   0x000000c2   Code   RO         5413    i.HAL_UART_Transmit  stm32g4xx_hal_uart.o
    0x08004e7e   0x08004e7e   0x00000002   PAD
    0x08004e80   0x08004e80   0x000000a0   Code   RO         5414    i.HAL_UART_Transmit_DMA  stm32g4xx_hal_uart.o
    0x08004f20   0x08004f20   0x00000002   Code   RO         5416    i.HAL_UART_TxCpltCallback  stm32g4xx_hal_uart.o
    0x08004f22   0x08004f22   0x00000002   Code   RO         5417    i.HAL_UART_TxHalfCpltCallback  stm32g4xx_hal_uart.o
    0x08004f24   0x08004f24   0x00000010   Code   RO          933    i.HRTIM1_Master_IRQHandler  stm32g4xx_it.o
    0x08004f34   0x08004f34   0x00000010   Code   RO          934    i.HRTIM1_TIMB_IRQHandler  stm32g4xx_it.o
    0x08004f44   0x08004f44   0x00000094   Code   RO         3481    i.HRTIM_ForceRegistersUpdate  stm32g4xx_hal_hrtim.o
    0x08004fd8   0x08004fd8   0x000000c8   Code   RO         3485    i.HRTIM_HRTIM_ISR   stm32g4xx_hal_hrtim.o
    0x080050a0   0x080050a0   0x00000028   Code   RO         3486    i.HRTIM_MasterBase_Config  stm32g4xx_hal_hrtim.o
    0x080050c8   0x080050c8   0x0000009e   Code   RO         3487    i.HRTIM_MasterWaveform_Config  stm32g4xx_hal_hrtim.o
    0x08005166   0x08005166   0x0000011a   Code   RO         3488    i.HRTIM_Master_ISR  stm32g4xx_hal_hrtim.o
    0x08005280   0x08005280   0x00000106   Code   RO         3489    i.HRTIM_OutputConfig  stm32g4xx_hal_hrtim.o
    0x08005386   0x08005386   0x000001ee   Code   RO         3491    i.HRTIM_Timer_ISR   stm32g4xx_hal_hrtim.o
    0x08005574   0x08005574   0x00000040   Code   RO         3492    i.HRTIM_TimingUnitBase_Config  stm32g4xx_hal_hrtim.o
    0x080055b4   0x080055b4   0x0000024c   Code   RO         3494    i.HRTIM_TimingUnitWaveform_Config  stm32g4xx_hal_hrtim.o
    0x08005800   0x08005800   0x0000005a   Code   RO         3495    i.HRTIM_TimingUnitWaveform_Control  stm32g4xx_hal_hrtim.o
    0x0800585a   0x0800585a   0x00000004   Code   RO          935    i.HardFault_Handler  stm32g4xx_it.o
    0x0800585e   0x0800585e   0x00000002   PAD
    0x08005860   0x08005860   0x00000010   Code   RO         1172    i.LL_ADC_Enable     stm32g4xx_hal_adc.o
    0x08005870   0x08005870   0x0000000a   Code   RO         1173    i.LL_ADC_GetCommonPathInternalCh  stm32g4xx_hal_adc.o
    0x0800587a   0x0800587a   0x0000000a   Code   RO         1175    i.LL_ADC_GetMultimode  stm32g4xx_hal_adc.o
    0x08005884   0x08005884   0x00000012   Code   RO         1176    i.LL_ADC_GetOffsetChannel  stm32g4xx_hal_adc.o
    0x08005896   0x08005896   0x0000000a   Code   RO         1177    i.LL_ADC_INJ_IsConversionOngoing  stm32g4xx_hal_adc.o
    0x080058a0   0x080058a0   0x0000000a   Code   RO         1179    i.LL_ADC_IsEnabled  stm32g4xx_hal_adc.o
    0x080058aa   0x080058aa   0x0000000a   Code   RO         1460    i.LL_ADC_IsEnabled  stm32g4xx_hal_adc_ex.o
    0x080058b4   0x080058b4   0x0000000a   Code   RO         1180    i.LL_ADC_IsInternalRegulatorEnabled  stm32g4xx_hal_adc.o
    0x080058be   0x080058be   0x0000000a   Code   RO         1181    i.LL_ADC_REG_IsConversionOngoing  stm32g4xx_hal_adc.o
    0x080058c8   0x080058c8   0x0000000a   Code   RO         1461    i.LL_ADC_REG_IsConversionOngoing  stm32g4xx_hal_adc_ex.o
    0x080058d2   0x080058d2   0x00000012   Code   RO         1182    i.LL_ADC_REG_IsTriggerSourceSWStart  stm32g4xx_hal_adc.o
    0x080058e4   0x080058e4   0x00000010   Code   RO         1183    i.LL_ADC_REG_StartConversion  stm32g4xx_hal_adc.o
    0x080058f4   0x080058f4   0x00000028   Code   RO         1185    i.LL_ADC_SetChannelSamplingTime  stm32g4xx_hal_adc.o
    0x0800591c   0x0800591c   0x0000000c   Code   RO         1186    i.LL_ADC_SetCommonPathInternalCh  stm32g4xx_hal_adc.o
    0x08005928   0x08005928   0x00000016   Code   RO         1187    i.LL_ADC_SetOffsetState  stm32g4xx_hal_adc.o
    0x0800593e   0x0800593e   0x0000000c   Code   RO         1188    i.LL_ADC_SetSamplingTimeCommonConfig  stm32g4xx_hal_adc.o
    0x0800594a   0x0800594a   0x00000002   PAD
    0x0800594c   0x0800594c   0x000000bc   Code   RO          542    i.MX_ADC1_Init      adc.o
    0x08005a08   0x08005a08   0x000000a4   Code   RO          543    i.MX_ADC2_Init      adc.o
    0x08005aac   0x08005aac   0x00000040   Code   RO          608    i.MX_CRC_Init       crc.o
    0x08005aec   0x08005aec   0x00000118   Code   RO          648    i.MX_DMA_Init       dma.o
    0x08005c04   0x08005c04   0x000000e8   Code   RO          513    i.MX_GPIO_Init      gpio.o
    0x08005cec   0x08005cec   0x00000260   Code   RO          676    i.MX_HRTIM1_Init    hrtim.o
    0x08005f4c   0x08005f4c   0x0000007c   Code   RO          762    i.MX_TIM1_Init      tim.o
    0x08005fc8   0x08005fc8   0x0000007c   Code   RO          811    i.MX_UART4_Init     usart.o
    0x08006044   0x08006044   0x0000007c   Code   RO          812    i.MX_UART5_Init     usart.o
    0x080060c0   0x080060c0   0x00000084   Code   RO          813    i.MX_USART1_UART_Init  usart.o
    0x08006144   0x08006144   0x00000084   Code   RO          814    i.MX_USART2_UART_Init  usart.o
    0x080061c8   0x080061c8   0x00000078   Code   RO          815    i.MX_USART3_UART_Init  usart.o
    0x08006240   0x08006240   0x00000004   Code   RO          936    i.MemManage_Handler  stm32g4xx_it.o
    0x08006244   0x08006244   0x00000018   Code   RO          816    i.MotorEncoder_GetData  usart.o
    0x0800625c   0x0800625c   0x000000d8   Code   RO          311    i.MotorService_GetFeedbackData  motor_service.o
    0x08006334   0x08006334   0x0000003c   Code   RO          312    i.MotorService_GetMotorCurrent  motor_service.o
    0x08006370   0x08006370   0x00000048   Code   RO          313    i.MotorService_GetMotorVoltage  motor_service.o
    0x080063b8   0x080063b8   0x00000016   Code   RO          314    i.MotorService_InitMotor  motor_service.o
    0x080063ce   0x080063ce   0x0000000c   Code   RO          315    i.MotorService_MapEncoderResult  motor_service.o
    0x080063da   0x080063da   0x00000002   PAD
    0x080063dc   0x080063dc   0x0000004c   Code   RO          316    i.MotorService_SetDutyCycle  motor_service.o
    0x08006428   0x08006428   0x00000004   Code   RO          937    i.NMI_Handler       stm32g4xx_it.o
    0x0800642c   0x0800642c   0x00000018   Code   RO          817    i.OutputShaftEncoder_GetData  usart.o
    0x08006444   0x08006444   0x00000024   Code   RO          677    i.PWM_DirControl    hrtim.o
    0x08006468   0x08006468   0x00000024   Code   RO          678    i.PWM_Enable        hrtim.o
    0x0800648c   0x0800648c   0x00000028   Code   RO          679    i.PWM_Set_TargePulse  hrtim.o
    0x080064b4   0x080064b4   0x00000002   Code   RO          938    i.PendSV_Handler    stm32g4xx_it.o
    0x080064b6   0x080064b6   0x00000002   PAD
    0x080064b8   0x080064b8   0x00000068   Code   RO         1936    i.RCC_GetSysClockFreqFromPLLSource  stm32g4xx_hal_rcc.o
    0x08006520   0x08006520   0x00000016   Code   RO           10    i.RFQ_Init          ringframequeue.o
    0x08006536   0x08006536   0x00000058   Code   RO           12    i.RFQ_Pop           ringframequeue.o
    0x0800658e   0x0800658e   0x00000002   Code   RO          939    i.SVC_Handler       stm32g4xx_it.o
    0x08006590   0x08006590   0x000000ca   Code   RO          194    i.SimulinkProtocol_AssembleFeedbackFrame  simulink_protocol.o
    0x0800665a   0x0800665a   0x00000044   Code   RO          195    i.SimulinkProtocol_CalcCRC16  simulink_protocol.o
    0x0800669e   0x0800669e   0x00000002   PAD
    0x080066a0   0x080066a0   0x00000008   Code   RO          197    i.SimulinkProtocol_GetFeedbackTxBuffer  simulink_protocol.o
    0x080066a8   0x080066a8   0x000000cc   Code   RO          199    i.SimulinkProtocol_PackFeedback  simulink_protocol.o
    0x08006774   0x08006774   0x00000008   Code   RO          200    i.SimulinkProtocol_PackInt16LE  simulink_protocol.o
    0x0800677c   0x0800677c   0x00000010   Code   RO          201    i.SimulinkProtocol_PackInt32LE  simulink_protocol.o
    0x0800678c   0x0800678c   0x000000c8   Code   RO          202    i.SimulinkProtocol_ParseControlFrame  simulink_protocol.o
    0x08006854   0x08006854   0x0000003a   Code   RO          203    i.SimulinkProtocol_UnpackControl  simulink_protocol.o
    0x0800688e   0x0800688e   0x0000000e   Code   RO          204    i.SimulinkProtocol_UnpackInt16LE  simulink_protocol.o
    0x0800689c   0x0800689c   0x00000064   Code   RO          818    i.Simulink_ControlFrame_GetData  usart.o
    0x08006900   0x08006900   0x0000002c   Code   RO          819    i.Simulink_Feedback_Send  usart.o
    0x0800692c   0x0800692c   0x00000050   Code   RO          414    i.StateMachine_MainLoop  state_machine.o
    0x0800697c   0x0800697c   0x00000018   Code   RO          820    i.SwingArmEncoder_GetData  usart.o
    0x08006994   0x08006994   0x00000008   Code   RO          940    i.SysTick_Handler   stm32g4xx_it.o
    0x0800699c   0x0800699c   0x0000006a   Code   RO          447    i.SystemClock_Config  main.o
    0x08006a06   0x08006a06   0x00000002   PAD
    0x08006a08   0x08006a08   0x00000014   Code   RO         5924    i.SystemInit        system_stm32g4xx.o
    0x08006a1c   0x08006a1c   0x00000010   Code   RO          941    i.TIM1_UP_TIM16_IRQHandler  stm32g4xx_it.o
    0x08006a2c   0x08006a2c   0x000000f0   Code   RO         4314    i.TIM_Base_SetConfig  stm32g4xx_hal_tim.o
    0x08006b1c   0x08006b1c   0x00000016   Code   RO         4325    i.TIM_ETR_SetConfig  stm32g4xx_hal_tim.o
    0x08006b32   0x08006b32   0x00000002   PAD
    0x08006b34   0x08006b34   0x00000018   Code   RO         4326    i.TIM_ITRx_SetConfig  stm32g4xx_hal_tim.o
    0x08006b4c   0x08006b4c   0x00000026   Code   RO         4334    i.TIM_TI1_ConfigInputStage  stm32g4xx_hal_tim.o
    0x08006b72   0x08006b72   0x00000028   Code   RO         4336    i.TIM_TI2_ConfigInputStage  stm32g4xx_hal_tim.o
    0x08006b9a   0x08006b9a   0x00000002   PAD
    0x08006b9c   0x08006b9c   0x00000010   Code   RO          942    i.UART4_IRQHandler  stm32g4xx_it.o
    0x08006bac   0x08006bac   0x00000010   Code   RO          943    i.UART5_IRQHandler  stm32g4xx_it.o
    0x08006bbc   0x08006bbc   0x00000058   Code   RO         5814    i.UARTEx_SetNbDataToProcess  stm32g4xx_hal_uart_ex.o
    0x08006c14   0x08006c14   0x000000f8   Code   RO         5418    i.UART_AdvFeatureConfig  stm32g4xx_hal_uart.o
    0x08006d0c   0x08006d0c   0x000000ea   Code   RO         5419    i.UART_CheckIdleState  stm32g4xx_hal_uart.o
    0x08006df6   0x08006df6   0x00000014   Code   RO         5420    i.UART_DMAAbortOnError  stm32g4xx_hal_uart.o
    0x08006e0a   0x08006e0a   0x0000005e   Code   RO         5421    i.UART_DMAError     stm32g4xx_hal_uart.o
    0x08006e68   0x08006e68   0x000000b4   Code   RO         5422    i.UART_DMAReceiveCplt  stm32g4xx_hal_uart.o
    0x08006f1c   0x08006f1c   0x00000026   Code   RO         5424    i.UART_DMARxHalfCplt  stm32g4xx_hal_uart.o
    0x08006f42   0x08006f42   0x00000056   Code   RO         5426    i.UART_DMATransmitCplt  stm32g4xx_hal_uart.o
    0x08006f98   0x08006f98   0x0000000e   Code   RO         5428    i.UART_DMATxHalfCplt  stm32g4xx_hal_uart.o
    0x08006fa6   0x08006fa6   0x00000002   PAD
    0x08006fa8   0x08006fa8   0x0000006c   Code   RO         5430    i.UART_EndRxTransfer  stm32g4xx_hal_uart.o
    0x08007014   0x08007014   0x00000030   Code   RO         5431    i.UART_EndTransmit_IT  stm32g4xx_hal_uart.o
    0x08007044   0x08007044   0x00000040   Code   RO         5432    i.UART_EndTxTransfer  stm32g4xx_hal_uart.o
    0x08007084   0x08007084   0x000003c8   Code   RO         5437    i.UART_SetConfig    stm32g4xx_hal_uart.o
    0x0800744c   0x0800744c   0x000000c8   Code   RO         5438    i.UART_Start_Receive_DMA  stm32g4xx_hal_uart.o
    0x08007514   0x08007514   0x000000ac   Code   RO         5444    i.UART_WaitOnFlagUntilTimeout  stm32g4xx_hal_uart.o
    0x080075c0   0x080075c0   0x00000010   Code   RO          944    i.USART1_IRQHandler  stm32g4xx_it.o
    0x080075d0   0x080075d0   0x00000010   Code   RO          945    i.USART2_IRQHandler  stm32g4xx_it.o
    0x080075e0   0x080075e0   0x00000010   Code   RO          946    i.USART3_IRQHandler  stm32g4xx_it.o
    0x080075f0   0x080075f0   0x00000004   Code   RO          947    i.UsageFault_Handler  stm32g4xx_it.o
    0x080075f4   0x080075f4   0x0000006c   Code   RO          681    i.User_Func_SetPulse  hrtim.o
    0x08007660   0x08007660   0x00000020   Code   RO         6201    i.__0printf         mc_w.l(printfa.o)
    0x08007680   0x08007680   0x00000010   Code   RO         3113    i.__NVIC_GetPriorityGrouping  stm32g4xx_hal_cortex.o
    0x08007690   0x08007690   0x00000028   Code   RO         3114    i.__NVIC_SetPriority  stm32g4xx_hal_cortex.o
    0x080076b8   0x080076b8   0x0000000e   Code   RO         6279    i.__scatterload_copy  mc_w.l(handlers.o)
    0x080076c6   0x080076c6   0x00000002   Code   RO         6280    i.__scatterload_null  mc_w.l(handlers.o)
    0x080076c8   0x080076c8   0x0000000e   Code   RO         6281    i.__scatterload_zeroinit  mc_w.l(handlers.o)
    0x080076d6   0x080076d6   0x00000002   PAD
    0x080076d8   0x080076d8   0x00000184   Code   RO         6208    i._fp_digits        mc_w.l(printfa.o)
    0x0800785c   0x0800785c   0x000006b4   Code   RO         6209    i._printf_core      mc_w.l(printfa.o)
    0x08007f10   0x08007f10   0x00000024   Code   RO         6210    i._printf_post_padding  mc_w.l(printfa.o)
    0x08007f34   0x08007f34   0x0000002e   Code   RO         6211    i._printf_pre_padding  mc_w.l(printfa.o)
    0x08007f62   0x08007f62   0x00000002   PAD
    0x08007f64   0x08007f64   0x0000001c   Code   RO           52    i.fputc             debug.o
    0x08007f80   0x08007f80   0x00000114   Code   RO          449    i.main              main.o
    0x08008094   0x08008094   0x00000018   Data   RO          452    .constdata          main.o
    0x080080ac   0x080080ac   0x00000018   Data   RO         5445    .constdata          stm32g4xx_hal_uart.o
    0x080080c4   0x080080c4   0x00000010   Data   RO         5816    .constdata          stm32g4xx_hal_uart_ex.o
    0x080080d4   0x080080d4   0x00000018   Data   RO         5925    .constdata          system_stm32g4xx.o
    0x080080ec   0x080080ec   0x00000020   Data   RO         6277    Region$$Table       anon$$obj.o


    Execution Region RW_IRAM1 (Exec base: 0x20000000, Load base: 0x0800810c, Size: 0x00002000, Max: 0x00020000, ABSOLUTE)

    Exec Addr    Load Addr    Size         Type   Attr      Idx    E Section Name        Object

    0x20000000   0x0800810c   0x00000010   Data   RW          546    .data               adc.o
    0x20000010   0x0800811c   0x00000003   Data   RW          684    .data               hrtim.o
    0x20000013   0x0800811f   0x00000013   Data   RW          822    .data               usart.o
    0x20000026   0x08008132   0x00000002   PAD
    0x20000028   0x08008134   0x0000000c   Data   RW         1707    .data               stm32g4xx_hal.o
    0x20000034   0x08008140   0x0000001c   Data   RW         3496    .data               stm32g4xx_hal_hrtim.o
    0x20000050   0x0800815c   0x00000004   Data   RW         5926    .data               system_stm32g4xx.o
    0x20000054   0x08008160   0x00000004   Data   RW         6255    .data               mc_w.l(stdout.o)
    0x20000058        -       0x00000020   Zero   RW          207    .bss                simulink_protocol.o
    0x20000078        -       0x00000198   Zero   RW          544    .bss                adc.o
    0x20000210        -       0x00000024   Zero   RW          609    .bss                crc.o
    0x20000234        -       0x000000fc   Zero   RW          682    .bss                hrtim.o
    0x20000330        -       0x0000004c   Zero   RW          763    .bss                tim.o
    0x2000037c        -       0x00001880   Zero   RW          821    .bss                usart.o
    0x20001bfc   0x08008164   0x00000004   PAD
    0x20001c00        -       0x00000400   Zero   RW            1    STACK               startup_stm32g474xx.o


==============================================================================

Image component sizes


      Code (inc. data)   RO Data    RW Data    ZI Data      Debug   Object Name

       796         66          0         16        408       3829   adc.o
       112         16          0          0         36       1611   crc.o
        28          6          0          0          0    1041213   debug.o
       280          4          0          0          0        966   dma.o
       232         12          0          0          0       1063   gpio.o
      1256        172          0          3        252       6335   hrtim.o
       388        120         24          0          0       2500   main.o
      1056         66          0          0          0      13064   motor_service.o
       110          0          0          0          0       6861   ringframequeue.o
       778         14          0          0         32       9164   simulink_protocol.o
        36          8        472          0       1024        860   startup_stm32g474xx.o
        80          0          0          0          0        636   state_machine.o
       154         28          0         12          0       3825   stm32g4xx_hal.o
      3070        174          0          0          0      84821   stm32g4xx_hal_adc.o
       460         26          0          0          0      69263   stm32g4xx_hal_adc_ex.o
       310         22          0          0          0      34539   stm32g4xx_hal_cortex.o
       132          4          0          0          0       1179   stm32g4xx_hal_crc.o
       112          0          0          0          0       1271   stm32g4xx_hal_crc_ex.o
      1090         22          0          0          0       6518   stm32g4xx_hal_dma.o
       470         32          0          0          0       2124   stm32g4xx_hal_gpio.o
      5066         36          0         28          0      37135   stm32g4xx_hal_hrtim.o
        68          6          0          0          0        902   stm32g4xx_hal_msp.o
       300         18          0          0          0       1457   stm32g4xx_hal_pwr_ex.o
      2260        106          0          0          0       7440   stm32g4xx_hal_rcc.o
      1048         10          0          0          0       2032   stm32g4xx_hal_rcc_ex.o
      1522         88          0          0          0      10347   stm32g4xx_hal_tim.o
       230         34          0          0          0       5776   stm32g4xx_hal_tim_ex.o
      3934        110         24          0          0      38802   stm32g4xx_hal_uart.o
       464         10         16          0          0       7221   stm32g4xx_hal_uart_ex.o
       354        116          0          0          0      15051   stm32g4xx_it.o
        20          6         24          4          0       1199   system_stm32g4xx.o
       194         20          0          0         76       2318   tim.o
      2270        212          0         19       6272      11834   usart.o

    ----------------------------------------------------------------------
     28716       1564        592         84       8104    1433156   Object Totals
         0          0         32          0          0          0   (incl. Generated)
        36          0          0          2          4          0   (incl. Padding)

    ----------------------------------------------------------------------

      Code (inc. data)   RO Data    RW Data    ZI Data      Debug   Library Member Name

         0          0          0          0          0          0   entry.o
         0          0          0          0          0          0   entry10a.o
         0          0          0          0          0          0   entry11a.o
         4          0          0          0          0          0   entry12b.o
         8          4          0          0          0          0   entry2.o
         4          0          0          0          0          0   entry5.o
         0          0          0          0          0          0   entry7b.o
         0          0          0          0          0          0   entry8b.o
         8          4          0          0          0          0   entry9a.o
        30          0          0          0          0          0   handlers.o
        36          8          0          0          0         68   init.o
         0          0          0          0          0          0   iusefp.o
        30          0          0          0          0         68   llshl.o
        36          0          0          0          0         68   llsshr.o
        32          0          0          0          0         68   llushr.o
        36          0          0          0          0         68   memcpya.o
        36          0          0          0          0        108   memseta.o
      2218         90          0          0          0        464   printfa.o
         0          0          0          4          0          0   stdout.o
        44          0          0          0          0         80   uidiv.o
        98          0          0          0          0         92   uldiv.o
        48          0          0          0          0         68   cdrcmple.o
       334          0          0          0          0        148   dadd.o
       222          0          0          0          0        100   ddiv.o
       186          0          0          0          0        176   depilogue.o
        48          0          0          0          0         68   dfixul.o
       228          0          0          0          0         96   dmul.o
        38          0          0          0          0         68   f2d.o

    ----------------------------------------------------------------------
      3728        106          0          4          0       1808   Library Totals
         4          0          0          0          0          0   (incl. Padding)

    ----------------------------------------------------------------------

      Code (inc. data)   RO Data    RW Data    ZI Data      Debug   Library Name

      2620        106          0          4          0       1084   mc_w.l
      1104          0          0          0          0        724   mf_w.l

    ----------------------------------------------------------------------
      3728        106          0          4          0       1808   Library Totals

    ----------------------------------------------------------------------

==============================================================================


      Code (inc. data)   RO Data    RW Data    ZI Data      Debug   

     32444       1670        592         88       8104    1409684   Grand Totals
     32444       1670        592         88       8104    1409684   ELF Image Totals
     32444       1670        592         88          0          0   ROM Totals

==============================================================================

    Total RO  Size (Code + RO Data)                33036 (  32.26kB)
    Total RW  Size (RW Data + ZI Data)              8192 (   8.00kB)
    Total ROM Size (Code + RO Data + RW Data)      33124 (  32.35kB)

==============================================================================

